Build started 10/2/2025 5:11:43 AM.
     0>Terminal Logger was not used because the output is being redirected to a file.
       Process = "C:\Program Files\dotnet\dotnet.exe"
       MSBuild executable path = "C:\Program Files\dotnet\sdk\9.0.302\MSBuild.dll"
       Command line arguments = "C:\Program Files\dotnet\sdk\9.0.302\MSBuild.dll -maxcpucount -verbosity:m -tlp:default=auto -nologo -restore -consoleloggerparameters:Summary -verbosity:detailed ProSheetsAddin.csproj -distributedlogger:Microsoft.DotNet.Tools.MSBuild.MSBuildLogger,C:\Program Files\dotnet\sdk\9.0.302\dotnet.dll*Microsoft.DotNet.Tools.MSBuild.MSBuildForwardingLogger,C:\Program Files\dotnet\sdk\9.0.302\dotnet.dll"
       Current directory = "C:\Users\quoc.nguyen\Downloads\Compressed\source-code-full-1\Source code full\RevitAPIMEP\Export\Export"
       MSBuild version = "17.14.13+65391c53b"
       Based on the Windows registry key LongPathsEnabled, the LongPaths feature is disabled.
       Based on the Windows registry key VerifiedAndReputablePolicyState, SAC state = 0: turned off.
       C:\Users\quoc.nguyen\Downloads\Compressed\source-code-full-1\Source code full\RevitAPIMEP\Export\Export\ProSheetsAddin.csproj(3,92): message : Property 'MSBuildExtensionsPath' with value 'C:\Program Files\dotnet\sdk\9.0.302\' expanded from the environment.
       C:\Program Files\dotnet\sdk\9.0.302\Current\Microsoft.Common.props(60,5): message : Property reassignment: $(MSBuildProjectExtensionsPath)="C:\Users\quoc.nguyen\Downloads\Compressed\source-code-full-1\Source code full\RevitAPIMEP\Export\Export\obj\" (previous value: "obj\") at C:\Program Files\dotnet\sdk\9.0.302\Current\Microsoft.Common.props (60,5)
       C:\Program Files\dotnet\sdk\9.0.302\Current\Microsoft.Common.props(84,119): message : Property 'MSBuildUserExtensionsPath' with value 'C:\Users\quoc.nguyen\AppData\Local\Microsoft\MSBuild' expanded from the environment.
       C:\Program Files\dotnet\sdk\9.0.302\Roslyn\Microsoft.CSharp.Core.targets(200,5): message : Property reassignment: $(CommandLineArgsForDesignTimeEvaluation)="-langversion:7.3 -define:DEBUG;TRACE" (previous value: "-langversion:7.3") at C:\Program Files\dotnet\sdk\9.0.302\Roslyn\Microsoft.CSharp.Core.targets (200,5)
       Assembly loaded during Evaluation: NuGet.Versioning, Version=6.14.0.116, Culture=neutral, PublicKeyToken=31bf3856ad364e35 (location: C:\Program Files\dotnet\sdk\9.0.302\NuGet.Versioning.dll, MVID: ecae64d3-0ef8-4164-9110-1e65ba08bca4, AssemblyLoadContext: Default)
       C:\Program Files\dotnet\sdk\9.0.302\Microsoft.NETFramework.CurrentVersion.props(117,5): message : Property reassignment: $(AvailablePlatforms)="Any CPU,x86,x64,ARM64" (previous value: "Any CPU,x86,x64") at C:\Program Files\dotnet\sdk\9.0.302\Microsoft.NETFramework.CurrentVersion.props (117,5)
       Assembly loaded during Evaluation: Microsoft.Build.Utilities.Core, Version=15.1.0.0, Culture=neutral, PublicKeyToken=b03f5f7f11d50a3a (location: C:\Program Files\dotnet\sdk\9.0.302\Microsoft.Build.Utilities.Core.dll, MVID: 2000cbb9-9145-4991-a19a-93118dd860c2, AssemblyLoadContext: Default)
       C:\Program Files\dotnet\sdk\9.0.302\Microsoft.Common.CurrentVersion.targets(175,5): message : Property reassignment: $(_DebugSymbolsProduced)="true" (previous value: "false") at C:\Program Files\dotnet\sdk\9.0.302\Microsoft.Common.CurrentVersion.targets (175,5)
       C:\Program Files\dotnet\sdk\9.0.302\Microsoft.Common.CurrentVersion.targets(185,5): message : Property reassignment: $(_DocumentationFileProduced)="false" (previous value: "true") at C:\Program Files\dotnet\sdk\9.0.302\Microsoft.Common.CurrentVersion.targets (185,5)
       C:\Program Files\dotnet\sdk\9.0.302\Microsoft.Common.CurrentVersion.targets(392,5): message : Property reassignment: $(MSBuildCopyMarkerName)="ProSheet.F522D3D8" (previous value: "ProSheetsAddin.csproj") at C:\Program Files\dotnet\sdk\9.0.302\Microsoft.Common.CurrentVersion.targets (392,5)
       C:\Program Files\dotnet\sdk\9.0.302\Microsoft.Common.CurrentVersion.targets(393,5): message : Property reassignment: $(MSBuildCopyMarkerName)="ProSheet.F522D3D8.Up2Date" (previous value: "ProSheet.F522D3D8") at C:\Program Files\dotnet\sdk\9.0.302\Microsoft.Common.CurrentVersion.targets (393,5)
       C:\Program Files\dotnet\sdk\9.0.302\Microsoft.Common.CurrentVersion.targets(528,5): message : Property reassignment: $(ProcessorArchitecture)="amd64" (previous value: "x64") at C:\Program Files\dotnet\sdk\9.0.302\Microsoft.Common.CurrentVersion.targets (528,5)
       C:\Program Files\dotnet\sdk\9.0.302\Microsoft.Common.CurrentVersion.targets(580,5): message : Property reassignment: $(DelaySign)="" (previous value: "false") at C:\Program Files\dotnet\sdk\9.0.302\Microsoft.Common.CurrentVersion.targets (580,5)
       C:\Program Files\dotnet\sdk\9.0.302\Microsoft.Common.CurrentVersion.targets(649,5): message : Property reassignment: $(AssemblySearchPaths)="{CandidateAssemblyFiles};" (previous value: "{CandidateAssemblyFiles}") at C:\Program Files\dotnet\sdk\9.0.302\Microsoft.Common.CurrentVersion.targets (649,5)
       C:\Program Files\dotnet\sdk\9.0.302\Microsoft.Common.CurrentVersion.targets(650,5): message : Property reassignment: $(AssemblySearchPaths)="{CandidateAssemblyFiles};;{HintPathFromItem}" (previous value: "{CandidateAssemblyFiles};") at C:\Program Files\dotnet\sdk\9.0.302\Microsoft.Common.CurrentVersion.targets (650,5)
       C:\Program Files\dotnet\sdk\9.0.302\Microsoft.Common.CurrentVersion.targets(651,5): message : Property reassignment: $(AssemblySearchPaths)="{CandidateAssemblyFiles};;{HintPathFromItem};{TargetFrameworkDirectory}" (previous value: "{CandidateAssemblyFiles};;{HintPathFromItem}") at C:\Program Files\dotnet\sdk\9.0.302\Microsoft.Common.CurrentVersion.targets (651,5)
       C:\Program Files\dotnet\sdk\9.0.302\Microsoft.Common.CurrentVersion.targets(652,5): message : Property reassignment: $(AssemblySearchPaths)="{CandidateAssemblyFiles};;{HintPathFromItem};{TargetFrameworkDirectory};" (previous value: "{CandidateAssemblyFiles};;{HintPathFromItem};{TargetFrameworkDirectory}") at C:\Program Files\dotnet\sdk\9.0.302\Microsoft.Common.CurrentVersion.targets (652,5)
       C:\Program Files\dotnet\sdk\9.0.302\Microsoft.Common.CurrentVersion.targets(653,5): message : Property reassignment: $(AssemblySearchPaths)="{CandidateAssemblyFiles};;{HintPathFromItem};{TargetFrameworkDirectory};;{Registry:Software\Microsoft\.NETFramework,v4.8,AssemblyFoldersEx}" (previous value: "{CandidateAssemblyFiles};;{HintPathFromItem};{TargetFrameworkDirectory};") at C:\Program Files\dotnet\sdk\9.0.302\Microsoft.Common.CurrentVersion.targets (653,5)
       C:\Program Files\dotnet\sdk\9.0.302\Microsoft.Common.CurrentVersion.targets(654,5): message : Property reassignment: $(AssemblySearchPaths)="{CandidateAssemblyFiles};;{HintPathFromItem};{TargetFrameworkDirectory};;{Registry:Software\Microsoft\.NETFramework,v4.8,AssemblyFoldersEx};{AssemblyFolders}" (previous value: "{CandidateAssemblyFiles};;{HintPathFromItem};{TargetFrameworkDirectory};;{Registry:Software\Microsoft\.NETFramework,v4.8,AssemblyFoldersEx}") at C:\Program Files\dotnet\sdk\9.0.302\Microsoft.Common.CurrentVersion.targets (654,5)
       C:\Program Files\dotnet\sdk\9.0.302\Microsoft.Common.CurrentVersion.targets(655,5): message : Property reassignment: $(AssemblySearchPaths)="{CandidateAssemblyFiles};;{HintPathFromItem};{TargetFrameworkDirectory};;{Registry:Software\Microsoft\.NETFramework,v4.8,AssemblyFoldersEx};{AssemblyFolders};{GAC}" (previous value: "{CandidateAssemblyFiles};;{HintPathFromItem};{TargetFrameworkDirectory};;{Registry:Software\Microsoft\.NETFramework,v4.8,AssemblyFoldersEx};{AssemblyFolders}") at C:\Program Files\dotnet\sdk\9.0.302\Microsoft.Common.CurrentVersion.targets (655,5)
       C:\Program Files\dotnet\sdk\9.0.302\Microsoft.Common.CurrentVersion.targets(656,5): message : Property reassignment: $(AssemblySearchPaths)="{CandidateAssemblyFiles};;{HintPathFromItem};{TargetFrameworkDirectory};;{Registry:Software\Microsoft\.NETFramework,v4.8,AssemblyFoldersEx};{AssemblyFolders};{GAC};{RawFileName}" (previous value: "{CandidateAssemblyFiles};;{HintPathFromItem};{TargetFrameworkDirectory};;{Registry:Software\Microsoft\.NETFramework,v4.8,AssemblyFoldersEx};{AssemblyFolders};{GAC}") at C:\Program Files\dotnet\sdk\9.0.302\Microsoft.Common.CurrentVersion.targets (656,5)
       C:\Program Files\dotnet\sdk\9.0.302\Microsoft.Common.CurrentVersion.targets(657,5): message : Property reassignment: $(AssemblySearchPaths)="{CandidateAssemblyFiles};;{HintPathFromItem};{TargetFrameworkDirectory};;{Registry:Software\Microsoft\.NETFramework,v4.8,AssemblyFoldersEx};{AssemblyFolders};{GAC};{RawFileName};bin\Debug\" (previous value: "{CandidateAssemblyFiles};;{HintPathFromItem};{TargetFrameworkDirectory};;{Registry:Software\Microsoft\.NETFramework,v4.8,AssemblyFoldersEx};{AssemblyFolders};{GAC};{RawFileName}") at C:\Program Files\dotnet\sdk\9.0.302\Microsoft.Common.CurrentVersion.targets (657,5)
       C:\Program Files\dotnet\sdk\9.0.302\Microsoft.Common.CurrentVersion.targets(2620,5): message : Property 'LOCALAPPDATA' with value 'C:\Users\quoc.nguyen\AppData\Local' expanded from the environment.
       C:\Program Files\dotnet\sdk\9.0.302\Microsoft.Common.CurrentVersion.targets(3948,5): message : Property reassignment: $(_SGenGenerateSerializationAssembliesConfig)="Auto" (previous value: "") at C:\Program Files\dotnet\sdk\9.0.302\Microsoft.Common.CurrentVersion.targets (3948,5)
       C:\Program Files\dotnet\sdk\9.0.302\Microsoft.Common.CurrentVersion.targets(3949,5): message : Property reassignment: $(_SGenGenerateSerializationAssembliesConfig)="Off" (previous value: "Auto") at C:\Program Files\dotnet\sdk\9.0.302\Microsoft.Common.CurrentVersion.targets (3949,5)
       C:\Program Files\dotnet\sdk\9.0.302\Microsoft.Common.CurrentVersion.targets(5160,5): message : Property reassignment: $(_TargetsThatPrepareProjectReferences)="
       C:\Program Files\dotnet\sdk\9.0.302\Microsoft.Common.CurrentVersion.targets(5160,5): message :       AssignProjectConfiguration;
       C:\Program Files\dotnet\sdk\9.0.302\Microsoft.Common.CurrentVersion.targets(5160,5): message :       _SplitProjectReferencesByFileExistence
       C:\Program Files\dotnet\sdk\9.0.302\Microsoft.Common.CurrentVersion.targets(5160,5): message :     " (previous value: "_SplitProjectReferencesByFileExistence") at C:\Program Files\dotnet\sdk\9.0.302\Microsoft.Common.CurrentVersion.targets (5160,5)
       C:\Program Files\dotnet\sdk\9.0.302\Microsoft.Common.CurrentVersion.targets(6955,5): message : Property 'MSBuildExtensionsPath32' with value 'C:\Program Files\dotnet\sdk\9.0.302' expanded from the environment.
       C:\Program Files\dotnet\sdk\9.0.302\Microsoft.NETFramework.CurrentVersion.targets(74,5): message : Property reassignment: $(ResolveReferencesDependsOn)="
       C:\Program Files\dotnet\sdk\9.0.302\Microsoft.NETFramework.CurrentVersion.targets(74,5): message :       
       C:\Program Files\dotnet\sdk\9.0.302\Microsoft.NETFramework.CurrentVersion.targets(74,5): message :       BeforeResolveReferences;
       C:\Program Files\dotnet\sdk\9.0.302\Microsoft.NETFramework.CurrentVersion.targets(74,5): message :       AssignProjectConfiguration;
       C:\Program Files\dotnet\sdk\9.0.302\Microsoft.NETFramework.CurrentVersion.targets(74,5): message :       ResolveProjectReferences;
       C:\Program Files\dotnet\sdk\9.0.302\Microsoft.NETFramework.CurrentVersion.targets(74,5): message :       FindInvalidProjectReferences;
       C:\Program Files\dotnet\sdk\9.0.302\Microsoft.NETFramework.CurrentVersion.targets(74,5): message :       ResolveNativeReferences;
       C:\Program Files\dotnet\sdk\9.0.302\Microsoft.NETFramework.CurrentVersion.targets(74,5): message :       ResolveAssemblyReferences;
       C:\Program Files\dotnet\sdk\9.0.302\Microsoft.NETFramework.CurrentVersion.targets(74,5): message :       GenerateBindingRedirects;
       C:\Program Files\dotnet\sdk\9.0.302\Microsoft.NETFramework.CurrentVersion.targets(74,5): message :       GenerateBindingRedirectsUpdateAppConfig;
       C:\Program Files\dotnet\sdk\9.0.302\Microsoft.NETFramework.CurrentVersion.targets(74,5): message :       ResolveComReferences;
       C:\Program Files\dotnet\sdk\9.0.302\Microsoft.NETFramework.CurrentVersion.targets(74,5): message :       AfterResolveReferences
       C:\Program Files\dotnet\sdk\9.0.302\Microsoft.NETFramework.CurrentVersion.targets(74,5): message :     ;
       C:\Program Files\dotnet\sdk\9.0.302\Microsoft.NETFramework.CurrentVersion.targets(74,5): message :       ImplicitlyExpandDesignTimeFacades
       C:\Program Files\dotnet\sdk\9.0.302\Microsoft.NETFramework.CurrentVersion.targets(74,5): message :     " (previous value: "
       C:\Program Files\dotnet\sdk\9.0.302\Microsoft.NETFramework.CurrentVersion.targets(74,5): message :       BeforeResolveReferences;
       C:\Program Files\dotnet\sdk\9.0.302\Microsoft.NETFramework.CurrentVersion.targets(74,5): message :       AssignProjectConfiguration;
       C:\Program Files\dotnet\sdk\9.0.302\Microsoft.NETFramework.CurrentVersion.targets(74,5): message :       ResolveProjectReferences;
       C:\Program Files\dotnet\sdk\9.0.302\Microsoft.NETFramework.CurrentVersion.targets(74,5): message :       FindInvalidProjectReferences;
       C:\Program Files\dotnet\sdk\9.0.302\Microsoft.NETFramework.CurrentVersion.targets(74,5): message :       ResolveNativeReferences;
       C:\Program Files\dotnet\sdk\9.0.302\Microsoft.NETFramework.CurrentVersion.targets(74,5): message :       ResolveAssemblyReferences;
       C:\Program Files\dotnet\sdk\9.0.302\Microsoft.NETFramework.CurrentVersion.targets(74,5): message :       GenerateBindingRedirects;
       C:\Program Files\dotnet\sdk\9.0.302\Microsoft.NETFramework.CurrentVersion.targets(74,5): message :       GenerateBindingRedirectsUpdateAppConfig;
       C:\Program Files\dotnet\sdk\9.0.302\Microsoft.NETFramework.CurrentVersion.targets(74,5): message :       ResolveComReferences;
       C:\Program Files\dotnet\sdk\9.0.302\Microsoft.NETFramework.CurrentVersion.targets(74,5): message :       AfterResolveReferences
       C:\Program Files\dotnet\sdk\9.0.302\Microsoft.NETFramework.CurrentVersion.targets(74,5): message :     ") at C:\Program Files\dotnet\sdk\9.0.302\Microsoft.NETFramework.CurrentVersion.targets (74,5)
       Assembly loaded during Evaluation: System.Threading.Tasks.Parallel, Version=9.0.0.0, Culture=neutral, PublicKeyToken=b03f5f7f11d50a3a (location: C:\Program Files\dotnet\shared\Microsoft.NETCore.App\9.0.7\System.Threading.Tasks.Parallel.dll, MVID: 4de5d855-9345-49aa-a301-03a826627923, AssemblyLoadContext: Default)
       Assembly loaded during Evaluation: Newtonsoft.Json, Version=13.0.0.0, Culture=neutral, PublicKeyToken=30ad4fe6b2a6aeed (location: C:\Program Files\dotnet\sdk\9.0.302\Newtonsoft.Json.dll, MVID: 7e62198b-eab2-4380-bbac-29171862d1d8, AssemblyLoadContext: Default)
       C:\Users\quoc.nguyen\Downloads\Compressed\source-code-full-1\Source code full\RevitAPIMEP\Export\Export\ProSheetsAddin.csproj(39,7): message : Property 'ProgramW6432' with value 'C:\Program Files' expanded from the environment.
       Assembly loaded during Evaluation: System.Linq.Expressions, Version=9.0.0.0, Culture=neutral, PublicKeyToken=b03f5f7f11d50a3a (location: C:\Program Files\dotnet\shared\Microsoft.NETCore.App\9.0.7\System.Linq.Expressions.dll, MVID: ba26a982-5541-4b5a-ac50-368251c946b4, AssemblyLoadContext: Default)
       Assembly loaded during Evaluation: System.ComponentModel.TypeConverter, Version=9.0.0.0, Culture=neutral, PublicKeyToken=b03f5f7f11d50a3a (location: C:\Program Files\dotnet\shared\Microsoft.NETCore.App\9.0.7\System.ComponentModel.TypeConverter.dll, MVID: 66f489bc-2b76-4513-a660-ee9d53c43fbf, AssemblyLoadContext: Default)
       Assembly loaded during Evaluation: System.ObjectModel, Version=9.0.0.0, Culture=neutral, PublicKeyToken=b03f5f7f11d50a3a (location: C:\Program Files\dotnet\shared\Microsoft.NETCore.App\9.0.7\System.ObjectModel.dll, MVID: d36937f8-9469-418d-a351-aa0584bdeb00, AssemblyLoadContext: Default)
       Assembly loaded during Evaluation: System.Runtime.Numerics, Version=9.0.0.0, Culture=neutral, PublicKeyToken=b03f5f7f11d50a3a (location: C:\Program Files\dotnet\shared\Microsoft.NETCore.App\9.0.7\System.Runtime.Numerics.dll, MVID: 5f1f83ee-024d-416c-b8e1-e4eb970d35ee, AssemblyLoadContext: Default)
       Assembly loaded during Evaluation: System.Runtime.Serialization.Primitives, Version=9.0.0.0, Culture=neutral, PublicKeyToken=b03f5f7f11d50a3a (location: C:\Program Files\dotnet\shared\Microsoft.NETCore.App\9.0.7\System.Runtime.Serialization.Primitives.dll, MVID: 55ab6106-6a46-4e62-a99c-16e7410f07f1, AssemblyLoadContext: Default)
       Assembly loaded during Evaluation: System.Runtime.Serialization.Formatters, Version=8.1.0.0, Culture=neutral, PublicKeyToken=b03f5f7f11d50a3a (location: C:\Program Files\dotnet\shared\Microsoft.NETCore.App\9.0.7\System.Runtime.Serialization.Formatters.dll, MVID: c8633375-059a-4591-b15d-a15924ecccc0, AssemblyLoadContext: Default)
       Assembly loaded during Evaluation: NuGet.Packaging, Version=6.14.0.116, Culture=neutral, PublicKeyToken=31bf3856ad364e35 (location: C:\Program Files\dotnet\sdk\9.0.302\NuGet.Packaging.dll, MVID: cdc50a13-9777-4bbf-997e-763beae18a61, AssemblyLoadContext: Default)
       Overriding target "GetFrameworkPaths" in project "C:\Program Files\dotnet\sdk\9.0.302\Microsoft.Common.CurrentVersion.targets" with target "GetFrameworkPaths" from project "C:\Program Files\dotnet\sdk\9.0.302\Microsoft.NETFramework.CurrentVersion.targets".
       The target "ResolveNuGetPackageAssets" listed in an AfterTargets attribute at "C:\Program Files\dotnet\sdk\9.0.302\Microsoft\Microsoft.NET.Build.Extensions\Microsoft.NET.Build.Extensions.ConflictResolution.targets (27,11)" does not exist in the project, and will be ignored.
     1>Project "C:\Users\quoc.nguyen\Downloads\Compressed\source-code-full-1\Source code full\RevitAPIMEP\Export\Export\ProSheetsAddin.csproj" on node 1 (Restore target(s)).
     1>Project file contains ToolsVersion="15.0". This toolset may be unknown or missing, in which case you may be able to resolve this by installing the appropriate version of MSBuild, or the build may have been forced to a particular ToolsVersion for policy reasons. Treating the project as if it had ToolsVersion="Current". For more information, please see http://go.microsoft.com/fwlink/?LinkId=293424.
     1>Target "_LoadRestoreGraphEntryPoints" in file "C:\Program Files\dotnet\sdk\9.0.302\NuGet.targets" from project "C:\Users\quoc.nguyen\Downloads\Compressed\source-code-full-1\Source code full\RevitAPIMEP\Export\Export\ProSheetsAddin.csproj" (target "_FilterRestoreGraphProjectInputItems" depends on it):
       Task "GetRestoreSolutionProjectsTask" skipped, due to false condition; ( $(MSBuildProjectFullPath.EndsWith('.metaproj')) == 'true' AND @(RestoreGraphProjectInputItems) == '' ) was evaluated as ( False == 'true' AND C:\Users\quoc.nguyen\Downloads\Compressed\source-code-full-1\Source code full\RevitAPIMEP\Export\Export\ProSheetsAddin.csproj == '' ).
     1>Done building target "_LoadRestoreGraphEntryPoints" in project "ProSheetsAddin.csproj".
     1>Target "_FilterRestoreGraphProjectInputItems" in file "C:\Program Files\dotnet\sdk\9.0.302\NuGet.targets" from project "C:\Users\quoc.nguyen\Downloads\Compressed\source-code-full-1\Source code full\RevitAPIMEP\Export\Export\ProSheetsAddin.csproj" (target "_GenerateRestoreGraph" depends on it):
       Using "RemoveDuplicates" task from assembly "Microsoft.Build.Tasks.Core, Version=15.1.0.0, Culture=neutral, PublicKeyToken=b03f5f7f11d50a3a".
       Task "RemoveDuplicates"
       Done executing task "RemoveDuplicates".
       Using "MSBuild" task from assembly "Microsoft.Build.Tasks.Core, Version=15.1.0.0, Culture=neutral, PublicKeyToken=b03f5f7f11d50a3a".
       Task "MSBuild"
         Global Properties:
           ExcludeRestorePackageImports=true
     0>C:\Users\quoc.nguyen\Downloads\Compressed\source-code-full-1\Source code full\RevitAPIMEP\Export\Export\ProSheetsAddin.csproj(3,92): message : Property 'MSBuildExtensionsPath' with value 'C:\Program Files\dotnet\sdk\9.0.302\' expanded from the environment.
       C:\Program Files\dotnet\sdk\9.0.302\Current\Microsoft.Common.props(60,5): message : Property reassignment: $(MSBuildProjectExtensionsPath)="C:\Users\quoc.nguyen\Downloads\Compressed\source-code-full-1\Source code full\RevitAPIMEP\Export\Export\obj\" (previous value: "obj\") at C:\Program Files\dotnet\sdk\9.0.302\Current\Microsoft.Common.props (60,5)
       C:\Program Files\dotnet\sdk\9.0.302\Current\Microsoft.Common.props(84,119): message : Property 'MSBuildUserExtensionsPath' with value 'C:\Users\quoc.nguyen\AppData\Local\Microsoft\MSBuild' expanded from the environment.
       C:\Program Files\dotnet\sdk\9.0.302\Roslyn\Microsoft.CSharp.Core.targets(200,5): message : Property reassignment: $(CommandLineArgsForDesignTimeEvaluation)="-langversion:7.3 -define:DEBUG;TRACE" (previous value: "-langversion:7.3") at C:\Program Files\dotnet\sdk\9.0.302\Roslyn\Microsoft.CSharp.Core.targets (200,5)
       C:\Program Files\dotnet\sdk\9.0.302\Microsoft.NETFramework.CurrentVersion.props(117,5): message : Property reassignment: $(AvailablePlatforms)="Any CPU,x86,x64,ARM64" (previous value: "Any CPU,x86,x64") at C:\Program Files\dotnet\sdk\9.0.302\Microsoft.NETFramework.CurrentVersion.props (117,5)
       C:\Program Files\dotnet\sdk\9.0.302\Microsoft.Common.CurrentVersion.targets(175,5): message : Property reassignment: $(_DebugSymbolsProduced)="true" (previous value: "false") at C:\Program Files\dotnet\sdk\9.0.302\Microsoft.Common.CurrentVersion.targets (175,5)
       C:\Program Files\dotnet\sdk\9.0.302\Microsoft.Common.CurrentVersion.targets(185,5): message : Property reassignment: $(_DocumentationFileProduced)="false" (previous value: "true") at C:\Program Files\dotnet\sdk\9.0.302\Microsoft.Common.CurrentVersion.targets (185,5)
       C:\Program Files\dotnet\sdk\9.0.302\Microsoft.Common.CurrentVersion.targets(392,5): message : Property reassignment: $(MSBuildCopyMarkerName)="ProSheet.F522D3D8" (previous value: "ProSheetsAddin.csproj") at C:\Program Files\dotnet\sdk\9.0.302\Microsoft.Common.CurrentVersion.targets (392,5)
       C:\Program Files\dotnet\sdk\9.0.302\Microsoft.Common.CurrentVersion.targets(393,5): message : Property reassignment: $(MSBuildCopyMarkerName)="ProSheet.F522D3D8.Up2Date" (previous value: "ProSheet.F522D3D8") at C:\Program Files\dotnet\sdk\9.0.302\Microsoft.Common.CurrentVersion.targets (393,5)
       C:\Program Files\dotnet\sdk\9.0.302\Microsoft.Common.CurrentVersion.targets(528,5): message : Property reassignment: $(ProcessorArchitecture)="amd64" (previous value: "x64") at C:\Program Files\dotnet\sdk\9.0.302\Microsoft.Common.CurrentVersion.targets (528,5)
       C:\Program Files\dotnet\sdk\9.0.302\Microsoft.Common.CurrentVersion.targets(580,5): message : Property reassignment: $(DelaySign)="" (previous value: "false") at C:\Program Files\dotnet\sdk\9.0.302\Microsoft.Common.CurrentVersion.targets (580,5)
       C:\Program Files\dotnet\sdk\9.0.302\Microsoft.Common.CurrentVersion.targets(649,5): message : Property reassignment: $(AssemblySearchPaths)="{CandidateAssemblyFiles};" (previous value: "{CandidateAssemblyFiles}") at C:\Program Files\dotnet\sdk\9.0.302\Microsoft.Common.CurrentVersion.targets (649,5)
       C:\Program Files\dotnet\sdk\9.0.302\Microsoft.Common.CurrentVersion.targets(650,5): message : Property reassignment: $(AssemblySearchPaths)="{CandidateAssemblyFiles};;{HintPathFromItem}" (previous value: "{CandidateAssemblyFiles};") at C:\Program Files\dotnet\sdk\9.0.302\Microsoft.Common.CurrentVersion.targets (650,5)
       C:\Program Files\dotnet\sdk\9.0.302\Microsoft.Common.CurrentVersion.targets(651,5): message : Property reassignment: $(AssemblySearchPaths)="{CandidateAssemblyFiles};;{HintPathFromItem};{TargetFrameworkDirectory}" (previous value: "{CandidateAssemblyFiles};;{HintPathFromItem}") at C:\Program Files\dotnet\sdk\9.0.302\Microsoft.Common.CurrentVersion.targets (651,5)
       C:\Program Files\dotnet\sdk\9.0.302\Microsoft.Common.CurrentVersion.targets(652,5): message : Property reassignment: $(AssemblySearchPaths)="{CandidateAssemblyFiles};;{HintPathFromItem};{TargetFrameworkDirectory};" (previous value: "{CandidateAssemblyFiles};;{HintPathFromItem};{TargetFrameworkDirectory}") at C:\Program Files\dotnet\sdk\9.0.302\Microsoft.Common.CurrentVersion.targets (652,5)
       C:\Program Files\dotnet\sdk\9.0.302\Microsoft.Common.CurrentVersion.targets(653,5): message : Property reassignment: $(AssemblySearchPaths)="{CandidateAssemblyFiles};;{HintPathFromItem};{TargetFrameworkDirectory};;{Registry:Software\Microsoft\.NETFramework,v4.8,AssemblyFoldersEx}" (previous value: "{CandidateAssemblyFiles};;{HintPathFromItem};{TargetFrameworkDirectory};") at C:\Program Files\dotnet\sdk\9.0.302\Microsoft.Common.CurrentVersion.targets (653,5)
       C:\Program Files\dotnet\sdk\9.0.302\Microsoft.Common.CurrentVersion.targets(654,5): message : Property reassignment: $(AssemblySearchPaths)="{CandidateAssemblyFiles};;{HintPathFromItem};{TargetFrameworkDirectory};;{Registry:Software\Microsoft\.NETFramework,v4.8,AssemblyFoldersEx};{AssemblyFolders}" (previous value: "{CandidateAssemblyFiles};;{HintPathFromItem};{TargetFrameworkDirectory};;{Registry:Software\Microsoft\.NETFramework,v4.8,AssemblyFoldersEx}") at C:\Program Files\dotnet\sdk\9.0.302\Microsoft.Common.CurrentVersion.targets (654,5)
       C:\Program Files\dotnet\sdk\9.0.302\Microsoft.Common.CurrentVersion.targets(655,5): message : Property reassignment: $(AssemblySearchPaths)="{CandidateAssemblyFiles};;{HintPathFromItem};{TargetFrameworkDirectory};;{Registry:Software\Microsoft\.NETFramework,v4.8,AssemblyFoldersEx};{AssemblyFolders};{GAC}" (previous value: "{CandidateAssemblyFiles};;{HintPathFromItem};{TargetFrameworkDirectory};;{Registry:Software\Microsoft\.NETFramework,v4.8,AssemblyFoldersEx};{AssemblyFolders}") at C:\Program Files\dotnet\sdk\9.0.302\Microsoft.Common.CurrentVersion.targets (655,5)
       C:\Program Files\dotnet\sdk\9.0.302\Microsoft.Common.CurrentVersion.targets(656,5): message : Property reassignment: $(AssemblySearchPaths)="{CandidateAssemblyFiles};;{HintPathFromItem};{TargetFrameworkDirectory};;{Registry:Software\Microsoft\.NETFramework,v4.8,AssemblyFoldersEx};{AssemblyFolders};{GAC};{RawFileName}" (previous value: "{CandidateAssemblyFiles};;{HintPathFromItem};{TargetFrameworkDirectory};;{Registry:Software\Microsoft\.NETFramework,v4.8,AssemblyFoldersEx};{AssemblyFolders};{GAC}") at C:\Program Files\dotnet\sdk\9.0.302\Microsoft.Common.CurrentVersion.targets (656,5)
       C:\Program Files\dotnet\sdk\9.0.302\Microsoft.Common.CurrentVersion.targets(657,5): message : Property reassignment: $(AssemblySearchPaths)="{CandidateAssemblyFiles};;{HintPathFromItem};{TargetFrameworkDirectory};;{Registry:Software\Microsoft\.NETFramework,v4.8,AssemblyFoldersEx};{AssemblyFolders};{GAC};{RawFileName};bin\Debug\" (previous value: "{CandidateAssemblyFiles};;{HintPathFromItem};{TargetFrameworkDirectory};;{Registry:Software\Microsoft\.NETFramework,v4.8,AssemblyFoldersEx};{AssemblyFolders};{GAC};{RawFileName}") at C:\Program Files\dotnet\sdk\9.0.302\Microsoft.Common.CurrentVersion.targets (657,5)
       C:\Program Files\dotnet\sdk\9.0.302\Microsoft.Common.CurrentVersion.targets(2620,5): message : Property 'LOCALAPPDATA' with value 'C:\Users\quoc.nguyen\AppData\Local' expanded from the environment.
       C:\Program Files\dotnet\sdk\9.0.302\Microsoft.Common.CurrentVersion.targets(3948,5): message : Property reassignment: $(_SGenGenerateSerializationAssembliesConfig)="Auto" (previous value: "") at C:\Program Files\dotnet\sdk\9.0.302\Microsoft.Common.CurrentVersion.targets (3948,5)
       C:\Program Files\dotnet\sdk\9.0.302\Microsoft.Common.CurrentVersion.targets(3949,5): message : Property reassignment: $(_SGenGenerateSerializationAssembliesConfig)="Off" (previous value: "Auto") at C:\Program Files\dotnet\sdk\9.0.302\Microsoft.Common.CurrentVersion.targets (3949,5)
       C:\Program Files\dotnet\sdk\9.0.302\Microsoft.Common.CurrentVersion.targets(5160,5): message : Property reassignment: $(_TargetsThatPrepareProjectReferences)="
       C:\Program Files\dotnet\sdk\9.0.302\Microsoft.Common.CurrentVersion.targets(5160,5): message :       AssignProjectConfiguration;
       C:\Program Files\dotnet\sdk\9.0.302\Microsoft.Common.CurrentVersion.targets(5160,5): message :       _SplitProjectReferencesByFileExistence
       C:\Program Files\dotnet\sdk\9.0.302\Microsoft.Common.CurrentVersion.targets(5160,5): message :     " (previous value: "_SplitProjectReferencesByFileExistence") at C:\Program Files\dotnet\sdk\9.0.302\Microsoft.Common.CurrentVersion.targets (5160,5)
       C:\Program Files\dotnet\sdk\9.0.302\Microsoft.Common.CurrentVersion.targets(6955,5): message : Property 'MSBuildExtensionsPath32' with value 'C:\Program Files\dotnet\sdk\9.0.302' expanded from the environment.
       C:\Program Files\dotnet\sdk\9.0.302\Microsoft.NETFramework.CurrentVersion.targets(74,5): message : Property reassignment: $(ResolveReferencesDependsOn)="
       C:\Program Files\dotnet\sdk\9.0.302\Microsoft.NETFramework.CurrentVersion.targets(74,5): message :       
       C:\Program Files\dotnet\sdk\9.0.302\Microsoft.NETFramework.CurrentVersion.targets(74,5): message :       BeforeResolveReferences;
       C:\Program Files\dotnet\sdk\9.0.302\Microsoft.NETFramework.CurrentVersion.targets(74,5): message :       AssignProjectConfiguration;
       C:\Program Files\dotnet\sdk\9.0.302\Microsoft.NETFramework.CurrentVersion.targets(74,5): message :       ResolveProjectReferences;
       C:\Program Files\dotnet\sdk\9.0.302\Microsoft.NETFramework.CurrentVersion.targets(74,5): message :       FindInvalidProjectReferences;
       C:\Program Files\dotnet\sdk\9.0.302\Microsoft.NETFramework.CurrentVersion.targets(74,5): message :       ResolveNativeReferences;
       C:\Program Files\dotnet\sdk\9.0.302\Microsoft.NETFramework.CurrentVersion.targets(74,5): message :       ResolveAssemblyReferences;
       C:\Program Files\dotnet\sdk\9.0.302\Microsoft.NETFramework.CurrentVersion.targets(74,5): message :       GenerateBindingRedirects;
       C:\Program Files\dotnet\sdk\9.0.302\Microsoft.NETFramework.CurrentVersion.targets(74,5): message :       GenerateBindingRedirectsUpdateAppConfig;
       C:\Program Files\dotnet\sdk\9.0.302\Microsoft.NETFramework.CurrentVersion.targets(74,5): message :       ResolveComReferences;
       C:\Program Files\dotnet\sdk\9.0.302\Microsoft.NETFramework.CurrentVersion.targets(74,5): message :       AfterResolveReferences
       C:\Program Files\dotnet\sdk\9.0.302\Microsoft.NETFramework.CurrentVersion.targets(74,5): message :     ;
       C:\Program Files\dotnet\sdk\9.0.302\Microsoft.NETFramework.CurrentVersion.targets(74,5): message :       ImplicitlyExpandDesignTimeFacades
       C:\Program Files\dotnet\sdk\9.0.302\Microsoft.NETFramework.CurrentVersion.targets(74,5): message :     " (previous value: "
       C:\Program Files\dotnet\sdk\9.0.302\Microsoft.NETFramework.CurrentVersion.targets(74,5): message :       BeforeResolveReferences;
       C:\Program Files\dotnet\sdk\9.0.302\Microsoft.NETFramework.CurrentVersion.targets(74,5): message :       AssignProjectConfiguration;
       C:\Program Files\dotnet\sdk\9.0.302\Microsoft.NETFramework.CurrentVersion.targets(74,5): message :       ResolveProjectReferences;
       C:\Program Files\dotnet\sdk\9.0.302\Microsoft.NETFramework.CurrentVersion.targets(74,5): message :       FindInvalidProjectReferences;
       C:\Program Files\dotnet\sdk\9.0.302\Microsoft.NETFramework.CurrentVersion.targets(74,5): message :       ResolveNativeReferences;
       C:\Program Files\dotnet\sdk\9.0.302\Microsoft.NETFramework.CurrentVersion.targets(74,5): message :       ResolveAssemblyReferences;
       C:\Program Files\dotnet\sdk\9.0.302\Microsoft.NETFramework.CurrentVersion.targets(74,5): message :       GenerateBindingRedirects;
       C:\Program Files\dotnet\sdk\9.0.302\Microsoft.NETFramework.CurrentVersion.targets(74,5): message :       GenerateBindingRedirectsUpdateAppConfig;
       C:\Program Files\dotnet\sdk\9.0.302\Microsoft.NETFramework.CurrentVersion.targets(74,5): message :       ResolveComReferences;
       C:\Program Files\dotnet\sdk\9.0.302\Microsoft.NETFramework.CurrentVersion.targets(74,5): message :       AfterResolveReferences
       C:\Program Files\dotnet\sdk\9.0.302\Microsoft.NETFramework.CurrentVersion.targets(74,5): message :     ") at C:\Program Files\dotnet\sdk\9.0.302\Microsoft.NETFramework.CurrentVersion.targets (74,5)
       C:\Users\quoc.nguyen\Downloads\Compressed\source-code-full-1\Source code full\RevitAPIMEP\Export\Export\ProSheetsAddin.csproj(39,7): message : Property 'ProgramW6432' with value 'C:\Program Files' expanded from the environment.
       Overriding target "GetFrameworkPaths" in project "C:\Program Files\dotnet\sdk\9.0.302\Microsoft.Common.CurrentVersion.targets" with target "GetFrameworkPaths" from project "C:\Program Files\dotnet\sdk\9.0.302\Microsoft.NETFramework.CurrentVersion.targets".
       The target "ResolveNuGetPackageAssets" listed in an AfterTargets attribute at "C:\Program Files\dotnet\sdk\9.0.302\Microsoft\Microsoft.NET.Build.Extensions\Microsoft.NET.Build.Extensions.ConflictResolution.targets (27,11)" does not exist in the project, and will be ignored.
     1>Project "C:\Users\quoc.nguyen\Downloads\Compressed\source-code-full-1\Source code full\RevitAPIMEP\Export\Export\ProSheetsAddin.csproj" (1) is building "C:\Users\quoc.nguyen\Downloads\Compressed\source-code-full-1\Source code full\RevitAPIMEP\Export\Export\ProSheetsAddin.csproj" (1:2) on node 1 (_IsProjectRestoreSupported target(s)).
   1:2>Project file contains ToolsVersion="15.0". This toolset may be unknown or missing, in which case you may be able to resolve this by installing the appropriate version of MSBuild, or the build may have been forced to a particular ToolsVersion for policy reasons. Treating the project as if it had ToolsVersion="Current". For more information, please see http://go.microsoft.com/fwlink/?LinkId=293424.
   1:2>Target "_IsProjectRestoreSupported" in file "C:\Program Files\dotnet\sdk\9.0.302\NuGet.targets" from project "C:\Users\quoc.nguyen\Downloads\Compressed\source-code-full-1\Source code full\RevitAPIMEP\Export\Export\ProSheetsAddin.csproj" (entry point):
   1:2>Done building target "_IsProjectRestoreSupported" in project "ProSheetsAddin.csproj".
   1:2>Done Building Project "C:\Users\quoc.nguyen\Downloads\Compressed\source-code-full-1\Source code full\RevitAPIMEP\Export\Export\ProSheetsAddin.csproj" (_IsProjectRestoreSupported target(s)).
     1>Done executing task "MSBuild".
       Task "MSBuild" skipped, due to false condition; ( '$(RestoreUseSkipNonexistentTargets)' != 'true' ) was evaluated as ( 'true' != 'true' ).
       Assembly loaded during TaskRun: NuGet.Build.Tasks, Version=6.14.0.116, Culture=neutral, PublicKeyToken=31bf3856ad364e35 (location: C:\Program Files\dotnet\sdk\9.0.302\NuGet.Build.Tasks.dll, MVID: c545d64d-0cbb-4fc0-971c-b5c1c1e75cf3, AssemblyLoadContext: MSBuild plugin C:\Program Files\dotnet\sdk\9.0.302\NuGet.Build.Tasks.dll)
       Assembly loaded during TaskRun: System.Reflection.Metadata, Version=9.0.0.0, Culture=neutral, PublicKeyToken=b03f5f7f11d50a3a (location: C:\Program Files\dotnet\shared\Microsoft.NETCore.App\9.0.7\System.Reflection.Metadata.dll, MVID: 6e38b5f6-9f55-41d1-a506-a57a273571f1, AssemblyLoadContext: Default)
       Assembly loaded during TaskRun: NuGet.Common, Version=6.14.0.116, Culture=neutral, PublicKeyToken=31bf3856ad364e35 (location: C:\Program Files\dotnet\sdk\9.0.302\NuGet.Common.dll, MVID: 0fbb79ae-e358-4591-bc91-e34371a3d05b, AssemblyLoadContext: MSBuild plugin C:\Program Files\dotnet\sdk\9.0.302\NuGet.Build.Tasks.dll)
       Assembly loaded during TaskRun: NuGet.Commands, Version=6.14.0.116, Culture=neutral, PublicKeyToken=31bf3856ad364e35 (location: C:\Program Files\dotnet\sdk\9.0.302\NuGet.Commands.dll, MVID: e743f127-1013-45a0-a669-058903e72acf, AssemblyLoadContext: MSBuild plugin C:\Program Files\dotnet\sdk\9.0.302\NuGet.Build.Tasks.dll)
       Assembly loaded during TaskRun: NuGet.ProjectModel, Version=6.14.0.116, Culture=neutral, PublicKeyToken=31bf3856ad364e35 (location: C:\Program Files\dotnet\sdk\9.0.302\NuGet.ProjectModel.dll, MVID: 08d0df58-191b-4580-9b46-c281ab5b9b36, AssemblyLoadContext: MSBuild plugin C:\Program Files\dotnet\sdk\9.0.302\NuGet.Build.Tasks.dll)
       Using "WarnForInvalidProjectsTask" task from assembly "C:\Program Files\dotnet\sdk\9.0.302\NuGet.Build.Tasks.dll".
       Task "WarnForInvalidProjectsTask"
       Done executing task "WarnForInvalidProjectsTask".
     1>Done building target "_FilterRestoreGraphProjectInputItems" in project "ProSheetsAddin.csproj".
       Target "_FilterRestoreGraphProjectInputItems" skipped. Previously built successfully.
     1>Target "_GetAllRestoreProjectPathItems" in file "C:\Program Files\dotnet\sdk\9.0.302\NuGet.targets" from project "C:\Users\quoc.nguyen\Downloads\Compressed\source-code-full-1\Source code full\RevitAPIMEP\Export\Export\ProSheetsAddin.csproj" (target "_GenerateRestoreGraph" depends on it):
       Using "NuGetMessageTask" task from assembly "C:\Program Files\dotnet\sdk\9.0.302\NuGet.Build.Tasks.dll".
       Task "NuGetMessageTask"
         Determining projects to restore...
       Done executing task "NuGetMessageTask".
       Task "MSBuild"
         Global Properties:
           ExcludeRestorePackageImports=true
     1>Project "C:\Users\quoc.nguyen\Downloads\Compressed\source-code-full-1\Source code full\RevitAPIMEP\Export\Export\ProSheetsAddin.csproj" (1) is building "C:\Users\quoc.nguyen\Downloads\Compressed\source-code-full-1\Source code full\RevitAPIMEP\Export\Export\ProSheetsAddin.csproj" (1:3) on node 1 (_GenerateRestoreProjectPathWalk target(s)).
   1:3>Project file contains ToolsVersion="15.0". This toolset may be unknown or missing, in which case you may be able to resolve this by installing the appropriate version of MSBuild, or the build may have been forced to a particular ToolsVersion for policy reasons. Treating the project as if it had ToolsVersion="Current". For more information, please see http://go.microsoft.com/fwlink/?LinkId=293424.
       Target "_GenerateRestoreProjectPathItemsAllFrameworks" skipped, due to false condition; ( '$(TargetFrameworks)' != '' ) was evaluated as ( '' != '' ).
   1:3>Target "_GenerateRestoreProjectPathItemsPerFramework" in file "C:\Program Files\dotnet\sdk\9.0.302\NuGet.targets" from project "C:\Users\quoc.nguyen\Downloads\Compressed\source-code-full-1\Source code full\RevitAPIMEP\Export\Export\ProSheetsAddin.csproj" (target "_GenerateRestoreProjectPathItemsCurrentProject" depends on it):
       Using "ConvertToAbsolutePath" task from assembly "Microsoft.Build.Tasks.Core, Version=15.1.0.0, Culture=neutral, PublicKeyToken=b03f5f7f11d50a3a".
       Task "ConvertToAbsolutePath"
       Done executing task "ConvertToAbsolutePath".
   1:3>Done building target "_GenerateRestoreProjectPathItemsPerFramework" in project "ProSheetsAddin.csproj".
   1:3>Target "_GenerateRestoreProjectPathItemsCurrentProject" in file "C:\Program Files\dotnet\sdk\9.0.302\NuGet.targets" from project "C:\Users\quoc.nguyen\Downloads\Compressed\source-code-full-1\Source code full\RevitAPIMEP\Export\Export\ProSheetsAddin.csproj" (target "_GenerateRestoreProjectPathItems" depends on it):
   1:3>Done building target "_GenerateRestoreProjectPathItemsCurrentProject" in project "ProSheetsAddin.csproj".
   1:3>Target "_GenerateRestoreProjectPathItems" in file "C:\Program Files\dotnet\sdk\9.0.302\NuGet.targets" from project "C:\Users\quoc.nguyen\Downloads\Compressed\source-code-full-1\Source code full\RevitAPIMEP\Export\Export\ProSheetsAddin.csproj" (target "_GenerateRestoreProjectPathWalk" depends on it):
       Task "RemoveDuplicates"
       Done executing task "RemoveDuplicates".
   1:3>Done building target "_GenerateRestoreProjectPathItems" in project "ProSheetsAddin.csproj".
   1:3>Target "_GenerateRestoreProjectPathWalk" in file "C:\Program Files\dotnet\sdk\9.0.302\NuGet.targets" from project "C:\Users\quoc.nguyen\Downloads\Compressed\source-code-full-1\Source code full\RevitAPIMEP\Export\Export\ProSheetsAddin.csproj" (entry point):
       Task "MSBuild"
       Done executing task "MSBuild".
       Task "MSBuild" skipped, due to false condition; ( '$(RestoreUseSkipNonexistentTargets)' != 'true' ) was evaluated as ( 'true' != 'true' ).
       Task "RemoveDuplicates"
       Done executing task "RemoveDuplicates".
   1:3>Done building target "_GenerateRestoreProjectPathWalk" in project "ProSheetsAddin.csproj".
   1:3>Done Building Project "C:\Users\quoc.nguyen\Downloads\Compressed\source-code-full-1\Source code full\RevitAPIMEP\Export\Export\ProSheetsAddin.csproj" (_GenerateRestoreProjectPathWalk target(s)).
     1>Done executing task "MSBuild".
       Task "MSBuild" skipped, due to false condition; ( '$(RestoreUseSkipNonexistentTargets)' != 'true' ) was evaluated as ( 'true' != 'true' ).
       Task "RemoveDuplicates"
       Done executing task "RemoveDuplicates".
       Task "MSBuild"
         Global Properties:
           ExcludeRestorePackageImports=true
     1>Project "C:\Users\quoc.nguyen\Downloads\Compressed\source-code-full-1\Source code full\RevitAPIMEP\Export\Export\ProSheetsAddin.csproj" (1) is building "C:\Users\quoc.nguyen\Downloads\Compressed\source-code-full-1\Source code full\RevitAPIMEP\Export\Export\ProSheetsAddin.csproj" (1:4) on node 1 (_IsProjectRestoreSupported target(s)).
   1:4>Target "_IsProjectRestoreSupported" skipped. Previously built successfully.
   1:4>Done Building Project "C:\Users\quoc.nguyen\Downloads\Compressed\source-code-full-1\Source code full\RevitAPIMEP\Export\Export\ProSheetsAddin.csproj" (_IsProjectRestoreSupported target(s)).
     1>Done executing task "MSBuild".
       Task "MSBuild" skipped, due to false condition; ( '$(RestoreUseSkipNonexistentTargets)' != 'true' ) was evaluated as ( 'true' != 'true' ).
     1>Done building target "_GetAllRestoreProjectPathItems" in project "ProSheetsAddin.csproj".
     1>Target "_GenerateRestoreGraph" in file "C:\Program Files\dotnet\sdk\9.0.302\NuGet.targets" from project "C:\Users\quoc.nguyen\Downloads\Compressed\source-code-full-1\Source code full\RevitAPIMEP\Export\Export\ProSheetsAddin.csproj" (target "Restore" depends on it):
       Using "Message" task from assembly "Microsoft.Build.Tasks.Core, Version=15.1.0.0, Culture=neutral, PublicKeyToken=b03f5f7f11d50a3a".
       Task "Message"
         Generating dg file
       Done executing task "Message".
       Task "Message"
         C:\Users\quoc.nguyen\Downloads\Compressed\source-code-full-1\Source code full\RevitAPIMEP\Export\Export\ProSheetsAddin.csproj
       Done executing task "Message".
       Task "MSBuild"
         Global Properties:
           ExcludeRestorePackageImports=true
     1>Project "C:\Users\quoc.nguyen\Downloads\Compressed\source-code-full-1\Source code full\RevitAPIMEP\Export\Export\ProSheetsAddin.csproj" (1) is building "C:\Users\quoc.nguyen\Downloads\Compressed\source-code-full-1\Source code full\RevitAPIMEP\Export\Export\ProSheetsAddin.csproj" (1:5) on node 1 (_GenerateRestoreGraphProjectEntry target(s)).
   1:5>Project file contains ToolsVersion="15.0". This toolset may be unknown or missing, in which case you may be able to resolve this by installing the appropriate version of MSBuild, or the build may have been forced to a particular ToolsVersion for policy reasons. Treating the project as if it had ToolsVersion="Current". For more information, please see http://go.microsoft.com/fwlink/?LinkId=293424.
   1:5>Target "_GetProjectJsonPath" in file "C:\Program Files\dotnet\sdk\9.0.302\NuGet.targets" from project "C:\Users\quoc.nguyen\Downloads\Compressed\source-code-full-1\Source code full\RevitAPIMEP\Export\Export\ProSheetsAddin.csproj" (target "_GetRestoreProjectStyle" depends on it):
       Using "GetRestoreProjectJsonPathTask" task from assembly "C:\Program Files\dotnet\sdk\9.0.302\NuGet.Build.Tasks.dll".
       Task "GetRestoreProjectJsonPathTask"
       Done executing task "GetRestoreProjectJsonPathTask".
   1:5>Done building target "_GetProjectJsonPath" in project "ProSheetsAddin.csproj".
   1:5>Target "CollectPackageReferences" in file "C:\Program Files\dotnet\sdk\9.0.302\NuGet.targets" from project "C:\Users\quoc.nguyen\Downloads\Compressed\source-code-full-1\Source code full\RevitAPIMEP\Export\Export\ProSheetsAddin.csproj" (target "_GetRestoreProjectStyle" depends on it):
       Using "CheckForDuplicateNuGetItemsTask" task from assembly "C:\Program Files\dotnet\sdk\9.0.302\NuGet.Build.Tasks.dll".
       Task "CheckForDuplicateNuGetItemsTask"
       Done executing task "CheckForDuplicateNuGetItemsTask".
   1:5>Done building target "CollectPackageReferences" in project "ProSheetsAddin.csproj".
   1:5>Target "_GetRestoreProjectStyle" in file "C:\Program Files\dotnet\sdk\9.0.302\NuGet.targets" from project "C:\Users\quoc.nguyen\Downloads\Compressed\source-code-full-1\Source code full\RevitAPIMEP\Export\Export\ProSheetsAddin.csproj" (target "_GenerateRestoreSpecs" depends on it):
       Using "GetRestoreProjectStyleTask" task from assembly "C:\Program Files\dotnet\sdk\9.0.302\NuGet.Build.Tasks.dll".
       Task "GetRestoreProjectStyleTask"
         Assembly loaded during TaskRun (NuGet.Build.Tasks.GetRestoreProjectStyleTask): NuGet.Configuration, Version=6.14.0.116, Culture=neutral, PublicKeyToken=31bf3856ad364e35 (location: C:\Program Files\dotnet\sdk\9.0.302\NuGet.Configuration.dll, MVID: b0f2e3cc-b478-45a0-a863-e83c6e00406f, AssemblyLoadContext: MSBuild plugin C:\Program Files\dotnet\sdk\9.0.302\NuGet.Build.Tasks.dll)
       Done executing task "GetRestoreProjectStyleTask".
   1:5>Done building target "_GetRestoreProjectStyle" in project "ProSheetsAddin.csproj".
   1:5>Target "_GenerateRestoreSpecs" in file "C:\Program Files\dotnet\sdk\9.0.302\NuGet.targets" from project "C:\Users\quoc.nguyen\Downloads\Compressed\source-code-full-1\Source code full\RevitAPIMEP\Export\Export\ProSheetsAddin.csproj" (target "_GenerateRestoreGraphProjectEntry" depends on it):
       Task "Message"
         Restore entry point C:\Users\quoc.nguyen\Downloads\Compressed\source-code-full-1\Source code full\RevitAPIMEP\Export\Export\ProSheetsAddin.csproj
       Done executing task "Message".
   1:5>Done building target "_GenerateRestoreSpecs" in project "ProSheetsAddin.csproj".
   1:5>Target "_GetRestoreSettingsOverrides" in file "C:\Program Files\dotnet\sdk\9.0.302\NuGet.targets" from project "C:\Users\quoc.nguyen\Downloads\Compressed\source-code-full-1\Source code full\RevitAPIMEP\Export\Export\ProSheetsAddin.csproj" (target "_GetRestoreSettings" depends on it):
       Task "MSBuild" skipped, due to false condition; ( '$(RestorePackagesPath)' != '' ) was evaluated as ( '' != '' ).
       Task "MSBuild" skipped, due to false condition; ( '$(RestoreRepositoryPathOverride)' != '' ) was evaluated as ( '' != '' ).
       Task "MSBuild" skipped, due to false condition; ( '$(RestoreSources)' != '' ) was evaluated as ( '' != '' ).
       Task "MSBuild" skipped, due to false condition; ( '$(RestoreFallbackFolders)' != '' ) was evaluated as ( '' != '' ).
   1:5>Done building target "_GetRestoreSettingsOverrides" in project "ProSheetsAddin.csproj".
       Target "_GetRestoreSettingsCurrentProject" skipped, due to false condition; ( '$(TargetFrameworks)' == '' AND '$(PackageReferenceCompatibleProjectStyle)' == 'true' ) was evaluated as ( '' == '' AND 'False' == 'true' ).
       Target "_GetRestoreSettingsAllFrameworks" skipped, due to false condition; ( '$(TargetFrameworks)' != '' AND '$(PackageReferenceCompatibleProjectStyle)' == 'true' ) was evaluated as ( '' != '' AND 'False' == 'true' ).
   1:5>Target "_GetRestoreSettings" in file "C:\Program Files\dotnet\sdk\9.0.302\NuGet.targets" from project "C:\Users\quoc.nguyen\Downloads\Compressed\source-code-full-1\Source code full\RevitAPIMEP\Export\Export\ProSheetsAddin.csproj" (target "_GenerateDotnetCliToolReferenceSpecs" depends on it):
       Using "GetRestoreSettingsTask" task from assembly "C:\Program Files\dotnet\sdk\9.0.302\NuGet.Build.Tasks.dll".
       Task "GetRestoreSettingsTask"
       Done executing task "GetRestoreSettingsTask".
   1:5>Done building target "_GetRestoreSettings" in project "ProSheetsAddin.csproj".
   1:5>Target "_GenerateDotnetCliToolReferenceSpecs" in file "C:\Program Files\dotnet\sdk\9.0.302\NuGet.targets" from project "C:\Users\quoc.nguyen\Downloads\Compressed\source-code-full-1\Source code full\RevitAPIMEP\Export\Export\ProSheetsAddin.csproj" (target "_GenerateRestoreGraphProjectEntry" depends on it):
       Using "GetRestoreDotnetCliToolsTask" task from assembly "C:\Program Files\dotnet\sdk\9.0.302\NuGet.Build.Tasks.dll".
       Task "GetRestoreDotnetCliToolsTask"
       Done executing task "GetRestoreDotnetCliToolsTask".
   1:5>Done building target "_GenerateDotnetCliToolReferenceSpecs" in project "ProSheetsAddin.csproj".
   1:5>Target "_GenerateRestoreGraphProjectEntry" in file "C:\Program Files\dotnet\sdk\9.0.302\NuGet.targets" from project "C:\Users\quoc.nguyen\Downloads\Compressed\source-code-full-1\Source code full\RevitAPIMEP\Export\Export\ProSheetsAddin.csproj" (entry point):
   1:5>Done building target "_GenerateRestoreGraphProjectEntry" in project "ProSheetsAddin.csproj".
   1:5>Done Building Project "C:\Users\quoc.nguyen\Downloads\Compressed\source-code-full-1\Source code full\RevitAPIMEP\Export\Export\ProSheetsAddin.csproj" (_GenerateRestoreGraphProjectEntry target(s)).
     1>Done executing task "MSBuild".
       Task "MSBuild"
         Global Properties:
           ExcludeRestorePackageImports=true
     1>Project "C:\Users\quoc.nguyen\Downloads\Compressed\source-code-full-1\Source code full\RevitAPIMEP\Export\Export\ProSheetsAddin.csproj" (1) is building "C:\Users\quoc.nguyen\Downloads\Compressed\source-code-full-1\Source code full\RevitAPIMEP\Export\Export\ProSheetsAddin.csproj" (1:6) on node 1 (_GenerateProjectRestoreGraph target(s)).
   1:6>Project file contains ToolsVersion="15.0". This toolset may be unknown or missing, in which case you may be able to resolve this by installing the appropriate version of MSBuild, or the build may have been forced to a particular ToolsVersion for policy reasons. Treating the project as if it had ToolsVersion="Current". For more information, please see http://go.microsoft.com/fwlink/?LinkId=293424.
       Target "_GetRestoreProjectStyle" skipped. Previously built successfully.
       Target "_GetRestoreProjectStyle" skipped. Previously built successfully.
       Target "_GetRestoreProjectStyle" skipped. Previously built successfully.
   1:6>Target "_GetRestoreTargetFrameworkOverride" in file "C:\Program Files\dotnet\sdk\9.0.302\NuGet.targets" from project "C:\Users\quoc.nguyen\Downloads\Compressed\source-code-full-1\Source code full\RevitAPIMEP\Export\Export\ProSheetsAddin.csproj" (target "_GetRestoreTargetFrameworksOutput" depends on it):
       Task "GetGlobalPropertyValueTask" skipped, due to false condition; ( '$(TargetFrameworks)' != '' ) was evaluated as ( '' != '' ).
   1:6>Done building target "_GetRestoreTargetFrameworkOverride" in project "ProSheetsAddin.csproj".
   1:6>Target "_GetRestoreTargetFrameworksOutput" in file "C:\Program Files\dotnet\sdk\9.0.302\NuGet.targets" from project "C:\Users\quoc.nguyen\Downloads\Compressed\source-code-full-1\Source code full\RevitAPIMEP\Export\Export\ProSheetsAddin.csproj" (target "_GenerateRestoreProjectSpec" depends on it):
       Using "GetProjectTargetFrameworksTask" task from assembly "C:\Program Files\dotnet\sdk\9.0.302\NuGet.Build.Tasks.dll".
       Task "GetProjectTargetFrameworksTask"
         Assembly loaded during TaskRun (NuGet.Build.Tasks.GetProjectTargetFrameworksTask): NuGet.Frameworks, Version=6.14.0.116, Culture=neutral, PublicKeyToken=31bf3856ad364e35 (location: C:\Program Files\dotnet\sdk\9.0.302\NuGet.Frameworks.dll, MVID: 6b5909cd-5145-46c4-9595-25461e82c126, AssemblyLoadContext: MSBuild plugin C:\Program Files\dotnet\sdk\9.0.302\NuGet.Build.Tasks.dll)
       Done executing task "GetProjectTargetFrameworksTask".
   1:6>Done building target "_GetRestoreTargetFrameworksOutput" in project "ProSheetsAddin.csproj".
       Target "_GetRestoreSettings" skipped. Previously built successfully.
   1:6>Target "_GenerateRestoreProjectSpec" in file "C:\Program Files\dotnet\sdk\9.0.302\NuGet.targets" from project "C:\Users\quoc.nguyen\Downloads\Compressed\source-code-full-1\Source code full\RevitAPIMEP\Export\Export\ProSheetsAddin.csproj" (target "_GenerateProjectRestoreGraph" depends on it):
       Task "ConvertToAbsolutePath" skipped, due to false condition; ( '$(PackageReferenceCompatibleProjectStyle)' == 'true' OR '$(RestoreProjectStyle)' == 'ProjectJson') was evaluated as ( 'False' == 'true' OR 'PackagesConfig' == 'ProjectJson').
   1:6>Done building target "_GenerateRestoreProjectSpec" in project "ProSheetsAddin.csproj".
       Target "_GenerateProjectRestoreGraphAllFrameworks" skipped, due to false condition; ( '$(TargetFrameworks)' != '' ) was evaluated as ( '' != '' ).
       Target "_GetRestoreProjectStyle" skipped. Previously built successfully.
       Target "CollectPackageReferences" skipped. Previously built successfully.
   1:6>Target "CollectPackageDownloads" in file "C:\Program Files\dotnet\sdk\9.0.302\NuGet.targets" from project "C:\Users\quoc.nguyen\Downloads\Compressed\source-code-full-1\Source code full\RevitAPIMEP\Export\Export\ProSheetsAddin.csproj" (target "_CollectRestoreInputs" depends on it):
       Task "CheckForDuplicateNuGetItemsTask"
       Done executing task "CheckForDuplicateNuGetItemsTask".
   1:6>Done building target "CollectPackageDownloads" in project "ProSheetsAddin.csproj".
   1:6>Target "CollectFrameworkReferences" in file "C:\Program Files\dotnet\sdk\9.0.302\NuGet.targets" from project "C:\Users\quoc.nguyen\Downloads\Compressed\source-code-full-1\Source code full\RevitAPIMEP\Export\Export\ProSheetsAddin.csproj" (target "_CollectRestoreInputs" depends on it):
   1:6>Done building target "CollectFrameworkReferences" in project "ProSheetsAddin.csproj".
   1:6>Target "CollectCentralPackageVersions" in file "C:\Program Files\dotnet\sdk\9.0.302\NuGet.targets" from project "C:\Users\quoc.nguyen\Downloads\Compressed\source-code-full-1\Source code full\RevitAPIMEP\Export\Export\ProSheetsAddin.csproj" (target "_CollectRestoreInputs" depends on it):
       Task "CheckForDuplicateNuGetItemsTask"
       Done executing task "CheckForDuplicateNuGetItemsTask".
   1:6>Done building target "CollectCentralPackageVersions" in project "ProSheetsAddin.csproj".
   1:6>Target "CollectNuGetAuditSuppressions" in file "C:\Program Files\dotnet\sdk\9.0.302\NuGet.targets" from project "C:\Users\quoc.nguyen\Downloads\Compressed\source-code-full-1\Source code full\RevitAPIMEP\Export\Export\ProSheetsAddin.csproj" (target "_CollectRestoreInputs" depends on it):
       Task "CheckForDuplicateNuGetItemsTask"
       Done executing task "CheckForDuplicateNuGetItemsTask".
   1:6>Done building target "CollectNuGetAuditSuppressions" in project "ProSheetsAddin.csproj".
   1:6>Target "CollectPrunePackageReferences" in file "C:\Program Files\dotnet\sdk\9.0.302\NuGet.targets" from project "C:\Users\quoc.nguyen\Downloads\Compressed\source-code-full-1\Source code full\RevitAPIMEP\Export\Export\ProSheetsAddin.csproj" (target "_CollectRestoreInputs" depends on it):
       Task "CheckForDuplicateNuGetItemsTask"
       Done executing task "CheckForDuplicateNuGetItemsTask".
   1:6>Done building target "CollectPrunePackageReferences" in project "ProSheetsAddin.csproj".
   1:6>Target "_CollectRestoreInputs" in file "C:\Program Files\dotnet\sdk\9.0.302\NuGet.targets" from project "C:\Users\quoc.nguyen\Downloads\Compressed\source-code-full-1\Source code full\RevitAPIMEP\Export\Export\ProSheetsAddin.csproj" (target "_GenerateProjectRestoreGraphPerFramework" depends on it):
   1:6>Done building target "_CollectRestoreInputs" in project "ProSheetsAddin.csproj".
   1:6>Target "_GenerateProjectRestoreGraphPerFramework" in file "C:\Program Files\dotnet\sdk\9.0.302\NuGet.targets" from project "C:\Users\quoc.nguyen\Downloads\Compressed\source-code-full-1\Source code full\RevitAPIMEP\Export\Export\ProSheetsAddin.csproj" (target "_GenerateProjectRestoreGraphCurrentProject" depends on it):
       Using "GetRestoreProjectReferencesTask" task from assembly "C:\Program Files\dotnet\sdk\9.0.302\NuGet.Build.Tasks.dll".
       Task "GetRestoreProjectReferencesTask"
       Done executing task "GetRestoreProjectReferencesTask".
       Task "GetRestorePackageReferencesTask" skipped, due to false condition; ( '$(PackageReferenceCompatibleProjectStyle)' == 'true' ) was evaluated as ( 'False' == 'true' ).
       Task "GetCentralPackageVersionsTask" skipped, due to false condition; ( '$(PackageReferenceCompatibleProjectStyle)' == 'true' AND '$(_CentralPackageVersionsEnabled)' == 'true' ) was evaluated as ( 'False' == 'true' AND '' == 'true' ).
       Task "GetRestorePackageDownloadsTask" skipped, due to false condition; ( '$(PackageReferenceCompatibleProjectStyle)' == 'true' ) was evaluated as ( 'False' == 'true' ).
       Task "GetRestoreFrameworkReferencesTask" skipped, due to false condition; ( '$(PackageReferenceCompatibleProjectStyle)' == 'true' ) was evaluated as ( 'False' == 'true' ).
       Using "GetRestoreNuGetAuditSuppressionsTask" task from assembly "C:\Program Files\dotnet\sdk\9.0.302\NuGet.Build.Tasks.dll".
       Task "GetRestoreNuGetAuditSuppressionsTask"
       Done executing task "GetRestoreNuGetAuditSuppressionsTask".
       Using "GetRestorePrunePackageReferencesTask" task from assembly "C:\Program Files\dotnet\sdk\9.0.302\NuGet.Build.Tasks.dll".
       Task "GetRestorePrunePackageReferencesTask"
       Done executing task "GetRestorePrunePackageReferencesTask".
   1:6>Done building target "_GenerateProjectRestoreGraphPerFramework" in project "ProSheetsAddin.csproj".
   1:6>Target "_GenerateProjectRestoreGraphCurrentProject" in file "C:\Program Files\dotnet\sdk\9.0.302\NuGet.targets" from project "C:\Users\quoc.nguyen\Downloads\Compressed\source-code-full-1\Source code full\RevitAPIMEP\Export\Export\ProSheetsAddin.csproj" (target "_GenerateRestoreDependencies" depends on it):
   1:6>Done building target "_GenerateProjectRestoreGraphCurrentProject" in project "ProSheetsAddin.csproj".
   1:6>Target "_GenerateRestoreDependencies" in file "C:\Program Files\dotnet\sdk\9.0.302\NuGet.targets" from project "C:\Users\quoc.nguyen\Downloads\Compressed\source-code-full-1\Source code full\RevitAPIMEP\Export\Export\ProSheetsAddin.csproj" (target "_GenerateProjectRestoreGraph" depends on it):
   1:6>Done building target "_GenerateRestoreDependencies" in project "ProSheetsAddin.csproj".
   1:6>Target "_GenerateProjectRestoreGraph" in file "C:\Program Files\dotnet\sdk\9.0.302\NuGet.targets" from project "C:\Users\quoc.nguyen\Downloads\Compressed\source-code-full-1\Source code full\RevitAPIMEP\Export\Export\ProSheetsAddin.csproj" (entry point):
   1:6>Done building target "_GenerateProjectRestoreGraph" in project "ProSheetsAddin.csproj".
   1:6>Done Building Project "C:\Users\quoc.nguyen\Downloads\Compressed\source-code-full-1\Source code full\RevitAPIMEP\Export\Export\ProSheetsAddin.csproj" (_GenerateProjectRestoreGraph target(s)).
     1>Done executing task "MSBuild".
     1>Done building target "_GenerateRestoreGraph" in project "ProSheetsAddin.csproj".
     1>Target "Restore" in file "C:\Program Files\dotnet\sdk\9.0.302\NuGet.targets" from project "C:\Users\quoc.nguyen\Downloads\Compressed\source-code-full-1\Source code full\RevitAPIMEP\Export\Export\ProSheetsAddin.csproj" (entry point):
       Task "RemoveDuplicates"
       Done executing task "RemoveDuplicates".
       Using "RestoreTask" task from assembly "C:\Program Files\dotnet\sdk\9.0.302\NuGet.Build.Tasks.dll".
       Task "RestoreTask"
         Assembly loaded during TaskRun (NuGet.Build.Tasks.RestoreTask): NuGet.Packaging, Version=6.14.0.116, Culture=neutral, PublicKeyToken=31bf3856ad364e35 (location: C:\Program Files\dotnet\sdk\9.0.302\NuGet.Packaging.dll, MVID: cdc50a13-9777-4bbf-997e-763beae18a61, AssemblyLoadContext: MSBuild plugin C:\Program Files\dotnet\sdk\9.0.302\NuGet.Build.Tasks.dll)
         Assembly loaded during TaskRun (NuGet.Build.Tasks.RestoreTask): NuGet.LibraryModel, Version=6.14.0.116, Culture=neutral, PublicKeyToken=31bf3856ad364e35 (location: C:\Program Files\dotnet\sdk\9.0.302\NuGet.LibraryModel.dll, MVID: e00b38b3-9e45-44a2-8023-8c8ae09208b7, AssemblyLoadContext: MSBuild plugin C:\Program Files\dotnet\sdk\9.0.302\NuGet.Build.Tasks.dll)
         Assembly loaded during TaskRun (NuGet.Build.Tasks.RestoreTask): NuGet.Versioning, Version=6.14.0.116, Culture=neutral, PublicKeyToken=31bf3856ad364e35 (location: C:\Program Files\dotnet\sdk\9.0.302\NuGet.Versioning.dll, MVID: ecae64d3-0ef8-4164-9110-1e65ba08bca4, AssemblyLoadContext: MSBuild plugin C:\Program Files\dotnet\sdk\9.0.302\NuGet.Build.Tasks.dll)
         Assembly loaded during TaskRun (NuGet.Build.Tasks.RestoreTask): NuGet.Protocol, Version=6.14.0.116, Culture=neutral, PublicKeyToken=31bf3856ad364e35 (location: C:\Program Files\dotnet\sdk\9.0.302\NuGet.Protocol.dll, MVID: f8777b05-1686-441b-9cec-a9710c5aa900, AssemblyLoadContext: MSBuild plugin C:\Program Files\dotnet\sdk\9.0.302\NuGet.Build.Tasks.dll)
         Assembly loaded during TaskRun (NuGet.Build.Tasks.RestoreTask): NuGet.Credentials, Version=6.14.0.116, Culture=neutral, PublicKeyToken=31bf3856ad364e35 (location: C:\Program Files\dotnet\sdk\9.0.302\NuGet.Credentials.dll, MVID: bd6612c0-8432-48ef-9aa9-96a29d2c500a, AssemblyLoadContext: MSBuild plugin C:\Program Files\dotnet\sdk\9.0.302\NuGet.Build.Tasks.dll)
         Assembly loaded during TaskRun (NuGet.Build.Tasks.RestoreTask): System.Collections.NonGeneric, Version=9.0.0.0, Culture=neutral, PublicKeyToken=b03f5f7f11d50a3a (location: C:\Program Files\dotnet\shared\Microsoft.NETCore.App\9.0.7\System.Collections.NonGeneric.dll, MVID: 352ea4aa-6a9d-4932-a019-6e2b32407bd8, AssemblyLoadContext: Default)
         X.509 certificate chain validation will use the default trust store selected by .NET for code signing.
         X.509 certificate chain validation will use the default trust store selected by .NET for timestamping.
         Assembly loaded during TaskRun (NuGet.Build.Tasks.RestoreTask): NuGet.DependencyResolver.Core, Version=6.14.0.116, Culture=neutral, PublicKeyToken=31bf3856ad364e35 (location: C:\Program Files\dotnet\sdk\9.0.302\NuGet.DependencyResolver.Core.dll, MVID: 6b197cc7-1c4a-4e48-895c-328987fdea28, AssemblyLoadContext: MSBuild plugin C:\Program Files\dotnet\sdk\9.0.302\NuGet.Build.Tasks.dll)
         Nothing to do. None of the projects specified contain packages to restore.
       Done executing task "RestoreTask".
     1>Done building target "Restore" in project "ProSheetsAddin.csproj".
     1>Done Building Project "C:\Users\quoc.nguyen\Downloads\Compressed\source-code-full-1\Source code full\RevitAPIMEP\Export\Export\ProSheetsAddin.csproj" (Restore target(s)).
     0>C:\Users\quoc.nguyen\Downloads\Compressed\source-code-full-1\Source code full\RevitAPIMEP\Export\Export\ProSheetsAddin.csproj(3,92): message : Property 'MSBuildExtensionsPath' with value 'C:\Program Files\dotnet\sdk\9.0.302\' expanded from the environment.
       C:\Program Files\dotnet\sdk\9.0.302\Current\Microsoft.Common.props(60,5): message : Property reassignment: $(MSBuildProjectExtensionsPath)="C:\Users\quoc.nguyen\Downloads\Compressed\source-code-full-1\Source code full\RevitAPIMEP\Export\Export\obj\" (previous value: "obj\") at C:\Program Files\dotnet\sdk\9.0.302\Current\Microsoft.Common.props (60,5)
       C:\Program Files\dotnet\sdk\9.0.302\Current\Microsoft.Common.props(84,119): message : Property 'MSBuildUserExtensionsPath' with value 'C:\Users\quoc.nguyen\AppData\Local\Microsoft\MSBuild' expanded from the environment.
       C:\Program Files\dotnet\sdk\9.0.302\Roslyn\Microsoft.CSharp.Core.targets(200,5): message : Property reassignment: $(CommandLineArgsForDesignTimeEvaluation)="-langversion:7.3 -define:DEBUG;TRACE" (previous value: "-langversion:7.3") at C:\Program Files\dotnet\sdk\9.0.302\Roslyn\Microsoft.CSharp.Core.targets (200,5)
       C:\Program Files\dotnet\sdk\9.0.302\Microsoft.NETFramework.CurrentVersion.props(117,5): message : Property reassignment: $(AvailablePlatforms)="Any CPU,x86,x64,ARM64" (previous value: "Any CPU,x86,x64") at C:\Program Files\dotnet\sdk\9.0.302\Microsoft.NETFramework.CurrentVersion.props (117,5)
       C:\Program Files\dotnet\sdk\9.0.302\Microsoft.Common.CurrentVersion.targets(175,5): message : Property reassignment: $(_DebugSymbolsProduced)="true" (previous value: "false") at C:\Program Files\dotnet\sdk\9.0.302\Microsoft.Common.CurrentVersion.targets (175,5)
       Assembly loaded during Evaluation: System.Runtime.Intrinsics, Version=9.0.0.0, Culture=neutral, PublicKeyToken=cc7b13ffcd2ddd51 (location: C:\Program Files\dotnet\shared\Microsoft.NETCore.App\9.0.7\System.Runtime.Intrinsics.dll, MVID: b9672fed-f7fb-4e3d-a0e6-9ac544602e0c, AssemblyLoadContext: Default)
       C:\Program Files\dotnet\sdk\9.0.302\Microsoft.Common.CurrentVersion.targets(185,5): message : Property reassignment: $(_DocumentationFileProduced)="false" (previous value: "true") at C:\Program Files\dotnet\sdk\9.0.302\Microsoft.Common.CurrentVersion.targets (185,5)
       C:\Program Files\dotnet\sdk\9.0.302\Microsoft.Common.CurrentVersion.targets(392,5): message : Property reassignment: $(MSBuildCopyMarkerName)="ProSheet.F522D3D8" (previous value: "ProSheetsAddin.csproj") at C:\Program Files\dotnet\sdk\9.0.302\Microsoft.Common.CurrentVersion.targets (392,5)
       C:\Program Files\dotnet\sdk\9.0.302\Microsoft.Common.CurrentVersion.targets(393,5): message : Property reassignment: $(MSBuildCopyMarkerName)="ProSheet.F522D3D8.Up2Date" (previous value: "ProSheet.F522D3D8") at C:\Program Files\dotnet\sdk\9.0.302\Microsoft.Common.CurrentVersion.targets (393,5)
       C:\Program Files\dotnet\sdk\9.0.302\Microsoft.Common.CurrentVersion.targets(528,5): message : Property reassignment: $(ProcessorArchitecture)="amd64" (previous value: "x64") at C:\Program Files\dotnet\sdk\9.0.302\Microsoft.Common.CurrentVersion.targets (528,5)
       C:\Program Files\dotnet\sdk\9.0.302\Microsoft.Common.CurrentVersion.targets(580,5): message : Property reassignment: $(DelaySign)="" (previous value: "false") at C:\Program Files\dotnet\sdk\9.0.302\Microsoft.Common.CurrentVersion.targets (580,5)
       C:\Program Files\dotnet\sdk\9.0.302\Microsoft.Common.CurrentVersion.targets(649,5): message : Property reassignment: $(AssemblySearchPaths)="{CandidateAssemblyFiles};" (previous value: "{CandidateAssemblyFiles}") at C:\Program Files\dotnet\sdk\9.0.302\Microsoft.Common.CurrentVersion.targets (649,5)
       C:\Program Files\dotnet\sdk\9.0.302\Microsoft.Common.CurrentVersion.targets(650,5): message : Property reassignment: $(AssemblySearchPaths)="{CandidateAssemblyFiles};;{HintPathFromItem}" (previous value: "{CandidateAssemblyFiles};") at C:\Program Files\dotnet\sdk\9.0.302\Microsoft.Common.CurrentVersion.targets (650,5)
       C:\Program Files\dotnet\sdk\9.0.302\Microsoft.Common.CurrentVersion.targets(651,5): message : Property reassignment: $(AssemblySearchPaths)="{CandidateAssemblyFiles};;{HintPathFromItem};{TargetFrameworkDirectory}" (previous value: "{CandidateAssemblyFiles};;{HintPathFromItem}") at C:\Program Files\dotnet\sdk\9.0.302\Microsoft.Common.CurrentVersion.targets (651,5)
       C:\Program Files\dotnet\sdk\9.0.302\Microsoft.Common.CurrentVersion.targets(652,5): message : Property reassignment: $(AssemblySearchPaths)="{CandidateAssemblyFiles};;{HintPathFromItem};{TargetFrameworkDirectory};" (previous value: "{CandidateAssemblyFiles};;{HintPathFromItem};{TargetFrameworkDirectory}") at C:\Program Files\dotnet\sdk\9.0.302\Microsoft.Common.CurrentVersion.targets (652,5)
       C:\Program Files\dotnet\sdk\9.0.302\Microsoft.Common.CurrentVersion.targets(653,5): message : Property reassignment: $(AssemblySearchPaths)="{CandidateAssemblyFiles};;{HintPathFromItem};{TargetFrameworkDirectory};;{Registry:Software\Microsoft\.NETFramework,v4.8,AssemblyFoldersEx}" (previous value: "{CandidateAssemblyFiles};;{HintPathFromItem};{TargetFrameworkDirectory};") at C:\Program Files\dotnet\sdk\9.0.302\Microsoft.Common.CurrentVersion.targets (653,5)
       C:\Program Files\dotnet\sdk\9.0.302\Microsoft.Common.CurrentVersion.targets(654,5): message : Property reassignment: $(AssemblySearchPaths)="{CandidateAssemblyFiles};;{HintPathFromItem};{TargetFrameworkDirectory};;{Registry:Software\Microsoft\.NETFramework,v4.8,AssemblyFoldersEx};{AssemblyFolders}" (previous value: "{CandidateAssemblyFiles};;{HintPathFromItem};{TargetFrameworkDirectory};;{Registry:Software\Microsoft\.NETFramework,v4.8,AssemblyFoldersEx}") at C:\Program Files\dotnet\sdk\9.0.302\Microsoft.Common.CurrentVersion.targets (654,5)
       C:\Program Files\dotnet\sdk\9.0.302\Microsoft.Common.CurrentVersion.targets(655,5): message : Property reassignment: $(AssemblySearchPaths)="{CandidateAssemblyFiles};;{HintPathFromItem};{TargetFrameworkDirectory};;{Registry:Software\Microsoft\.NETFramework,v4.8,AssemblyFoldersEx};{AssemblyFolders};{GAC}" (previous value: "{CandidateAssemblyFiles};;{HintPathFromItem};{TargetFrameworkDirectory};;{Registry:Software\Microsoft\.NETFramework,v4.8,AssemblyFoldersEx};{AssemblyFolders}") at C:\Program Files\dotnet\sdk\9.0.302\Microsoft.Common.CurrentVersion.targets (655,5)
       C:\Program Files\dotnet\sdk\9.0.302\Microsoft.Common.CurrentVersion.targets(656,5): message : Property reassignment: $(AssemblySearchPaths)="{CandidateAssemblyFiles};;{HintPathFromItem};{TargetFrameworkDirectory};;{Registry:Software\Microsoft\.NETFramework,v4.8,AssemblyFoldersEx};{AssemblyFolders};{GAC};{RawFileName}" (previous value: "{CandidateAssemblyFiles};;{HintPathFromItem};{TargetFrameworkDirectory};;{Registry:Software\Microsoft\.NETFramework,v4.8,AssemblyFoldersEx};{AssemblyFolders};{GAC}") at C:\Program Files\dotnet\sdk\9.0.302\Microsoft.Common.CurrentVersion.targets (656,5)
       C:\Program Files\dotnet\sdk\9.0.302\Microsoft.Common.CurrentVersion.targets(657,5): message : Property reassignment: $(AssemblySearchPaths)="{CandidateAssemblyFiles};;{HintPathFromItem};{TargetFrameworkDirectory};;{Registry:Software\Microsoft\.NETFramework,v4.8,AssemblyFoldersEx};{AssemblyFolders};{GAC};{RawFileName};bin\Debug\" (previous value: "{CandidateAssemblyFiles};;{HintPathFromItem};{TargetFrameworkDirectory};;{Registry:Software\Microsoft\.NETFramework,v4.8,AssemblyFoldersEx};{AssemblyFolders};{GAC};{RawFileName}") at C:\Program Files\dotnet\sdk\9.0.302\Microsoft.Common.CurrentVersion.targets (657,5)
       C:\Program Files\dotnet\sdk\9.0.302\Microsoft.Common.CurrentVersion.targets(2620,5): message : Property 'LOCALAPPDATA' with value 'C:\Users\quoc.nguyen\AppData\Local' expanded from the environment.
       C:\Program Files\dotnet\sdk\9.0.302\Microsoft.Common.CurrentVersion.targets(3948,5): message : Property reassignment: $(_SGenGenerateSerializationAssembliesConfig)="Auto" (previous value: "") at C:\Program Files\dotnet\sdk\9.0.302\Microsoft.Common.CurrentVersion.targets (3948,5)
       C:\Program Files\dotnet\sdk\9.0.302\Microsoft.Common.CurrentVersion.targets(3949,5): message : Property reassignment: $(_SGenGenerateSerializationAssembliesConfig)="Off" (previous value: "Auto") at C:\Program Files\dotnet\sdk\9.0.302\Microsoft.Common.CurrentVersion.targets (3949,5)
       C:\Program Files\dotnet\sdk\9.0.302\Microsoft.Common.CurrentVersion.targets(5160,5): message : Property reassignment: $(_TargetsThatPrepareProjectReferences)="
       C:\Program Files\dotnet\sdk\9.0.302\Microsoft.Common.CurrentVersion.targets(5160,5): message :       AssignProjectConfiguration;
       C:\Program Files\dotnet\sdk\9.0.302\Microsoft.Common.CurrentVersion.targets(5160,5): message :       _SplitProjectReferencesByFileExistence
       C:\Program Files\dotnet\sdk\9.0.302\Microsoft.Common.CurrentVersion.targets(5160,5): message :     " (previous value: "_SplitProjectReferencesByFileExistence") at C:\Program Files\dotnet\sdk\9.0.302\Microsoft.Common.CurrentVersion.targets (5160,5)
       C:\Program Files\dotnet\sdk\9.0.302\Microsoft.Common.CurrentVersion.targets(6955,5): message : Property 'MSBuildExtensionsPath32' with value 'C:\Program Files\dotnet\sdk\9.0.302' expanded from the environment.
       C:\Program Files\dotnet\sdk\9.0.302\Microsoft.NETFramework.CurrentVersion.targets(74,5): message : Property reassignment: $(ResolveReferencesDependsOn)="
       C:\Program Files\dotnet\sdk\9.0.302\Microsoft.NETFramework.CurrentVersion.targets(74,5): message :       
       C:\Program Files\dotnet\sdk\9.0.302\Microsoft.NETFramework.CurrentVersion.targets(74,5): message :       BeforeResolveReferences;
       C:\Program Files\dotnet\sdk\9.0.302\Microsoft.NETFramework.CurrentVersion.targets(74,5): message :       AssignProjectConfiguration;
       C:\Program Files\dotnet\sdk\9.0.302\Microsoft.NETFramework.CurrentVersion.targets(74,5): message :       ResolveProjectReferences;
       C:\Program Files\dotnet\sdk\9.0.302\Microsoft.NETFramework.CurrentVersion.targets(74,5): message :       FindInvalidProjectReferences;
       C:\Program Files\dotnet\sdk\9.0.302\Microsoft.NETFramework.CurrentVersion.targets(74,5): message :       ResolveNativeReferences;
       C:\Program Files\dotnet\sdk\9.0.302\Microsoft.NETFramework.CurrentVersion.targets(74,5): message :       ResolveAssemblyReferences;
       C:\Program Files\dotnet\sdk\9.0.302\Microsoft.NETFramework.CurrentVersion.targets(74,5): message :       GenerateBindingRedirects;
       C:\Program Files\dotnet\sdk\9.0.302\Microsoft.NETFramework.CurrentVersion.targets(74,5): message :       GenerateBindingRedirectsUpdateAppConfig;
       C:\Program Files\dotnet\sdk\9.0.302\Microsoft.NETFramework.CurrentVersion.targets(74,5): message :       ResolveComReferences;
       C:\Program Files\dotnet\sdk\9.0.302\Microsoft.NETFramework.CurrentVersion.targets(74,5): message :       AfterResolveReferences
       C:\Program Files\dotnet\sdk\9.0.302\Microsoft.NETFramework.CurrentVersion.targets(74,5): message :     ;
       C:\Program Files\dotnet\sdk\9.0.302\Microsoft.NETFramework.CurrentVersion.targets(74,5): message :       ImplicitlyExpandDesignTimeFacades
       C:\Program Files\dotnet\sdk\9.0.302\Microsoft.NETFramework.CurrentVersion.targets(74,5): message :     " (previous value: "
       C:\Program Files\dotnet\sdk\9.0.302\Microsoft.NETFramework.CurrentVersion.targets(74,5): message :       BeforeResolveReferences;
       C:\Program Files\dotnet\sdk\9.0.302\Microsoft.NETFramework.CurrentVersion.targets(74,5): message :       AssignProjectConfiguration;
       C:\Program Files\dotnet\sdk\9.0.302\Microsoft.NETFramework.CurrentVersion.targets(74,5): message :       ResolveProjectReferences;
       C:\Program Files\dotnet\sdk\9.0.302\Microsoft.NETFramework.CurrentVersion.targets(74,5): message :       FindInvalidProjectReferences;
       C:\Program Files\dotnet\sdk\9.0.302\Microsoft.NETFramework.CurrentVersion.targets(74,5): message :       ResolveNativeReferences;
       C:\Program Files\dotnet\sdk\9.0.302\Microsoft.NETFramework.CurrentVersion.targets(74,5): message :       ResolveAssemblyReferences;
       C:\Program Files\dotnet\sdk\9.0.302\Microsoft.NETFramework.CurrentVersion.targets(74,5): message :       GenerateBindingRedirects;
       C:\Program Files\dotnet\sdk\9.0.302\Microsoft.NETFramework.CurrentVersion.targets(74,5): message :       GenerateBindingRedirectsUpdateAppConfig;
       C:\Program Files\dotnet\sdk\9.0.302\Microsoft.NETFramework.CurrentVersion.targets(74,5): message :       ResolveComReferences;
       C:\Program Files\dotnet\sdk\9.0.302\Microsoft.NETFramework.CurrentVersion.targets(74,5): message :       AfterResolveReferences
       C:\Program Files\dotnet\sdk\9.0.302\Microsoft.NETFramework.CurrentVersion.targets(74,5): message :     ") at C:\Program Files\dotnet\sdk\9.0.302\Microsoft.NETFramework.CurrentVersion.targets (74,5)
       C:\Users\quoc.nguyen\Downloads\Compressed\source-code-full-1\Source code full\RevitAPIMEP\Export\Export\ProSheetsAddin.csproj(39,7): message : Property 'ProgramW6432' with value 'C:\Program Files' expanded from the environment.
       Overriding target "GetFrameworkPaths" in project "C:\Program Files\dotnet\sdk\9.0.302\Microsoft.Common.CurrentVersion.targets" with target "GetFrameworkPaths" from project "C:\Program Files\dotnet\sdk\9.0.302\Microsoft.NETFramework.CurrentVersion.targets".
       The target "ResolveNuGetPackageAssets" listed in an AfterTargets attribute at "C:\Program Files\dotnet\sdk\9.0.302\Microsoft\Microsoft.NET.Build.Extensions\Microsoft.NET.Build.Extensions.ConflictResolution.targets (27,11)" does not exist in the project, and will be ignored.
   1:7>Project "C:\Users\quoc.nguyen\Downloads\Compressed\source-code-full-1\Source code full\RevitAPIMEP\Export\Export\ProSheetsAddin.csproj" on node 1 (default targets).
   1:7>Project file contains ToolsVersion="15.0". This toolset may be unknown or missing, in which case you may be able to resolve this by installing the appropriate version of MSBuild, or the build may have been forced to a particular ToolsVersion for policy reasons. Treating the project as if it had ToolsVersion="Current". For more information, please see http://go.microsoft.com/fwlink/?LinkId=293424.
       Target "EnableIntermediateOutputPathMismatchWarning" skipped, due to false condition; ('$(RestoreProjectStyle)' == 'PackageReference') was evaluated as ('' == 'PackageReference').
   1:7>Target "_CheckForInvalidConfigurationAndPlatform" in file "C:\Program Files\dotnet\sdk\9.0.302\Microsoft.Common.CurrentVersion.targets" from project "C:\Users\quoc.nguyen\Downloads\Compressed\source-code-full-1\Source code full\RevitAPIMEP\Export\Export\ProSheetsAddin.csproj" (target "BeforeBuild" depends on it):
       Task "MSBuildInternalMessage" skipped, due to false condition; ('$(_InvalidConfigurationMessageSeverity)' != '') was evaluated as ('' != '').
       Task "Message"
         Configuration=Debug
       Done executing task "Message".
       Task "Message"
         Platform=x64
       Done executing task "Message".
       Task "MSBuildInternalMessage" skipped, due to false condition; ('$(OutDir)' != '' and !HasTrailingSlash('$(OutDir)')) was evaluated as ('bin\Debug\' != '' and !HasTrailingSlash('bin\Debug\')).
       Task "MSBuildInternalMessage" skipped, due to false condition; ('$(IntermediateOutputPath)' != '' and !HasTrailingSlash('$(IntermediateOutputPath)')) was evaluated as ('obj\x64\Debug\' != '' and !HasTrailingSlash('obj\x64\Debug\')).
       Task "MSBuildInternalMessage" skipped, due to false condition; ('$(BaseIntermediateOutputPath)' != '' and !HasTrailingSlash('$(BaseIntermediateOutputPath)')) was evaluated as ('obj\' != '' and !HasTrailingSlash('obj\')).
       Task "MSBuildInternalMessage" skipped, due to false condition; ( '$(Prefer32Bit)' == 'true' and '$(PreferNativeArm64)' == 'true' ) was evaluated as ( 'false' == 'true' and '' == 'true' ).
       Task "MSBuildInternalMessage" skipped, due to false condition; ( '$(NoWin32Manifest)' == 'true' and '$(PreferNativeArm64)' == 'true' ) was evaluated as ( '' == 'true' and '' == 'true' ).
       Task "MSBuildInternalMessage" skipped, due to false condition; ( '$(PreferNativeArm64)' == 'true' and '$(Platform)' != 'AnyCPU' ) was evaluated as ( '' == 'true' and 'x64' != 'AnyCPU' ).
       Task "MSBuildInternalMessage" skipped, due to false condition; ( '$(_InitialMSBuildProjectExtensionsPath)' != '' And '$(MSBuildProjectExtensionsPath)' != '$(_InitialMSBuildProjectExtensionsPath)' ) was evaluated as ( 'C:\Users\quoc.nguyen\Downloads\Compressed\source-code-full-1\Source code full\RevitAPIMEP\Export\Export\obj\' != '' And 'C:\Users\quoc.nguyen\Downloads\Compressed\source-code-full-1\Source code full\RevitAPIMEP\Export\Export\obj\' != 'C:\Users\quoc.nguyen\Downloads\Compressed\source-code-full-1\Source code full\RevitAPIMEP\Export\Export\obj\' ).
       Task "MSBuildInternalMessage" skipped, due to false condition; ( '$(EnableBaseIntermediateOutputPathMismatchWarning)' == 'true' And '$(_InitialBaseIntermediateOutputPath)' != '$(BaseIntermediateOutputPath)' And '$(BaseIntermediateOutputPath)' != '$(MSBuildProjectExtensionsPath)' ) was evaluated as ( '' == 'true' And 'obj\' != 'obj\' And 'obj\' != 'C:\Users\quoc.nguyen\Downloads\Compressed\source-code-full-1\Source code full\RevitAPIMEP\Export\Export\obj\' ).
   1:7>Done building target "_CheckForInvalidConfigurationAndPlatform" in project "ProSheetsAddin.csproj".
   1:7>Target "BeforeBuild" in file "C:\Program Files\dotnet\sdk\9.0.302\Microsoft.Common.CurrentVersion.targets" from project "C:\Users\quoc.nguyen\Downloads\Compressed\source-code-full-1\Source code full\RevitAPIMEP\Export\Export\ProSheetsAddin.csproj" (target "Build" depends on it):
   1:7>Done building target "BeforeBuild" in project "ProSheetsAddin.csproj".
   1:7>Target "BuildOnlySettings" in file "C:\Program Files\dotnet\sdk\9.0.302\Microsoft.Common.CurrentVersion.targets" from project "C:\Users\quoc.nguyen\Downloads\Compressed\source-code-full-1\Source code full\RevitAPIMEP\Export\Export\ProSheetsAddin.csproj" (target "CoreBuild" depends on it):
       C:\Program Files\dotnet\sdk\9.0.302\Microsoft.Common.CurrentVersion.targets(1168,7): message : Property reassignment: $(BuildingProject)="true" (previous value: "false") at C:\Program Files\dotnet\sdk\9.0.302\Microsoft.Common.CurrentVersion.targets (1168,7) [C:\Users\quoc.nguyen\Downloads\Compressed\source-code-full-1\Source code full\RevitAPIMEP\Export\Export\ProSheetsAddin.csproj]
   1:7>Done building target "BuildOnlySettings" in project "ProSheetsAddin.csproj".
   1:7>Target "GetFrameworkPaths" in file "C:\Program Files\dotnet\sdk\9.0.302\Microsoft.NETFramework.CurrentVersion.targets" from project "C:\Users\quoc.nguyen\Downloads\Compressed\source-code-full-1\Source code full\RevitAPIMEP\Export\Export\ProSheetsAddin.csproj" (target "PrepareForBuild" depends on it):
   1:7>Done building target "GetFrameworkPaths" in project "ProSheetsAddin.csproj".
       Target "GetFrameworkPaths" skipped. Previously built successfully.
   1:7>Target "GetReferenceAssemblyPaths" in file "C:\Program Files\dotnet\sdk\9.0.302\Microsoft.Common.CurrentVersion.targets" from project "C:\Users\quoc.nguyen\Downloads\Compressed\source-code-full-1\Source code full\RevitAPIMEP\Export\Export\ProSheetsAddin.csproj" (target "PrepareForBuild" depends on it):
       C:\Program Files\dotnet\sdk\9.0.302\Microsoft.Common.CurrentVersion.targets(1255,7): message : Property reassignment: $(TargetFrameworkDirectory)="" (previous value: "v4.0.30319") at C:\Program Files\dotnet\sdk\9.0.302\Microsoft.Common.CurrentVersion.targets (1255,7) [C:\Users\quoc.nguyen\Downloads\Compressed\source-code-full-1\Source code full\RevitAPIMEP\Export\Export\ProSheetsAddin.csproj]
       Using "GetReferenceAssemblyPaths" task from assembly "Microsoft.Build.Tasks.Core, Version=15.1.0.0, Culture=neutral, PublicKeyToken=b03f5f7f11d50a3a".
       Task "GetReferenceAssemblyPaths"
       Done executing task "GetReferenceAssemblyPaths".
       C:\Program Files\dotnet\sdk\9.0.302\Microsoft.Common.CurrentVersion.targets(1272,7): message : Property reassignment: $(TargetFrameworkDirectory)="C:\Program Files %28x86%29\Reference Assemblies\Microsoft\Framework\.NETFramework\v4.8\;;" (previous value: "v4.0.30319") at C:\Program Files\dotnet\sdk\9.0.302\Microsoft.Common.CurrentVersion.targets (1272,7) [C:\Users\quoc.nguyen\Downloads\Compressed\source-code-full-1\Source code full\RevitAPIMEP\Export\Export\ProSheetsAddin.csproj]
       C:\Program Files\dotnet\sdk\9.0.302\Microsoft.Common.CurrentVersion.targets(1293,7): message : Property reassignment: $(TargetFrameworkDirectory)="C:\Program Files %28x86%29\Reference Assemblies\Microsoft\Framework\.NETFramework\v4.8\;;;C:\Program Files %28x86%29\Reference Assemblies\Microsoft\Framework\.NETFramework\v4.8\Facades\" (previous value: "v4.0.30319") at C:\Program Files\dotnet\sdk\9.0.302\Microsoft.Common.CurrentVersion.targets (1293,7) [C:\Users\quoc.nguyen\Downloads\Compressed\source-code-full-1\Source code full\RevitAPIMEP\Export\Export\ProSheetsAddin.csproj]
   1:7>Done building target "GetReferenceAssemblyPaths" in project "ProSheetsAddin.csproj".
       Target "AssignLinkMetadata" skipped, due to false condition; ( '$(SynthesizeLinkMetadata)' == 'true' ) was evaluated as ( '' == 'true' ).
   1:7>Target "PrepareForBuild" in file "C:\Program Files\dotnet\sdk\9.0.302\Microsoft.Common.CurrentVersion.targets" from project "C:\Users\quoc.nguyen\Downloads\Compressed\source-code-full-1\Source code full\RevitAPIMEP\Export\Export\ProSheetsAddin.csproj" (target "CoreBuild" depends on it):
       Using "FindAppConfigFile" task from assembly "Microsoft.Build.Tasks.Core, Version=15.1.0.0, Culture=neutral, PublicKeyToken=b03f5f7f11d50a3a".
       Task "FindAppConfigFile"
       Done executing task "FindAppConfigFile".
       Using "MakeDir" task from assembly "Microsoft.Build.Tasks.Core, Version=15.1.0.0, Culture=neutral, PublicKeyToken=b03f5f7f11d50a3a".
       Task "MakeDir"
       Done executing task "MakeDir".
   1:7>Done building target "PrepareForBuild" in project "ProSheetsAddin.csproj".
       Target "PreBuildEvent" skipped, due to false condition; ('$(PreBuildEvent)'!='') was evaluated as (''!='').
   1:7>Target "BeforeResolveReferences" in file "C:\Program Files\dotnet\sdk\9.0.302\Microsoft.Common.CurrentVersion.targets" from project "C:\Users\quoc.nguyen\Downloads\Compressed\source-code-full-1\Source code full\RevitAPIMEP\Export\Export\ProSheetsAddin.csproj" (target "ResolveReferences" depends on it):
   1:7>Done building target "BeforeResolveReferences" in project "ProSheetsAddin.csproj".
       Target "AssignProjectConfiguration" skipped, due to false condition; ('$(CurrentSolutionConfigurationContents)' != '' or '@(ProjectReference)'!='') was evaluated as ('' != '' or ''!='').
   1:7>Target "IgnoreJavaScriptOutputAssembly" in file "C:\Program Files\dotnet\sdk\9.0.302\Microsoft.Common.CurrentVersion.targets" from project "C:\Users\quoc.nguyen\Downloads\Compressed\source-code-full-1\Source code full\RevitAPIMEP\Export\Export\ProSheetsAddin.csproj" (target "AssignProjectConfiguration" depends on it):
   1:7>Done building target "IgnoreJavaScriptOutputAssembly" in project "ProSheetsAddin.csproj".
       Target "AssignProjectConfiguration" skipped, due to false condition; ('$(CurrentSolutionConfigurationContents)' != '' or '@(ProjectReference)'!='') was evaluated as ('' != '' or ''!='').
       Target "AssignProjectConfiguration" skipped, due to false condition; ('$(CurrentSolutionConfigurationContents)' != '' or '@(ProjectReference)'!='') was evaluated as ('' != '' or ''!='').
   1:7>Target "_SplitProjectReferencesByFileExistence" in file "C:\Program Files\dotnet\sdk\9.0.302\Microsoft.Common.CurrentVersion.targets" from project "C:\Users\quoc.nguyen\Downloads\Compressed\source-code-full-1\Source code full\RevitAPIMEP\Export\Export\ProSheetsAddin.csproj" (target "PrepareProjectReferences" depends on it):
       Task "ResolveNonMSBuildProjectOutput" skipped, due to false condition; ('$(BuildingInsideVisualStudio)'=='true' and '@(ProjectReferenceWithConfiguration)'!='') was evaluated as (''=='true' and ''!='').
   1:7>Done building target "_SplitProjectReferencesByFileExistence" in project "ProSheetsAddin.csproj".
   1:7>Target "_AddOutputPathToGlobalPropertiesToRemove" in file "C:\Program Files\dotnet\sdk\9.0.302\Microsoft.Common.CurrentVersion.targets" from project "C:\Users\quoc.nguyen\Downloads\Compressed\source-code-full-1\Source code full\RevitAPIMEP\Export\Export\ProSheetsAddin.csproj" (target "_GetProjectReferenceTargetFrameworkProperties" depends on it):
   1:7>Done building target "_AddOutputPathToGlobalPropertiesToRemove" in project "ProSheetsAddin.csproj".
   1:7>Target "_GetProjectReferenceTargetFrameworkProperties" in file "C:\Program Files\dotnet\sdk\9.0.302\Microsoft.Common.CurrentVersion.targets" from project "C:\Users\quoc.nguyen\Downloads\Compressed\source-code-full-1\Source code full\RevitAPIMEP\Export\Export\ProSheetsAddin.csproj" (target "PrepareProjectReferences" depends on it):
       Task "MSBuild"
       Done executing task "MSBuild".
       Task "MSBuild" skipped, due to false condition; ('%(_MSBuildProjectReferenceExistent.SkipGetTargetFrameworkProperties)' != 'true' and '$(EnableDynamicPlatformResolution)' == 'true') was evaluated as ('' != 'true' and '' == 'true').
       Task "GetReferenceNearestTargetFrameworkTask" skipped, due to false condition; ('@(_ProjectReferenceTargetFrameworkPossibilities)' != '' and '$(ReferringTargetFrameworkForProjectReferences)' != ''
                                                               And '$(GetReferenceNearestTargetFrameworkTaskSupportsTargetPlatformParameter)' == 'true' and '%(_ProjectReferenceTargetFrameworkPossibilities.IsVcxOrNativeProj)' != 'true') was evaluated as ('' != '' and '.NETFramework,Version=v4.8' != ''
                                                               And 'true' == 'true' and '' != 'true').
       Task "GetReferenceNearestTargetFrameworkTask" skipped, due to false condition; ('@(_ProjectReferenceTargetFrameworkPossibilities)' != '' and '$(ReferringTargetFrameworkForProjectReferences)' != ''
                                                               And '$(GetReferenceNearestTargetFrameworkTaskSupportsTargetPlatformParameter)' != 'true' and '%(_ProjectReferenceTargetFrameworkPossibilities.IsVcxOrNativeProj)' != 'true') was evaluated as ('' != '' and '.NETFramework,Version=v4.8' != ''
                                                               And 'true' != 'true' and '' != 'true').
       Using "SetRidAgnosticValueForProjects" task from assembly "Microsoft.Build.Tasks.Core, Version=15.1.0.0, Culture=neutral, PublicKeyToken=b03f5f7f11d50a3a".
       Task "SetRidAgnosticValueForProjects"
       Done executing task "SetRidAgnosticValueForProjects".
   1:7>Done building target "_GetProjectReferenceTargetFrameworkProperties" in project "ProSheetsAddin.csproj".
       Target "_GetProjectReferencePlatformProperties" skipped, due to false condition; ('$(EnableDynamicPlatformResolution)' == 'true'
                            and '@(_MSBuildProjectReferenceExistent)' != '') was evaluated as ('' == 'true'
                            and '' != '').
   1:7>Target "PrepareProjectReferences" in file "C:\Program Files\dotnet\sdk\9.0.302\Microsoft.Common.CurrentVersion.targets" from project "C:\Users\quoc.nguyen\Downloads\Compressed\source-code-full-1\Source code full\RevitAPIMEP\Export\Export\ProSheetsAddin.csproj" (target "ResolveProjectReferences" depends on it):
   1:7>Done building target "PrepareProjectReferences" in project "ProSheetsAddin.csproj".
   1:7>Target "ResolveProjectReferences" in file "C:\Program Files\dotnet\sdk\9.0.302\Microsoft.Common.CurrentVersion.targets" from project "C:\Users\quoc.nguyen\Downloads\Compressed\source-code-full-1\Source code full\RevitAPIMEP\Export\Export\ProSheetsAddin.csproj" (target "ResolveReferences" depends on it):
       Task "MSBuild" skipped, due to false condition; ('%(_MSBuildProjectReferenceExistent.BuildReference)' == 'true' and '@(ProjectReferenceWithConfiguration)' != '' and ('$(BuildingInsideVisualStudio)' == 'true' or '$(BuildProjectReferences)' != 'true') and '$(VisualStudioVersion)' != '10.0' and '@(_MSBuildProjectReferenceExistent)' != '') was evaluated as ('' == 'true' and '' != '' and ('' == 'true' or 'true' != 'true') and '17.0' != '10.0' and '' != '').
       Task "MSBuild" skipped, due to false condition; ('%(_MSBuildProjectReferenceExistent.BuildReference)' == 'true' and '@(ProjectReferenceWithConfiguration)' != '' and '$(BuildingInsideVisualStudio)' != 'true' and '$(BuildProjectReferences)' == 'true' and '@(_MSBuildProjectReferenceExistent)' != '') was evaluated as ('' == 'true' and '' != '' and '' != 'true' and 'true' == 'true' and '' != '').
       Task "MSBuild" skipped, due to false condition; ('%(_MSBuildProjectReferenceExistent.BuildReference)' == 'true' and '@(ProjectReferenceWithConfiguration)' != '' and '$(BuildingProject)' == 'true' and '@(_MSBuildProjectReferenceExistent)' != '') was evaluated as ('' == 'true' and '' != '' and 'true' == 'true' and '' != '').
       Task "MSBuildInternalMessage" skipped, due to false condition; ('$(_NonExistentProjectReferenceSeverity)' != '') was evaluated as ('' != '').
   1:7>Done building target "ResolveProjectReferences" in project "ProSheetsAddin.csproj".
       Target "FindInvalidProjectReferences" skipped, due to false condition; ('$(FindInvalidProjectReferences)' == 'true') was evaluated as ('' == 'true').
       Target "ResolveNativeReferences" skipped, due to false condition; ('@(NativeReference)'!='') was evaluated as (''!='').
       Target "ResolveProjectReferences" skipped. Previously built successfully.
       Target "FindInvalidProjectReferences" skipped, due to false condition; ('$(FindInvalidProjectReferences)' == 'true') was evaluated as ('' == 'true').
       Target "GetFrameworkPaths" skipped. Previously built successfully.
       Target "GetReferenceAssemblyPaths" skipped. Previously built successfully.
       Target "PrepareForBuild" skipped. Previously built successfully.
       Target "GetInstalledSDKLocations" skipped, due to false condition; ('@(SDKReference)' != '') was evaluated as ('' != '').
   1:7>Target "ResolveSDKReferences" in file "C:\Program Files\dotnet\sdk\9.0.302\Microsoft.Common.CurrentVersion.targets" from project "C:\Users\quoc.nguyen\Downloads\Compressed\source-code-full-1\Source code full\RevitAPIMEP\Export\Export\ProSheetsAddin.csproj" (target "ResolveAssemblyReferences" depends on it):
       Task "ResolveSDKReference" skipped, due to false condition; ('@(SDKReference)'!='') was evaluated as (''!='').
   1:7>Done building target "ResolveSDKReferences" in project "ProSheetsAddin.csproj".
       Target "ResolveSDKReferences" skipped. Previously built successfully.
   1:7>Target "ExpandSDKReferences" in file "C:\Program Files\dotnet\sdk\9.0.302\Microsoft.Common.CurrentVersion.targets" from project "C:\Users\quoc.nguyen\Downloads\Compressed\source-code-full-1\Source code full\RevitAPIMEP\Export\Export\ProSheetsAddin.csproj" (target "ResolveAssemblyReferences" depends on it):
       Task "GetSDKReferenceFiles" skipped, due to false condition; ('@(ResolvedSDKReference)'!='') was evaluated as (''!='').
   1:7>Done building target "ExpandSDKReferences" in project "ProSheetsAddin.csproj".
   1:7>Target "ImplicitlyExpandNETStandardFacades" in file "C:\Program Files\dotnet\sdk\9.0.302\Microsoft\Microsoft.NET.Build.Extensions\Microsoft.NET.Build.Extensions.NETFramework.targets" from project "C:\Users\quoc.nguyen\Downloads\Compressed\source-code-full-1\Source code full\RevitAPIMEP\Export\Export\ProSheetsAddin.csproj" (target "ResolveAssemblyReferences" depends on it):
       Task "GetDependsOnNETStandard" skipped, due to false condition; ('$(_RunGetDependsOnNETStandard)' == 'true') was evaluated as ('' == 'true').
       Task "NETBuildExtensionsError" skipped, due to false condition; ('$(DependsOnNETStandard)' == 'true' AND '$(NETStandardInbox)' != 'true' AND '$(_UsingOldSDK)' == 'true') was evaluated as ('' == 'true' AND 'true' != 'true' AND '' == 'true').
       Task "AddFacadesToReferences" skipped, due to false condition; ('@(_NETStandardLibraryNETFrameworkLib)' != '') was evaluated as ('' != '').
   1:7>Done building target "ImplicitlyExpandNETStandardFacades" in project "ProSheetsAddin.csproj".
       Target "GetFrameworkPaths" skipped. Previously built successfully.
       Target "GetReferenceAssemblyPaths" skipped. Previously built successfully.
   1:7>Target "_HandlePackageFileConflicts" in file "C:\Program Files\dotnet\sdk\9.0.302\Microsoft\Microsoft.NET.Build.Extensions\Microsoft.NET.Build.Extensions.ConflictResolution.targets" from project "C:\Users\quoc.nguyen\Downloads\Compressed\source-code-full-1\Source code full\RevitAPIMEP\Export\Export\ProSheetsAddin.csproj" (target "ResolveAssemblyReferences" depends on it):
       Using "ResolvePackageFileConflicts" task from assembly "C:\Program Files\dotnet\sdk\9.0.302\Microsoft\Microsoft.NET.Build.Extensions\\tools\net9.0\Microsoft.NET.Build.Extensions.Tasks.dll".
       Task "ResolvePackageFileConflicts"
       Done executing task "ResolvePackageFileConflicts".
   1:7>Done building target "_HandlePackageFileConflicts" in project "ProSheetsAddin.csproj".
   1:7>Target "ResolveAssemblyReferences" in file "C:\Program Files\dotnet\sdk\9.0.302\Microsoft.Common.CurrentVersion.targets" from project "C:\Users\quoc.nguyen\Downloads\Compressed\source-code-full-1\Source code full\RevitAPIMEP\Export\Export\ProSheetsAddin.csproj" (target "ResolveReferences" depends on it):
       Using "ResolveAssemblyReference" task from assembly "Microsoft.Build.Tasks.Core, Version=15.1.0.0, Culture=neutral, PublicKeyToken=b03f5f7f11d50a3a".
       Task "ResolveAssemblyReference"
         TargetFrameworkMoniker:
             .NETFramework,Version=v4.8
         TargetFrameworkMonikerDisplayName:
             .NET Framework 4.8
         TargetedRuntimeVersion:
             v
         Assemblies:
             RevitAPI
                 Private = 'False'
                 HintPath = 'C:\Program Files\Autodesk\Revit 2023\RevitAPI.dll'
             RevitAPIUI
                 Private = 'False'
                 HintPath = 'C:\Program Files\Autodesk\Revit 2023\RevitAPIUI.dll'
             System
             System.Windows.Forms
             Microsoft.CSharp
             Microsoft.VisualBasic
             System.Xml
             System.Xml.Linq
             PresentationCore
             PresentationFramework
             WindowsBase
             System.Xaml
             UIAutomationProvider
             UIAutomationTypes
             Newtonsoft.Json, Version=13.0.0.0, Culture=neutral, PublicKeyToken=30ad4fe6b2a6aeed, processorArchitecture=MSIL
                 HintPath = '..\packages\Newtonsoft.Json.13.0.3\lib\net45\Newtonsoft.Json.dll'
             System.Core
         AssemblyFiles:
             C:\Program Files (x86)\Reference Assemblies\Microsoft\Framework\.NETFramework\v4.8\mscorlib.dll
         CandidateAssemblyFiles:
         TargetFrameworkDirectories:
             C:\Program Files (x86)\Reference Assemblies\Microsoft\Framework\.NETFramework\v4.8\,C:\Program Files (x86)\Reference Assemblies\Microsoft\Framework\.NETFramework\v4.8\Facades\
         NonCultureResourceDirectories:
             
         InstalledAssemblyTables:
         IgnoreInstalledAssemblyTable:
             False
         SearchPaths:
             {CandidateAssemblyFiles}
             {HintPathFromItem}
             {TargetFrameworkDirectory}
             {Registry:Software\Microsoft\.NETFramework,v4.8,AssemblyFoldersEx}
             {AssemblyFolders}
             {GAC}
             {RawFileName}
             bin\Debug\
         AllowedAssemblyExtensions:
             .winmd
             .dll
             .exe
         AllowedRelatedFileExtensions:
             .pdb
             .xml
             .pri
             .dll.config
             .exe.config
         AppConfigFile:
             
         AutoUnify:
             True
         EnableCustomCulture:
             False
         CopyLocalDependenciesWhenParentReferenceInGac:
             True
         FindDependencies:
             True
         TargetProcessorArchitecture:
             amd64
         StateFile:
             obj\x64\Debug\ProSheetsAddin.csproj.AssemblyReference.cache
         InstalledAssemblySubsetTables:
         IgnoreInstalledAssemblySubsetTable:
             False
         TargetFrameworkSubsets:
         FullTargetFrameworkSubsetNames:
             Full
         ProfileName:
             
         FullFrameworkFolders:
             C:\Program Files (x86)\Reference Assemblies\Microsoft\Framework\.NETFramework\v4.8\
         LatestTargetFrameworkDirectories:
         ProfileTablesLocation:
         Primary reference "mscorlib, Version=4.0.0.0, Culture=neutral, PublicKeyToken=b77a5c561934e089".
             Resolved file path is "C:\Program Files (x86)\Reference Assemblies\Microsoft\Framework\.NETFramework\v4.8\mscorlib.dll".
             Reference found at search path location "C:\Program Files (x86)\Reference Assemblies\Microsoft\Framework\.NETFramework\v4.8\mscorlib.dll".
             This reference is not "CopyLocal" because it's a prerequisite file.
         Primary reference "RevitAPI, Version=23.0.0.0, Culture=neutral, PublicKeyToken=null".
             Resolved file path is "C:\Program Files\Autodesk\Revit 2023\RevitAPI.dll".
             Reference found at search path location "{HintPathFromItem}".
             Found related file "C:\Program Files\Autodesk\Revit 2023\RevitAPI.xml".
             This reference is not "CopyLocal" because at least one source item had "Private" set to "false" and no source items had "Private" set to "true".
         Primary reference "RevitAPIUI, Version=23.0.0.0, Culture=neutral, PublicKeyToken=null".
             Resolved file path is "C:\Program Files\Autodesk\Revit 2023\RevitAPIUI.dll".
             Reference found at search path location "{HintPathFromItem}".
             Found related file "C:\Program Files\Autodesk\Revit 2023\RevitAPIUI.xml".
             This reference is not "CopyLocal" because at least one source item had "Private" set to "false" and no source items had "Private" set to "true".
         Primary reference "System, Version=4.0.0.0, Culture=neutral, PublicKeyToken=b77a5c561934e089".
             Resolved file path is "C:\Program Files (x86)\Reference Assemblies\Microsoft\Framework\.NETFramework\v4.8\System.dll".
             Reference found at search path location "{TargetFrameworkDirectory}".
                 For SearchPath "{TargetFrameworkDirectory}".
                 Considered "C:\Program Files (x86)\Reference Assemblies\Microsoft\Framework\.NETFramework\v4.8\System.winmd", but it didn't exist.
             This reference is not "CopyLocal" because it's a prerequisite file.
         Primary reference "System.Windows.Forms, Version=4.0.0.0, Culture=neutral, PublicKeyToken=b77a5c561934e089".
             Resolved file path is "C:\Program Files (x86)\Reference Assemblies\Microsoft\Framework\.NETFramework\v4.8\System.Windows.Forms.dll".
             Reference found at search path location "{TargetFrameworkDirectory}".
                 For SearchPath "{TargetFrameworkDirectory}".
                 Considered "C:\Program Files (x86)\Reference Assemblies\Microsoft\Framework\.NETFramework\v4.8\System.Windows.Forms.winmd", but it didn't exist.
             This reference is not "CopyLocal" because it's a prerequisite file.
         Primary reference "Microsoft.CSharp, Version=4.0.0.0, Culture=neutral, PublicKeyToken=b03f5f7f11d50a3a".
             Resolved file path is "C:\Program Files (x86)\Reference Assemblies\Microsoft\Framework\.NETFramework\v4.8\Microsoft.CSharp.dll".
             Reference found at search path location "{TargetFrameworkDirectory}".
                 For SearchPath "{TargetFrameworkDirectory}".
                 Considered "C:\Program Files (x86)\Reference Assemblies\Microsoft\Framework\.NETFramework\v4.8\Microsoft.CSharp.winmd", but it didn't exist.
             This reference is not "CopyLocal" because it's a prerequisite file.
         Primary reference "Microsoft.VisualBasic, Version=10.0.0.0, Culture=neutral, PublicKeyToken=b03f5f7f11d50a3a".
             Resolved file path is "C:\Program Files (x86)\Reference Assemblies\Microsoft\Framework\.NETFramework\v4.8\Microsoft.VisualBasic.dll".
             Reference found at search path location "{TargetFrameworkDirectory}".
                 For SearchPath "{TargetFrameworkDirectory}".
                 Considered "C:\Program Files (x86)\Reference Assemblies\Microsoft\Framework\.NETFramework\v4.8\Microsoft.VisualBasic.winmd", but it didn't exist.
             This reference is not "CopyLocal" because it's a prerequisite file.
         Primary reference "System.Xml, Version=4.0.0.0, Culture=neutral, PublicKeyToken=b77a5c561934e089".
             Resolved file path is "C:\Program Files (x86)\Reference Assemblies\Microsoft\Framework\.NETFramework\v4.8\System.Xml.dll".
             Reference found at search path location "{TargetFrameworkDirectory}".
                 For SearchPath "{TargetFrameworkDirectory}".
                 Considered "C:\Program Files (x86)\Reference Assemblies\Microsoft\Framework\.NETFramework\v4.8\System.Xml.winmd", but it didn't exist.
             This reference is not "CopyLocal" because it's a prerequisite file.
         Primary reference "System.Xml.Linq, Version=4.0.0.0, Culture=neutral, PublicKeyToken=b77a5c561934e089".
             Resolved file path is "C:\Program Files (x86)\Reference Assemblies\Microsoft\Framework\.NETFramework\v4.8\System.Xml.Linq.dll".
             Reference found at search path location "{TargetFrameworkDirectory}".
                 For SearchPath "{TargetFrameworkDirectory}".
                 Considered "C:\Program Files (x86)\Reference Assemblies\Microsoft\Framework\.NETFramework\v4.8\System.Xml.Linq.winmd", but it didn't exist.
             This reference is not "CopyLocal" because it's a prerequisite file.
         Primary reference "PresentationCore, Version=4.0.0.0, Culture=neutral, PublicKeyToken=31bf3856ad364e35".
             Resolved file path is "C:\Program Files (x86)\Reference Assemblies\Microsoft\Framework\.NETFramework\v4.8\PresentationCore.dll".
             Reference found at search path location "{TargetFrameworkDirectory}".
                 For SearchPath "{TargetFrameworkDirectory}".
                 Considered "C:\Program Files (x86)\Reference Assemblies\Microsoft\Framework\.NETFramework\v4.8\PresentationCore.winmd", but it didn't exist.
             This reference is not "CopyLocal" because it's a prerequisite file.
         Primary reference "PresentationFramework, Version=4.0.0.0, Culture=neutral, PublicKeyToken=31bf3856ad364e35".
             Resolved file path is "C:\Program Files (x86)\Reference Assemblies\Microsoft\Framework\.NETFramework\v4.8\PresentationFramework.dll".
             Reference found at search path location "{TargetFrameworkDirectory}".
                 For SearchPath "{TargetFrameworkDirectory}".
                 Considered "C:\Program Files (x86)\Reference Assemblies\Microsoft\Framework\.NETFramework\v4.8\PresentationFramework.winmd", but it didn't exist.
             This reference is not "CopyLocal" because it's a prerequisite file.
         Primary reference "WindowsBase, Version=4.0.0.0, Culture=neutral, PublicKeyToken=31bf3856ad364e35".
             Resolved file path is "C:\Program Files (x86)\Reference Assemblies\Microsoft\Framework\.NETFramework\v4.8\WindowsBase.dll".
             Reference found at search path location "{TargetFrameworkDirectory}".
                 For SearchPath "{TargetFrameworkDirectory}".
                 Considered "C:\Program Files (x86)\Reference Assemblies\Microsoft\Framework\.NETFramework\v4.8\WindowsBase.winmd", but it didn't exist.
             This reference is not "CopyLocal" because it's a prerequisite file.
         Primary reference "System.Xaml, Version=4.0.0.0, Culture=neutral, PublicKeyToken=b77a5c561934e089".
             Resolved file path is "C:\Program Files (x86)\Reference Assemblies\Microsoft\Framework\.NETFramework\v4.8\System.Xaml.dll".
             Reference found at search path location "{TargetFrameworkDirectory}".
                 For SearchPath "{TargetFrameworkDirectory}".
                 Considered "C:\Program Files (x86)\Reference Assemblies\Microsoft\Framework\.NETFramework\v4.8\System.Xaml.winmd", but it didn't exist.
             This reference is not "CopyLocal" because it's a prerequisite file.
         Primary reference "UIAutomationProvider, Version=4.0.0.0, Culture=neutral, PublicKeyToken=31bf3856ad364e35".
             Resolved file path is "C:\Program Files (x86)\Reference Assemblies\Microsoft\Framework\.NETFramework\v4.8\UIAutomationProvider.dll".
             Reference found at search path location "{TargetFrameworkDirectory}".
                 For SearchPath "{TargetFrameworkDirectory}".
                 Considered "C:\Program Files (x86)\Reference Assemblies\Microsoft\Framework\.NETFramework\v4.8\UIAutomationProvider.winmd", but it didn't exist.
             This reference is not "CopyLocal" because it's a prerequisite file.
         Primary reference "UIAutomationTypes, Version=4.0.0.0, Culture=neutral, PublicKeyToken=31bf3856ad364e35".
             Resolved file path is "C:\Program Files (x86)\Reference Assemblies\Microsoft\Framework\.NETFramework\v4.8\UIAutomationTypes.dll".
             Reference found at search path location "{TargetFrameworkDirectory}".
                 For SearchPath "{TargetFrameworkDirectory}".
                 Considered "C:\Program Files (x86)\Reference Assemblies\Microsoft\Framework\.NETFramework\v4.8\UIAutomationTypes.winmd", but it didn't exist.
             This reference is not "CopyLocal" because it's a prerequisite file.
         Primary reference "Newtonsoft.Json, Version=13.0.0.0, Culture=neutral, PublicKeyToken=30ad4fe6b2a6aeed".
             Resolved file path is "C:\Users\quoc.nguyen\Downloads\Compressed\source-code-full-1\Source code full\RevitAPIMEP\Export\packages\Newtonsoft.Json.13.0.3\lib\net45\Newtonsoft.Json.dll".
             Reference found at search path location "{HintPathFromItem}".
             Found related file "C:\Users\quoc.nguyen\Downloads\Compressed\source-code-full-1\Source code full\RevitAPIMEP\Export\packages\Newtonsoft.Json.13.0.3\lib\net45\Newtonsoft.Json.xml".
         Primary reference "System.Core, Version=4.0.0.0, Culture=neutral, PublicKeyToken=b77a5c561934e089".
             Resolved file path is "C:\Program Files (x86)\Reference Assemblies\Microsoft\Framework\.NETFramework\v4.8\System.Core.dll".
             Reference found at search path location "{TargetFrameworkDirectory}".
                 For SearchPath "{TargetFrameworkDirectory}".
                 Considered "C:\Program Files (x86)\Reference Assemblies\Microsoft\Framework\.NETFramework\v4.8\System.Core.winmd", but it didn't exist.
             This reference is not "CopyLocal" because it's a prerequisite file.
         Dependency "AdpSDKCSharpWrapper, Version=1.0.0.0, Culture=neutral, PublicKeyToken=null".
             Resolved file path is "C:\Program Files\Autodesk\Revit 2023\AdpSDKCSharpWrapper.dll".
             Reference found at search path location "C:\Program Files\Autodesk\Revit 2023".
                 For SearchPath "C:\Program Files\Autodesk\Revit 2023" (added by referencing assembly "C:\Program Files\Autodesk\Revit 2023\RevitAPI.dll").
                 Considered "C:\Program Files\Autodesk\Revit 2023\AdpSDKCSharpWrapper.winmd", but it didn't exist.
             Required by "RevitAPI".
             Required by "RevitAPIUI".
             This reference is not "CopyLocal" because at least one source item had "Private" set to "false" and no source items had "Private" set to "true".
         Dependency "AdskRcManaged, Version=1.0.7977.26735, Culture=neutral, PublicKeyToken=null".
             Resolved file path is "C:\Program Files\Autodesk\Revit 2023\AdskRcManaged.dll".
             Reference found at search path location "C:\Program Files\Autodesk\Revit 2023".
                 For SearchPath "C:\Program Files\Autodesk\Revit 2023" (added by referencing assembly "C:\Program Files\Autodesk\Revit 2023\RevitAPI.dll").
                 Considered "C:\Program Files\Autodesk\Revit 2023\AdskRcManaged.winmd", but it didn't exist.
             Required by "RevitAPI".
             Required by "RevitAPIUI".
             This reference is not "CopyLocal" because at least one source item had "Private" set to "false" and no source items had "Private" set to "true".
         Dependency "System.Drawing, Version=4.0.0.0, Culture=neutral, PublicKeyToken=b03f5f7f11d50a3a".
             Resolved file path is "C:\Program Files (x86)\Reference Assemblies\Microsoft\Framework\.NETFramework\v4.8\System.Drawing.dll".
             Reference found at search path location "{TargetFrameworkDirectory}".
                 For SearchPath "C:\Program Files\Autodesk\Revit 2023" (added by referencing assembly "C:\Program Files\Autodesk\Revit 2023\RevitAPI.dll").
                 Considered "C:\Program Files\Autodesk\Revit 2023\System.Drawing.winmd", but it didn't exist.
                 Considered "C:\Program Files\Autodesk\Revit 2023\System.Drawing.dll", but it didn't exist.
                 Considered "C:\Program Files\Autodesk\Revit 2023\System.Drawing.exe", but it didn't exist.
                 For SearchPath "{TargetFrameworkDirectory}".
                 Considered "C:\Program Files (x86)\Reference Assemblies\Microsoft\Framework\.NETFramework\v4.8\System.Drawing.winmd", but it didn't exist.
             Required by "RevitAPI".
             Required by "RevitAPIUI".
             This reference is not "CopyLocal" because at least one source item had "Private" set to "false" and no source items had "Private" set to "true".
         Dependency "RevitAPIFoundation, Version=23.0.0.0, Culture=neutral, PublicKeyToken=null".
             Resolved file path is "C:\Program Files\Autodesk\Revit 2023\RevitAPIFoundation.dll".
             Reference found at search path location "C:\Program Files\Autodesk\Revit 2023".
                 For SearchPath "C:\Program Files\Autodesk\Revit 2023" (added by referencing assembly "C:\Program Files\Autodesk\Revit 2023\RevitAPI.dll").
                 Considered "C:\Program Files\Autodesk\Revit 2023\RevitAPIFoundation.winmd", but it didn't exist.
             Required by "RevitAPI".
             Required by "RevitAPIUI".
             This reference is not "CopyLocal" because at least one source item had "Private" set to "false" and no source items had "Private" set to "true".
         Dependency "RevitDBAPI, Version=23.0.0.0, Culture=neutral, PublicKeyToken=null".
             Resolved file path is "C:\Program Files\Autodesk\Revit 2023\RevitDBAPI.dll".
             Reference found at search path location "C:\Program Files\Autodesk\Revit 2023".
                 For SearchPath "C:\Program Files\Autodesk\Revit 2023" (added by referencing assembly "C:\Program Files\Autodesk\Revit 2023\RevitAPI.dll").
                 Considered "C:\Program Files\Autodesk\Revit 2023\RevitDBAPI.winmd", but it didn't exist.
             Required by "RevitAPI".
             Required by "RevitAPIUI".
             This reference is not "CopyLocal" because at least one source item had "Private" set to "false" and no source items had "Private" set to "true".
         Dependency "RevitDBCoreAPI, Version=23.0.0.0, Culture=neutral, PublicKeyToken=null".
             Resolved file path is "C:\Program Files\Autodesk\Revit 2023\RevitDBCoreAPI.dll".
             Reference found at search path location "C:\Program Files\Autodesk\Revit 2023".
                 For SearchPath "C:\Program Files\Autodesk\Revit 2023" (added by referencing assembly "C:\Program Files\Autodesk\Revit 2023\RevitAPI.dll").
                 Considered "C:\Program Files\Autodesk\Revit 2023\RevitDBCoreAPI.winmd", but it didn't exist.
             Required by "RevitAPI".
             Required by "RevitAPIUI".
             This reference is not "CopyLocal" because at least one source item had "Private" set to "false" and no source items had "Private" set to "true".
         Dependency "PersistenceDBAPI, Version=23.0.0.0, Culture=neutral, PublicKeyToken=null".
             Resolved file path is "C:\Program Files\Autodesk\Revit 2023\PersistenceDBAPI.dll".
             Reference found at search path location "C:\Program Files\Autodesk\Revit 2023".
                 For SearchPath "C:\Program Files\Autodesk\Revit 2023" (added by referencing assembly "C:\Program Files\Autodesk\Revit 2023\RevitAPI.dll").
                 Considered "C:\Program Files\Autodesk\Revit 2023\PersistenceDBAPI.winmd", but it didn't exist.
             Required by "RevitAPI".
             Required by "RevitAPIUI".
             This reference is not "CopyLocal" because at least one source item had "Private" set to "false" and no source items had "Private" set to "true".
         Dependency "UtilityAPI, Version=23.0.0.0, Culture=neutral, PublicKeyToken=null".
             Resolved file path is "C:\Program Files\Autodesk\Revit 2023\UtilityAPI.dll".
             Reference found at search path location "C:\Program Files\Autodesk\Revit 2023".
                 For SearchPath "C:\Program Files\Autodesk\Revit 2023" (added by referencing assembly "C:\Program Files\Autodesk\Revit 2023\RevitAPI.dll").
                 Considered "C:\Program Files\Autodesk\Revit 2023\UtilityAPI.winmd", but it didn't exist.
             Required by "RevitAPI".
             Required by "RevitAPIUI".
             This reference is not "CopyLocal" because at least one source item had "Private" set to "false" and no source items had "Private" set to "true".
         Dependency "APIDBAPI, Version=23.0.0.0, Culture=neutral, PublicKeyToken=null".
             Resolved file path is "C:\Program Files\Autodesk\Revit 2023\APIDBAPI.dll".
             Reference found at search path location "C:\Program Files\Autodesk\Revit 2023".
                 For SearchPath "C:\Program Files\Autodesk\Revit 2023" (added by referencing assembly "C:\Program Files\Autodesk\Revit 2023\RevitAPI.dll").
                 Considered "C:\Program Files\Autodesk\Revit 2023\APIDBAPI.winmd", but it didn't exist.
             Required by "RevitAPI".
             Required by "RevitAPIUI".
             This reference is not "CopyLocal" because at least one source item had "Private" set to "false" and no source items had "Private" set to "true".
         Dependency "GraphicsAPI, Version=23.0.0.0, Culture=neutral, PublicKeyToken=null".
             Resolved file path is "C:\Program Files\Autodesk\Revit 2023\GraphicsAPI.dll".
             Reference found at search path location "C:\Program Files\Autodesk\Revit 2023".
                 For SearchPath "C:\Program Files\Autodesk\Revit 2023" (added by referencing assembly "C:\Program Files\Autodesk\Revit 2023\RevitAPI.dll").
                 Considered "C:\Program Files\Autodesk\Revit 2023\GraphicsAPI.winmd", but it didn't exist.
             Required by "RevitAPI".
             Required by "RevitAPIUI".
             This reference is not "CopyLocal" because at least one source item had "Private" set to "false" and no source items had "Private" set to "true".
         Dependency "ElementGroupDBAPI, Version=23.0.0.0, Culture=neutral, PublicKeyToken=null".
             Resolved file path is "C:\Program Files\Autodesk\Revit 2023\ElementGroupDBAPI.dll".
             Reference found at search path location "C:\Program Files\Autodesk\Revit 2023".
                 For SearchPath "C:\Program Files\Autodesk\Revit 2023" (added by referencing assembly "C:\Program Files\Autodesk\Revit 2023\RevitAPI.dll").
                 Considered "C:\Program Files\Autodesk\Revit 2023\ElementGroupDBAPI.winmd", but it didn't exist.
             Required by "RevitAPI".
             Required by "RevitAPIUI".
             This reference is not "CopyLocal" because at least one source item had "Private" set to "false" and no source items had "Private" set to "true".
         Dependency "EssentialsDBAPI, Version=23.0.0.0, Culture=neutral, PublicKeyToken=null".
             Resolved file path is "C:\Program Files\Autodesk\Revit 2023\EssentialsDBAPI.dll".
             Reference found at search path location "C:\Program Files\Autodesk\Revit 2023".
                 For SearchPath "C:\Program Files\Autodesk\Revit 2023" (added by referencing assembly "C:\Program Files\Autodesk\Revit 2023\RevitAPI.dll").
                 Considered "C:\Program Files\Autodesk\Revit 2023\EssentialsDBAPI.winmd", but it didn't exist.
             Required by "RevitAPI".
             Required by "RevitAPIUI".
             This reference is not "CopyLocal" because at least one source item had "Private" set to "false" and no source items had "Private" set to "true".
         Dependency "GeomUtilAPI, Version=23.0.0.0, Culture=neutral, PublicKeyToken=null".
             Resolved file path is "C:\Program Files\Autodesk\Revit 2023\GeomUtilAPI.dll".
             Reference found at search path location "C:\Program Files\Autodesk\Revit 2023".
                 For SearchPath "C:\Program Files\Autodesk\Revit 2023" (added by referencing assembly "C:\Program Files\Autodesk\Revit 2023\RevitAPI.dll").
                 Considered "C:\Program Files\Autodesk\Revit 2023\GeomUtilAPI.winmd", but it didn't exist.
             Required by "RevitAPI".
             Required by "RevitAPIUI".
             This reference is not "CopyLocal" because at least one source item had "Private" set to "false" and no source items had "Private" set to "true".
         Dependency "FamilyDBAPI, Version=23.0.0.0, Culture=neutral, PublicKeyToken=null".
             Resolved file path is "C:\Program Files\Autodesk\Revit 2023\FamilyDBAPI.dll".
             Reference found at search path location "C:\Program Files\Autodesk\Revit 2023".
                 For SearchPath "C:\Program Files\Autodesk\Revit 2023" (added by referencing assembly "C:\Program Files\Autodesk\Revit 2023\RevitAPI.dll").
                 Considered "C:\Program Files\Autodesk\Revit 2023\FamilyDBAPI.winmd", but it didn't exist.
             Required by "RevitAPI".
             Required by "RevitAPIUI".
             This reference is not "CopyLocal" because at least one source item had "Private" set to "false" and no source items had "Private" set to "true".
         Dependency "DetailDBAPI, Version=23.0.0.0, Culture=neutral, PublicKeyToken=null".
             Resolved file path is "C:\Program Files\Autodesk\Revit 2023\DetailDBAPI.dll".
             Reference found at search path location "C:\Program Files\Autodesk\Revit 2023".
                 For SearchPath "C:\Program Files\Autodesk\Revit 2023" (added by referencing assembly "C:\Program Files\Autodesk\Revit 2023\RevitAPI.dll").
                 Considered "C:\Program Files\Autodesk\Revit 2023\DetailDBAPI.winmd", but it didn't exist.
             Required by "RevitAPI".
             Required by "RevitAPIUI".
             This reference is not "CopyLocal" because at least one source item had "Private" set to "false" and no source items had "Private" set to "true".
         Dependency "CurtainGridFamilyDBAPI, Version=23.0.0.0, Culture=neutral, PublicKeyToken=null".
             Resolved file path is "C:\Program Files\Autodesk\Revit 2023\CurtainGridFamilyDBAPI.dll".
             Reference found at search path location "C:\Program Files\Autodesk\Revit 2023".
                 For SearchPath "C:\Program Files\Autodesk\Revit 2023" (added by referencing assembly "C:\Program Files\Autodesk\Revit 2023\RevitAPI.dll").
                 Considered "C:\Program Files\Autodesk\Revit 2023\CurtainGridFamilyDBAPI.winmd", but it didn't exist.
             Required by "RevitAPI".
             Required by "RevitAPIUI".
             This reference is not "CopyLocal" because at least one source item had "Private" set to "false" and no source items had "Private" set to "true".
         Dependency "ArrayElemsDBAPI, Version=23.0.0.0, Culture=neutral, PublicKeyToken=null".
             Resolved file path is "C:\Program Files\Autodesk\Revit 2023\ArrayElemsDBAPI.dll".
             Reference found at search path location "C:\Program Files\Autodesk\Revit 2023".
                 For SearchPath "C:\Program Files\Autodesk\Revit 2023" (added by referencing assembly "C:\Program Files\Autodesk\Revit 2023\RevitAPI.dll").
                 Considered "C:\Program Files\Autodesk\Revit 2023\ArrayElemsDBAPI.winmd", but it didn't exist.
             Required by "RevitAPI".
             Required by "RevitAPIUI".
             This reference is not "CopyLocal" because at least one source item had "Private" set to "false" and no source items had "Private" set to "true".
         Dependency "EnergyAnalysisDBAPI, Version=23.0.0.0, Culture=neutral, PublicKeyToken=null".
             Resolved file path is "C:\Program Files\Autodesk\Revit 2023\EnergyAnalysisDBAPI.dll".
             Reference found at search path location "C:\Program Files\Autodesk\Revit 2023".
                 For SearchPath "C:\Program Files\Autodesk\Revit 2023" (added by referencing assembly "C:\Program Files\Autodesk\Revit 2023\RevitAPI.dll").
                 Considered "C:\Program Files\Autodesk\Revit 2023\EnergyAnalysisDBAPI.winmd", but it didn't exist.
             Required by "RevitAPI".
             Required by "RevitAPIUI".
             This reference is not "CopyLocal" because at least one source item had "Private" set to "false" and no source items had "Private" set to "true".
         Dependency "BuildingSystemsDBAPI, Version=23.0.0.0, Culture=neutral, PublicKeyToken=null".
             Resolved file path is "C:\Program Files\Autodesk\Revit 2023\BuildingSystemsDBAPI.dll".
             Reference found at search path location "C:\Program Files\Autodesk\Revit 2023".
                 For SearchPath "C:\Program Files\Autodesk\Revit 2023" (added by referencing assembly "C:\Program Files\Autodesk\Revit 2023\RevitAPI.dll").
                 Considered "C:\Program Files\Autodesk\Revit 2023\BuildingSystemsDBAPI.winmd", but it didn't exist.
             Required by "RevitAPI".
             Required by "RevitAPIUI".
             This reference is not "CopyLocal" because at least one source item had "Private" set to "false" and no source items had "Private" set to "true".
         Dependency "HostObjDBAPI, Version=23.0.0.0, Culture=neutral, PublicKeyToken=null".
             Resolved file path is "C:\Program Files\Autodesk\Revit 2023\HostObjDBAPI.dll".
             Reference found at search path location "C:\Program Files\Autodesk\Revit 2023".
                 For SearchPath "C:\Program Files\Autodesk\Revit 2023" (added by referencing assembly "C:\Program Files\Autodesk\Revit 2023\RevitAPI.dll").
                 Considered "C:\Program Files\Autodesk\Revit 2023\HostObjDBAPI.winmd", but it didn't exist.
             Required by "RevitAPI".
             Required by "RevitAPIUI".
             This reference is not "CopyLocal" because at least one source item had "Private" set to "false" and no source items had "Private" set to "true".
         Dependency "RoomAreaPlanDBAPI, Version=23.0.0.0, Culture=neutral, PublicKeyToken=null".
             Resolved file path is "C:\Program Files\Autodesk\Revit 2023\RoomAreaPlanDBAPI.dll".
             Reference found at search path location "C:\Program Files\Autodesk\Revit 2023".
                 For SearchPath "C:\Program Files\Autodesk\Revit 2023" (added by referencing assembly "C:\Program Files\Autodesk\Revit 2023\RevitAPI.dll").
                 Considered "C:\Program Files\Autodesk\Revit 2023\RoomAreaPlanDBAPI.winmd", but it didn't exist.
             Required by "RevitAPI".
             Required by "RevitAPIUI".
             This reference is not "CopyLocal" because at least one source item had "Private" set to "false" and no source items had "Private" set to "true".
         Dependency "SiteDBAPI, Version=23.0.0.0, Culture=neutral, PublicKeyToken=null".
             Resolved file path is "C:\Program Files\Autodesk\Revit 2023\SiteDBAPI.dll".
             Reference found at search path location "C:\Program Files\Autodesk\Revit 2023".
                 For SearchPath "C:\Program Files\Autodesk\Revit 2023" (added by referencing assembly "C:\Program Files\Autodesk\Revit 2023\RevitAPI.dll").
                 Considered "C:\Program Files\Autodesk\Revit 2023\SiteDBAPI.winmd", but it didn't exist.
             Required by "RevitAPI".
             Required by "RevitAPIUI".
             This reference is not "CopyLocal" because at least one source item had "Private" set to "false" and no source items had "Private" set to "true".
         Dependency "SculptingDBAPI, Version=23.0.0.0, Culture=neutral, PublicKeyToken=null".
             Resolved file path is "C:\Program Files\Autodesk\Revit 2023\SculptingDBAPI.dll".
             Reference found at search path location "C:\Program Files\Autodesk\Revit 2023".
                 For SearchPath "C:\Program Files\Autodesk\Revit 2023" (added by referencing assembly "C:\Program Files\Autodesk\Revit 2023\RevitAPI.dll").
                 Considered "C:\Program Files\Autodesk\Revit 2023\SculptingDBAPI.winmd", but it didn't exist.
             Required by "RevitAPI".
             Required by "RevitAPIUI".
             This reference is not "CopyLocal" because at least one source item had "Private" set to "false" and no source items had "Private" set to "true".
         Dependency "StructuralDBAPI, Version=23.0.0.0, Culture=neutral, PublicKeyToken=null".
             Resolved file path is "C:\Program Files\Autodesk\Revit 2023\StructuralDBAPI.dll".
             Reference found at search path location "C:\Program Files\Autodesk\Revit 2023".
                 For SearchPath "C:\Program Files\Autodesk\Revit 2023" (added by referencing assembly "C:\Program Files\Autodesk\Revit 2023\RevitAPI.dll").
                 Considered "C:\Program Files\Autodesk\Revit 2023\StructuralDBAPI.winmd", but it didn't exist.
             Required by "RevitAPI".
             Required by "RevitAPIUI".
             This reference is not "CopyLocal" because at least one source item had "Private" set to "false" and no source items had "Private" set to "true".
         Dependency "InterfaceAPI, Version=23.0.0.0, Culture=neutral, PublicKeyToken=null".
             Resolved file path is "C:\Program Files\Autodesk\Revit 2023\InterfaceAPI.dll".
             Reference found at search path location "C:\Program Files\Autodesk\Revit 2023".
                 For SearchPath "C:\Program Files\Autodesk\Revit 2023" (added by referencing assembly "C:\Program Files\Autodesk\Revit 2023\RevitAPI.dll").
                 Considered "C:\Program Files\Autodesk\Revit 2023\InterfaceAPI.winmd", but it didn't exist.
             Required by "RevitAPI".
             Required by "RevitAPIUI".
             This reference is not "CopyLocal" because at least one source item had "Private" set to "false" and no source items had "Private" set to "true".
         Dependency "InterfaceUtilAPI, Version=23.0.0.0, Culture=neutral, PublicKeyToken=null".
             Resolved file path is "C:\Program Files\Autodesk\Revit 2023\InterfaceUtilAPI.dll".
             Reference found at search path location "C:\Program Files\Autodesk\Revit 2023".
                 For SearchPath "C:\Program Files\Autodesk\Revit 2023" (added by referencing assembly "C:\Program Files\Autodesk\Revit 2023\RevitAPI.dll").
                 Considered "C:\Program Files\Autodesk\Revit 2023\InterfaceUtilAPI.winmd", but it didn't exist.
             Required by "RevitAPI".
             Required by "RevitAPIUI".
             This reference is not "CopyLocal" because at least one source item had "Private" set to "false" and no source items had "Private" set to "true".
         Dependency "RebarDBAPI, Version=23.0.0.0, Culture=neutral, PublicKeyToken=null".
             Resolved file path is "C:\Program Files\Autodesk\Revit 2023\RebarDBAPI.dll".
             Reference found at search path location "C:\Program Files\Autodesk\Revit 2023".
                 For SearchPath "C:\Program Files\Autodesk\Revit 2023" (added by referencing assembly "C:\Program Files\Autodesk\Revit 2023\RevitAPI.dll").
                 Considered "C:\Program Files\Autodesk\Revit 2023\RebarDBAPI.winmd", but it didn't exist.
             Required by "RevitAPI".
             Required by "RevitAPIUI".
             This reference is not "CopyLocal" because at least one source item had "Private" set to "false" and no source items had "Private" set to "true".
         Dependency "StructuralAnalysisDBAPI, Version=23.0.0.0, Culture=neutral, PublicKeyToken=null".
             Resolved file path is "C:\Program Files\Autodesk\Revit 2023\StructuralAnalysisDBAPI.dll".
             Reference found at search path location "C:\Program Files\Autodesk\Revit 2023".
                 For SearchPath "C:\Program Files\Autodesk\Revit 2023" (added by referencing assembly "C:\Program Files\Autodesk\Revit 2023\RevitAPI.dll").
                 Considered "C:\Program Files\Autodesk\Revit 2023\StructuralAnalysisDBAPI.winmd", but it didn't exist.
             Required by "RevitAPI".
             Required by "RevitAPIUI".
             This reference is not "CopyLocal" because at least one source item had "Private" set to "false" and no source items had "Private" set to "true".
         Dependency "MassingDBAPI, Version=23.0.0.0, Culture=neutral, PublicKeyToken=null".
             Resolved file path is "C:\Program Files\Autodesk\Revit 2023\MassingDBAPI.dll".
             Reference found at search path location "C:\Program Files\Autodesk\Revit 2023".
                 For SearchPath "C:\Program Files\Autodesk\Revit 2023" (added by referencing assembly "C:\Program Files\Autodesk\Revit 2023\RevitAPI.dll").
                 Considered "C:\Program Files\Autodesk\Revit 2023\MassingDBAPI.winmd", but it didn't exist.
             Required by "RevitAPI".
             Required by "RevitAPIUI".
             This reference is not "CopyLocal" because at least one source item had "Private" set to "false" and no source items had "Private" set to "true".
         Dependency "AssemblyDBAPI, Version=23.0.0.0, Culture=neutral, PublicKeyToken=null".
             Resolved file path is "C:\Program Files\Autodesk\Revit 2023\AssemblyDBAPI.dll".
             Reference found at search path location "C:\Program Files\Autodesk\Revit 2023".
                 For SearchPath "C:\Program Files\Autodesk\Revit 2023" (added by referencing assembly "C:\Program Files\Autodesk\Revit 2023\RevitAPI.dll").
                 Considered "C:\Program Files\Autodesk\Revit 2023\AssemblyDBAPI.winmd", but it didn't exist.
             Required by "RevitAPI".
             Required by "RevitAPIUI".
             This reference is not "CopyLocal" because at least one source item had "Private" set to "false" and no source items had "Private" set to "true".
         Dependency "DPartDBAPI, Version=23.0.0.0, Culture=neutral, PublicKeyToken=null".
             Resolved file path is "C:\Program Files\Autodesk\Revit 2023\DPartDBAPI.dll".
             Reference found at search path location "C:\Program Files\Autodesk\Revit 2023".
                 For SearchPath "C:\Program Files\Autodesk\Revit 2023" (added by referencing assembly "C:\Program Files\Autodesk\Revit 2023\RevitAPI.dll").
                 Considered "C:\Program Files\Autodesk\Revit 2023\DPartDBAPI.winmd", but it didn't exist.
             Required by "RevitAPI".
             Required by "RevitAPIUI".
             This reference is not "CopyLocal" because at least one source item had "Private" set to "false" and no source items had "Private" set to "true".
         Dependency "NumberingDBAPI, Version=23.0.0.0, Culture=neutral, PublicKeyToken=null".
             Resolved file path is "C:\Program Files\Autodesk\Revit 2023\NumberingDBAPI.dll".
             Reference found at search path location "C:\Program Files\Autodesk\Revit 2023".
                 For SearchPath "C:\Program Files\Autodesk\Revit 2023" (added by referencing assembly "C:\Program Files\Autodesk\Revit 2023\RevitAPI.dll").
                 Considered "C:\Program Files\Autodesk\Revit 2023\NumberingDBAPI.winmd", but it didn't exist.
             Required by "RevitAPI".
             Required by "RevitAPIUI".
             This reference is not "CopyLocal" because at least one source item had "Private" set to "false" and no source items had "Private" set to "true".
         Dependency "PointCloudAccessAPI, Version=23.0.0.0, Culture=neutral, PublicKeyToken=null".
             Resolved file path is "C:\Program Files\Autodesk\Revit 2023\PointCloudAccessAPI.dll".
             Reference found at search path location "C:\Program Files\Autodesk\Revit 2023".
                 For SearchPath "C:\Program Files\Autodesk\Revit 2023" (added by referencing assembly "C:\Program Files\Autodesk\Revit 2023\RevitAPI.dll").
                 Considered "C:\Program Files\Autodesk\Revit 2023\PointCloudAccessAPI.winmd", but it didn't exist.
             Required by "RevitAPI".
             Required by "RevitAPIUI".
             This reference is not "CopyLocal" because at least one source item had "Private" set to "false" and no source items had "Private" set to "true".
         Dependency "StairRampDBAPI, Version=23.0.0.0, Culture=neutral, PublicKeyToken=null".
             Resolved file path is "C:\Program Files\Autodesk\Revit 2023\StairRampDBAPI.dll".
             Reference found at search path location "C:\Program Files\Autodesk\Revit 2023".
                 For SearchPath "C:\Program Files\Autodesk\Revit 2023" (added by referencing assembly "C:\Program Files\Autodesk\Revit 2023\RevitAPI.dll").
                 Considered "C:\Program Files\Autodesk\Revit 2023\StairRampDBAPI.winmd", but it didn't exist.
             Required by "RevitAPI".
             Required by "RevitAPIUI".
             This reference is not "CopyLocal" because at least one source item had "Private" set to "false" and no source items had "Private" set to "true".
         Dependency "AnalysisAppsDBAPI, Version=23.0.0.0, Culture=neutral, PublicKeyToken=null".
             Resolved file path is "C:\Program Files\Autodesk\Revit 2023\AnalysisAppsDBAPI.dll".
             Reference found at search path location "C:\Program Files\Autodesk\Revit 2023".
                 For SearchPath "C:\Program Files\Autodesk\Revit 2023" (added by referencing assembly "C:\Program Files\Autodesk\Revit 2023\RevitAPI.dll").
                 Considered "C:\Program Files\Autodesk\Revit 2023\AnalysisAppsDBAPI.winmd", but it didn't exist.
             Required by "RevitAPI".
             Required by "RevitAPIUI".
             This reference is not "CopyLocal" because at least one source item had "Private" set to "false" and no source items had "Private" set to "true".
         Dependency "MaterialDBAPI, Version=23.0.0.0, Culture=neutral, PublicKeyToken=null".
             Resolved file path is "C:\Program Files\Autodesk\Revit 2023\MaterialDBAPI.dll".
             Reference found at search path location "C:\Program Files\Autodesk\Revit 2023".
                 For SearchPath "C:\Program Files\Autodesk\Revit 2023" (added by referencing assembly "C:\Program Files\Autodesk\Revit 2023\RevitAPI.dll").
                 Considered "C:\Program Files\Autodesk\Revit 2023\MaterialDBAPI.winmd", but it didn't exist.
             Required by "RevitAPI".
             Required by "RevitAPIUI".
             This reference is not "CopyLocal" because at least one source item had "Private" set to "false" and no source items had "Private" set to "true".
         Dependency "IntfATFAPI, Version=23.0.0.0, Culture=neutral, PublicKeyToken=null".
             Resolved file path is "C:\Program Files\Autodesk\Revit 2023\IntfATFAPI.dll".
             Reference found at search path location "C:\Program Files\Autodesk\Revit 2023".
                 For SearchPath "C:\Program Files\Autodesk\Revit 2023" (added by referencing assembly "C:\Program Files\Autodesk\Revit 2023\RevitAPI.dll").
                 Considered "C:\Program Files\Autodesk\Revit 2023\IntfATFAPI.winmd", but it didn't exist.
             Required by "RevitAPI".
             Required by "RevitAPIUI".
             This reference is not "CopyLocal" because at least one source item had "Private" set to "false" and no source items had "Private" set to "true".
         Dependency "TextEngineAPI, Version=23.0.0.0, Culture=neutral, PublicKeyToken=null".
             Resolved file path is "C:\Program Files\Autodesk\Revit 2023\TextEngineAPI.dll".
             Reference found at search path location "C:\Program Files\Autodesk\Revit 2023".
                 For SearchPath "C:\Program Files\Autodesk\Revit 2023" (added by referencing assembly "C:\Program Files\Autodesk\Revit 2023\RevitAPI.dll").
                 Considered "C:\Program Files\Autodesk\Revit 2023\TextEngineAPI.winmd", but it didn't exist.
             Required by "RevitAPI".
             Required by "RevitAPIUI".
             This reference is not "CopyLocal" because at least one source item had "Private" set to "false" and no source items had "Private" set to "true".
         Dependency "InfrastructureDBAPI, Version=23.0.0.0, Culture=neutral, PublicKeyToken=null".
             Resolved file path is "C:\Program Files\Autodesk\Revit 2023\InfrastructureDBAPI.dll".
             Reference found at search path location "C:\Program Files\Autodesk\Revit 2023".
                 For SearchPath "C:\Program Files\Autodesk\Revit 2023" (added by referencing assembly "C:\Program Files\Autodesk\Revit 2023\RevitAPI.dll").
                 Considered "C:\Program Files\Autodesk\Revit 2023\InfrastructureDBAPI.winmd", but it didn't exist.
             Required by "RevitAPI".
             Required by "RevitAPIUI".
             This reference is not "CopyLocal" because at least one source item had "Private" set to "false" and no source items had "Private" set to "true".
         Dependency "ATFRevitCoreAPI, Version=23.0.0.0, Culture=neutral, PublicKeyToken=null".
             Resolved file path is "C:\Program Files\Autodesk\Revit 2023\ATFRevitCoreAPI.dll".
             Reference found at search path location "C:\Program Files\Autodesk\Revit 2023".
                 For SearchPath "C:\Program Files\Autodesk\Revit 2023" (added by referencing assembly "C:\Program Files\Autodesk\Revit 2023\RevitAPI.dll").
                 Considered "C:\Program Files\Autodesk\Revit 2023\ATFRevitCoreAPI.winmd", but it didn't exist.
             Required by "RevitAPI".
             Required by "RevitAPIUI".
             This reference is not "CopyLocal" because at least one source item had "Private" set to "false" and no source items had "Private" set to "true".
         Dependency "DBManagedServices, Version=23.0.0.0, Culture=neutral, PublicKeyToken=null".
             Resolved file path is "C:\Program Files\Autodesk\Revit 2023\DBManagedServices.dll".
             Reference found at search path location "C:\Program Files\Autodesk\Revit 2023".
                 For SearchPath "C:\Program Files\Autodesk\Revit 2023" (added by referencing assembly "C:\Program Files\Autodesk\Revit 2023\RevitAPI.dll").
                 Considered "C:\Program Files\Autodesk\Revit 2023\DBManagedServices.winmd", but it didn't exist.
             Required by "RevitAPI".
             Required by "RevitAPIUI".
             This reference is not "CopyLocal" because at least one source item had "Private" set to "false" and no source items had "Private" set to "true".
         Dependency "AdWindows, Version=4.0.0.6, Culture=neutral, PublicKeyToken=null".
             Resolved file path is "C:\Program Files\Autodesk\Revit 2023\AdWindows.dll".
             Reference found at search path location "C:\Program Files\Autodesk\Revit 2023".
                 For SearchPath "C:\Program Files\Autodesk\Revit 2023" (added by referencing assembly "C:\Program Files\Autodesk\Revit 2023\RevitAPIUI.dll").
                 Considered "C:\Program Files\Autodesk\Revit 2023\AdWindows.winmd", but it didn't exist.
             Required by "RevitAPIUI".
             Found satellite file "cs-CZ\AdWindows.resources.dll".
             Found satellite file "de-DE\AdWindows.resources.dll".
             Found satellite file "en-GB\AdWindows.resources.dll".
             Found satellite file "en-US\AdWindows.resources.dll".
             Found satellite file "es-ES\AdWindows.resources.dll".
             Found satellite file "fr-FR\AdWindows.resources.dll".
             Found satellite file "it-IT\AdWindows.resources.dll".
             Found satellite file "ja-JP\AdWindows.resources.dll".
             Found satellite file "ko-KR\AdWindows.resources.dll".
             Found satellite file "pl-PL\AdWindows.resources.dll".
             Found satellite file "pt-BR\AdWindows.resources.dll".
             Found satellite file "ru-RU\AdWindows.resources.dll".
             Found satellite file "zh-CN\AdWindows.resources.dll".
             Found satellite file "zh-TW\AdWindows.resources.dll".
             This reference is not "CopyLocal" because at least one source item had "Private" set to "false" and no source items had "Private" set to "true".
         Dependency "RevitAddInUtility, Version=23.0.0.0, Culture=neutral, PublicKeyToken=null".
             Resolved file path is "C:\Program Files\Autodesk\Revit 2023\RevitAddInUtility.dll".
             Reference found at search path location "C:\Program Files\Autodesk\Revit 2023".
                 For SearchPath "C:\Program Files\Autodesk\Revit 2023" (added by referencing assembly "C:\Program Files\Autodesk\Revit 2023\RevitAPIUI.dll").
                 Considered "C:\Program Files\Autodesk\Revit 2023\RevitAddInUtility.winmd", but it didn't exist.
             Required by "RevitAPIUI".
             Found related file "C:\Program Files\Autodesk\Revit 2023\RevitAddInUtility.xml".
             This reference is not "CopyLocal" because at least one source item had "Private" set to "false" and no source items had "Private" set to "true".
         Dependency "APIInterop, Version=23.0.0.0, Culture=neutral, PublicKeyToken=null".
             Resolved file path is "C:\Program Files\Autodesk\Revit 2023\APIInterop.dll".
             Reference found at search path location "C:\Program Files\Autodesk\Revit 2023".
                 For SearchPath "C:\Program Files\Autodesk\Revit 2023" (added by referencing assembly "C:\Program Files\Autodesk\Revit 2023\RevitAPIUI.dll").
                 Considered "C:\Program Files\Autodesk\Revit 2023\APIInterop.winmd", but it didn't exist.
             Required by "RevitAPIUI".
             This reference is not "CopyLocal" because at least one source item had "Private" set to "false" and no source items had "Private" set to "true".
         Dependency "UIFramework, Version=23.0.0.0, Culture=neutral, PublicKeyToken=null".
             Resolved file path is "C:\Program Files\Autodesk\Revit 2023\UIFramework.dll".
             Reference found at search path location "C:\Program Files\Autodesk\Revit 2023".
                 For SearchPath "C:\Program Files\Autodesk\Revit 2023" (added by referencing assembly "C:\Program Files\Autodesk\Revit 2023\RevitAPIUI.dll").
                 Considered "C:\Program Files\Autodesk\Revit 2023\UIFramework.winmd", but it didn't exist.
             Required by "RevitAPIUI".
             This reference is not "CopyLocal" because at least one source item had "Private" set to "false" and no source items had "Private" set to "true".
         Dependency "AddInManager, Version=23.0.0.0, Culture=neutral, PublicKeyToken=null".
             Resolved file path is "C:\Program Files\Autodesk\Revit 2023\AddInManager.dll".
             Reference found at search path location "C:\Program Files\Autodesk\Revit 2023".
                 For SearchPath "C:\Program Files\Autodesk\Revit 2023" (added by referencing assembly "C:\Program Files\Autodesk\Revit 2023\RevitAPIUI.dll").
                 Considered "C:\Program Files\Autodesk\Revit 2023\AddInManager.winmd", but it didn't exist.
             Required by "RevitAPIUI".
             This reference is not "CopyLocal" because at least one source item had "Private" set to "false" and no source items had "Private" set to "true".
         Dependency "RevitUIAPI, Version=23.0.0.0, Culture=neutral, PublicKeyToken=null".
             Resolved file path is "C:\Program Files\Autodesk\Revit 2023\RevitUIAPI.dll".
             Reference found at search path location "C:\Program Files\Autodesk\Revit 2023".
                 For SearchPath "C:\Program Files\Autodesk\Revit 2023" (added by referencing assembly "C:\Program Files\Autodesk\Revit 2023\RevitAPIUI.dll").
                 Considered "C:\Program Files\Autodesk\Revit 2023\RevitUIAPI.winmd", but it didn't exist.
             Required by "RevitAPIUI".
             This reference is not "CopyLocal" because at least one source item had "Private" set to "false" and no source items had "Private" set to "true".
         Dependency "BuildingSystemsUIAPI, Version=23.0.0.0, Culture=neutral, PublicKeyToken=null".
             Resolved file path is "C:\Program Files\Autodesk\Revit 2023\BuildingSystemsUIAPI.dll".
             Reference found at search path location "C:\Program Files\Autodesk\Revit 2023".
                 For SearchPath "C:\Program Files\Autodesk\Revit 2023" (added by referencing assembly "C:\Program Files\Autodesk\Revit 2023\RevitAPIUI.dll").
                 Considered "C:\Program Files\Autodesk\Revit 2023\BuildingSystemsUIAPI.winmd", but it didn't exist.
             Required by "RevitAPIUI".
             This reference is not "CopyLocal" because at least one source item had "Private" set to "false" and no source items had "Private" set to "true".
         Dependency "DesktopMFCAPI, Version=23.0.0.0, Culture=neutral, PublicKeyToken=null".
             Resolved file path is "C:\Program Files\Autodesk\Revit 2023\DesktopMFCAPI.dll".
             Reference found at search path location "C:\Program Files\Autodesk\Revit 2023".
                 For SearchPath "C:\Program Files\Autodesk\Revit 2023" (added by referencing assembly "C:\Program Files\Autodesk\Revit 2023\RevitAPIUI.dll").
                 Considered "C:\Program Files\Autodesk\Revit 2023\DesktopMFCAPI.winmd", but it didn't exist.
             Required by "RevitAPIUI".
             This reference is not "CopyLocal" because at least one source item had "Private" set to "false" and no source items had "Private" set to "true".
         Dependency "APIUIAPI, Version=23.0.0.0, Culture=neutral, PublicKeyToken=null".
             Resolved file path is "C:\Program Files\Autodesk\Revit 2023\APIUIAPI.dll".
             Reference found at search path location "C:\Program Files\Autodesk\Revit 2023".
                 For SearchPath "C:\Program Files\Autodesk\Revit 2023" (added by referencing assembly "C:\Program Files\Autodesk\Revit 2023\RevitAPIUI.dll").
                 Considered "C:\Program Files\Autodesk\Revit 2023\APIUIAPI.winmd", but it didn't exist.
             Required by "RevitAPIUI".
             This reference is not "CopyLocal" because at least one source item had "Private" set to "false" and no source items had "Private" set to "true".
         Dependency "RevitMFCAPI, Version=23.0.0.0, Culture=neutral, PublicKeyToken=null".
             Resolved file path is "C:\Program Files\Autodesk\Revit 2023\RevitMFCAPI.dll".
             Reference found at search path location "C:\Program Files\Autodesk\Revit 2023".
                 For SearchPath "C:\Program Files\Autodesk\Revit 2023" (added by referencing assembly "C:\Program Files\Autodesk\Revit 2023\RevitAPIUI.dll").
                 Considered "C:\Program Files\Autodesk\Revit 2023\RevitMFCAPI.winmd", but it didn't exist.
             Required by "RevitAPIUI".
             This reference is not "CopyLocal" because at least one source item had "Private" set to "false" and no source items had "Private" set to "true".
         Dependency "EssentialsUIAPI, Version=23.0.0.0, Culture=neutral, PublicKeyToken=null".
             Resolved file path is "C:\Program Files\Autodesk\Revit 2023\EssentialsUIAPI.dll".
             Reference found at search path location "C:\Program Files\Autodesk\Revit 2023".
                 For SearchPath "C:\Program Files\Autodesk\Revit 2023" (added by referencing assembly "C:\Program Files\Autodesk\Revit 2023\RevitAPIUI.dll").
                 Considered "C:\Program Files\Autodesk\Revit 2023\EssentialsUIAPI.winmd", but it didn't exist.
             Required by "RevitAPIUI".
             This reference is not "CopyLocal" because at least one source item had "Private" set to "false" and no source items had "Private" set to "true".
         Dependency "DetailUIAPI, Version=23.0.0.0, Culture=neutral, PublicKeyToken=null".
             Resolved file path is "C:\Program Files\Autodesk\Revit 2023\DetailUIAPI.dll".
             Reference found at search path location "C:\Program Files\Autodesk\Revit 2023".
                 For SearchPath "C:\Program Files\Autodesk\Revit 2023" (added by referencing assembly "C:\Program Files\Autodesk\Revit 2023\RevitAPIUI.dll").
                 Considered "C:\Program Files\Autodesk\Revit 2023\DetailUIAPI.winmd", but it didn't exist.
             Required by "RevitAPIUI".
             This reference is not "CopyLocal" because at least one source item had "Private" set to "false" and no source items had "Private" set to "true".
         Dependency "UIFrameworkServices, Version=23.0.0.0, Culture=neutral, PublicKeyToken=null".
             Resolved file path is "C:\Program Files\Autodesk\Revit 2023\UIFrameworkServices.dll".
             Reference found at search path location "C:\Program Files\Autodesk\Revit 2023".
                 For SearchPath "C:\Program Files\Autodesk\Revit 2023" (added by referencing assembly "C:\Program Files\Autodesk\Revit 2023\RevitAPIUI.dll").
                 Considered "C:\Program Files\Autodesk\Revit 2023\UIFrameworkServices.winmd", but it didn't exist.
             Required by "RevitAPIUI".
             This reference is not "CopyLocal" because at least one source item had "Private" set to "false" and no source items had "Private" set to "true".
         Dependency "System.Numerics, Version=4.0.0.0, Culture=neutral, PublicKeyToken=b77a5c561934e089".
             Resolved file path is "C:\Program Files (x86)\Reference Assemblies\Microsoft\Framework\.NETFramework\v4.8\System.Numerics.dll".
             Reference found at search path location "{TargetFrameworkDirectory}".
                 For SearchPath "C:\Users\quoc.nguyen\Downloads\Compressed\source-code-full-1\Source code full\RevitAPIMEP\Export\packages\Newtonsoft.Json.13.0.3\lib\net45" (added by referencing assembly "C:\Users\quoc.nguyen\Downloads\Compressed\source-code-full-1\Source code full\RevitAPIMEP\Export\packages\Newtonsoft.Json.13.0.3\lib\net45\Newtonsoft.Json.dll").
                 Considered "C:\Users\quoc.nguyen\Downloads\Compressed\source-code-full-1\Source code full\RevitAPIMEP\Export\packages\Newtonsoft.Json.13.0.3\lib\net45\System.Numerics.winmd", but it didn't exist.
                 Considered "C:\Users\quoc.nguyen\Downloads\Compressed\source-code-full-1\Source code full\RevitAPIMEP\Export\packages\Newtonsoft.Json.13.0.3\lib\net45\System.Numerics.dll", but it didn't exist.
                 Considered "C:\Users\quoc.nguyen\Downloads\Compressed\source-code-full-1\Source code full\RevitAPIMEP\Export\packages\Newtonsoft.Json.13.0.3\lib\net45\System.Numerics.exe", but it didn't exist.
                 For SearchPath "{TargetFrameworkDirectory}".
                 Considered "C:\Program Files (x86)\Reference Assemblies\Microsoft\Framework\.NETFramework\v4.8\System.Numerics.winmd", but it didn't exist.
             Required by "Newtonsoft.Json, Version=13.0.0.0, Culture=neutral, PublicKeyToken=30ad4fe6b2a6aeed, processorArchitecture=MSIL".
             This reference is not "CopyLocal" because it's a prerequisite file.
         Dependency "System.Runtime.Serialization, Version=4.0.0.0, Culture=neutral, PublicKeyToken=b77a5c561934e089".
             Resolved file path is "C:\Program Files (x86)\Reference Assemblies\Microsoft\Framework\.NETFramework\v4.8\System.Runtime.Serialization.dll".
             Reference found at search path location "{TargetFrameworkDirectory}".
                 For SearchPath "C:\Users\quoc.nguyen\Downloads\Compressed\source-code-full-1\Source code full\RevitAPIMEP\Export\packages\Newtonsoft.Json.13.0.3\lib\net45" (added by referencing assembly "C:\Users\quoc.nguyen\Downloads\Compressed\source-code-full-1\Source code full\RevitAPIMEP\Export\packages\Newtonsoft.Json.13.0.3\lib\net45\Newtonsoft.Json.dll").
                 Considered "C:\Users\quoc.nguyen\Downloads\Compressed\source-code-full-1\Source code full\RevitAPIMEP\Export\packages\Newtonsoft.Json.13.0.3\lib\net45\System.Runtime.Serialization.winmd", but it didn't exist.
                 Considered "C:\Users\quoc.nguyen\Downloads\Compressed\source-code-full-1\Source code full\RevitAPIMEP\Export\packages\Newtonsoft.Json.13.0.3\lib\net45\System.Runtime.Serialization.dll", but it didn't exist.
                 Considered "C:\Users\quoc.nguyen\Downloads\Compressed\source-code-full-1\Source code full\RevitAPIMEP\Export\packages\Newtonsoft.Json.13.0.3\lib\net45\System.Runtime.Serialization.exe", but it didn't exist.
                 For SearchPath "{TargetFrameworkDirectory}".
                 Considered "C:\Program Files (x86)\Reference Assemblies\Microsoft\Framework\.NETFramework\v4.8\System.Runtime.Serialization.winmd", but it didn't exist.
             Required by "Newtonsoft.Json, Version=13.0.0.0, Culture=neutral, PublicKeyToken=30ad4fe6b2a6aeed, processorArchitecture=MSIL".
             This reference is not "CopyLocal" because it's a prerequisite file.
         Dependency "System.Data, Version=4.0.0.0, Culture=neutral, PublicKeyToken=b77a5c561934e089".
             Resolved file path is "C:\Program Files (x86)\Reference Assemblies\Microsoft\Framework\.NETFramework\v4.8\System.Data.dll".
             Reference found at search path location "{TargetFrameworkDirectory}".
                 For SearchPath "C:\Users\quoc.nguyen\Downloads\Compressed\source-code-full-1\Source code full\RevitAPIMEP\Export\packages\Newtonsoft.Json.13.0.3\lib\net45" (added by referencing assembly "C:\Users\quoc.nguyen\Downloads\Compressed\source-code-full-1\Source code full\RevitAPIMEP\Export\packages\Newtonsoft.Json.13.0.3\lib\net45\Newtonsoft.Json.dll").
                 Considered "C:\Users\quoc.nguyen\Downloads\Compressed\source-code-full-1\Source code full\RevitAPIMEP\Export\packages\Newtonsoft.Json.13.0.3\lib\net45\System.Data.winmd", but it didn't exist.
                 Considered "C:\Users\quoc.nguyen\Downloads\Compressed\source-code-full-1\Source code full\RevitAPIMEP\Export\packages\Newtonsoft.Json.13.0.3\lib\net45\System.Data.dll", but it didn't exist.
                 Considered "C:\Users\quoc.nguyen\Downloads\Compressed\source-code-full-1\Source code full\RevitAPIMEP\Export\packages\Newtonsoft.Json.13.0.3\lib\net45\System.Data.exe", but it didn't exist.
                 For SearchPath "{TargetFrameworkDirectory}".
                 Considered "C:\Program Files (x86)\Reference Assemblies\Microsoft\Framework\.NETFramework\v4.8\System.Data.winmd", but it didn't exist.
             Required by "Newtonsoft.Json, Version=13.0.0.0, Culture=neutral, PublicKeyToken=30ad4fe6b2a6aeed, processorArchitecture=MSIL".
             Required by "RevitAPI".
             Required by "RevitAPIUI".
             This reference is not "CopyLocal" because at least one source item had "Private" set to "false" and no source items had "Private" set to "true".
         Dependency "System.Web.Extensions, Version=4.0.0.0, Culture=neutral, PublicKeyToken=31bf3856ad364e35".
             Resolved file path is "C:\Program Files (x86)\Reference Assemblies\Microsoft\Framework\.NETFramework\v4.8\System.Web.Extensions.dll".
             Reference found at search path location "{TargetFrameworkDirectory}".
                 For SearchPath "C:\Program Files\Autodesk\Revit 2023" (added by referencing assembly "C:\Program Files\Autodesk\Revit 2023\AdpSDKCSharpWrapper.dll").
                 Considered "C:\Program Files\Autodesk\Revit 2023\System.Web.Extensions.winmd", but it didn't exist.
                 Considered "C:\Program Files\Autodesk\Revit 2023\System.Web.Extensions.dll", but it didn't exist.
                 Considered "C:\Program Files\Autodesk\Revit 2023\System.Web.Extensions.exe", but it didn't exist.
                 For SearchPath "{TargetFrameworkDirectory}".
                 Considered "C:\Program Files (x86)\Reference Assemblies\Microsoft\Framework\.NETFramework\v4.8\System.Web.Extensions.winmd", but it didn't exist.
             Required by "RevitAPI".
             Required by "RevitAPIUI".
             This reference is not "CopyLocal" because at least one source item had "Private" set to "false" and no source items had "Private" set to "true".
         Dependency "RevitAPI, Version=21.0.0.0, Culture=neutral, PublicKeyToken=null".
             Could not resolve this reference. Could not locate the assembly "RevitAPI, Version=21.0.0.0, Culture=neutral, PublicKeyToken=null". Check to make sure the assembly exists on disk. If this reference is required by your code, you may get compilation errors.
                 For SearchPath "C:\Program Files\Autodesk\Revit 2023" (added by referencing assembly "C:\Program Files\Autodesk\Revit 2023\AdskRcManaged.dll").
                 Considered "C:\Program Files\Autodesk\Revit 2023\RevitAPI.winmd", but it didn't exist.
                 Considered "C:\Program Files\Autodesk\Revit 2023\RevitAPI.dll",
         			but its name "RevitAPI, Version=23.0.0.0, Culture=neutral, PublicKeyToken=null"
         			didn't match the expected name "RevitAPI, Version=21.0.0.0, Culture=neutral, PublicKeyToken=null".
                 Considered "C:\Program Files\Autodesk\Revit 2023\RevitAPI.exe", but it didn't exist.
                 For SearchPath "{TargetFrameworkDirectory}".
                 Considered "C:\Program Files (x86)\Reference Assemblies\Microsoft\Framework\.NETFramework\v4.8\RevitAPI.winmd", but it didn't exist.
                 Considered "C:\Program Files (x86)\Reference Assemblies\Microsoft\Framework\.NETFramework\v4.8\RevitAPI.dll", but it didn't exist.
                 Considered "C:\Program Files (x86)\Reference Assemblies\Microsoft\Framework\.NETFramework\v4.8\RevitAPI.exe", but it didn't exist.
                 Considered "C:\Program Files (x86)\Reference Assemblies\Microsoft\Framework\.NETFramework\v4.8\Facades\RevitAPI.winmd", but it didn't exist.
                 Considered "C:\Program Files (x86)\Reference Assemblies\Microsoft\Framework\.NETFramework\v4.8\Facades\RevitAPI.dll", but it didn't exist.
                 Considered "C:\Program Files (x86)\Reference Assemblies\Microsoft\Framework\.NETFramework\v4.8\Facades\RevitAPI.exe", but it didn't exist.
                 For SearchPath "{Registry:Software\Microsoft\.NETFramework,v4.8,AssemblyFoldersEx}".
                 Considered AssemblyFoldersEx locations.
                 For SearchPath "{GAC}".
                 Considered "{GAC}\RevitAPI.winmd", but it didn't exist.
                 Considered "{GAC}\RevitAPI.dll", but it didn't exist.
                 Considered "{GAC}\RevitAPI.exe", but it didn't exist.
                 For SearchPath "bin\Debug\".
                 Considered "bin\Debug\RevitAPI.winmd", but it didn't exist.
                 Considered "bin\Debug\RevitAPI.dll", but it didn't exist.
                 Considered "bin\Debug\RevitAPI.exe", but it didn't exist.
             Required by "RevitAPI".
             Required by "RevitAPIUI".
         Dependency "Microsoft.VisualC.STLCLR, Version=2.0.0.0, Culture=neutral, PublicKeyToken=b03f5f7f11d50a3a".
             Resolved file path is "C:\Program Files (x86)\Reference Assemblies\Microsoft\Framework\.NETFramework\v4.8\Microsoft.VisualC.STLCLR.dll".
             Reference found at search path location "{TargetFrameworkDirectory}".
                 For SearchPath "C:\Program Files\Autodesk\Revit 2023" (added by referencing assembly "C:\Program Files\Autodesk\Revit 2023\AdskRcManaged.dll").
                 Considered "C:\Program Files\Autodesk\Revit 2023\Microsoft.VisualC.STLCLR.winmd", but it didn't exist.
                 Considered "C:\Program Files\Autodesk\Revit 2023\Microsoft.VisualC.STLCLR.dll", but it didn't exist.
                 Considered "C:\Program Files\Autodesk\Revit 2023\Microsoft.VisualC.STLCLR.exe", but it didn't exist.
                 For SearchPath "{TargetFrameworkDirectory}".
                 Considered "C:\Program Files (x86)\Reference Assemblies\Microsoft\Framework\.NETFramework\v4.8\Microsoft.VisualC.STLCLR.winmd", but it didn't exist.
             Required by "RevitAPI".
             Required by "RevitAPIUI".
             This reference is not "CopyLocal" because at least one source item had "Private" set to "false" and no source items had "Private" set to "true".
         Dependency "WindowsFormsIntegration, Version=4.0.0.0, Culture=neutral, PublicKeyToken=31bf3856ad364e35".
             Resolved file path is "C:\Program Files (x86)\Reference Assemblies\Microsoft\Framework\.NETFramework\v4.8\WindowsFormsIntegration.dll".
             Reference found at search path location "{TargetFrameworkDirectory}".
                 For SearchPath "C:\Program Files\Autodesk\Revit 2023" (added by referencing assembly "C:\Program Files\Autodesk\Revit 2023\AdWindows.dll").
                 Considered "C:\Program Files\Autodesk\Revit 2023\WindowsFormsIntegration.winmd", but it didn't exist.
                 Considered "C:\Program Files\Autodesk\Revit 2023\WindowsFormsIntegration.dll", but it didn't exist.
                 Considered "C:\Program Files\Autodesk\Revit 2023\WindowsFormsIntegration.exe", but it didn't exist.
                 For SearchPath "{TargetFrameworkDirectory}".
                 Considered "C:\Program Files (x86)\Reference Assemblies\Microsoft\Framework\.NETFramework\v4.8\WindowsFormsIntegration.winmd", but it didn't exist.
             Required by "RevitAPIUI".
             This reference is not "CopyLocal" because at least one source item had "Private" set to "false" and no source items had "Private" set to "true".
         Dependency "Autodesk.UI.Windows, Version=3.0.0.0, Culture=neutral, PublicKeyToken=null".
             Resolved file path is "C:\Program Files\Autodesk\Revit 2023\Autodesk.UI.Windows.dll".
             Reference found at search path location "C:\Program Files\Autodesk\Revit 2023".
                 For SearchPath "C:\Program Files\Autodesk\Revit 2023" (added by referencing assembly "C:\Program Files\Autodesk\Revit 2023\UIFramework.dll").
                 Considered "C:\Program Files\Autodesk\Revit 2023\Autodesk.UI.Windows.winmd", but it didn't exist.
             Required by "RevitAPIUI".
             This reference is not "CopyLocal" because at least one source item had "Private" set to "false" and no source items had "Private" set to "true".
         Dependency "Autodesk.UI.Themes, Version=3.0.0.0, Culture=neutral, PublicKeyToken=null".
             Resolved file path is "C:\Program Files\Autodesk\Revit 2023\Autodesk.UI.Themes.dll".
             Reference found at search path location "C:\Program Files\Autodesk\Revit 2023".
                 For SearchPath "C:\Program Files\Autodesk\Revit 2023" (added by referencing assembly "C:\Program Files\Autodesk\Revit 2023\UIFramework.dll").
                 Considered "C:\Program Files\Autodesk\Revit 2023\Autodesk.UI.Themes.winmd", but it didn't exist.
             Required by "RevitAPIUI".
             This reference is not "CopyLocal" because at least one source item had "Private" set to "false" and no source items had "Private" set to "true".
         Dependency "Xceed.Wpf.AvalonDock, Version=2.1.0.0, Culture=neutral, PublicKeyToken=3e4669d2f30244f4".
             Resolved file path is "C:\Program Files\Autodesk\Revit 2023\Xceed.Wpf.AvalonDock.dll".
             Reference found at search path location "C:\Program Files\Autodesk\Revit 2023".
                 For SearchPath "C:\Program Files\Autodesk\Revit 2023" (added by referencing assembly "C:\Program Files\Autodesk\Revit 2023\UIFramework.dll").
                 Considered "C:\Program Files\Autodesk\Revit 2023\Xceed.Wpf.AvalonDock.winmd", but it didn't exist.
             Required by "RevitAPIUI".
             This reference is not "CopyLocal" because at least one source item had "Private" set to "false" and no source items had "Private" set to "true".
         Dependency "CefSharp.Wpf, Version=92.0.260.0, Culture=neutral, PublicKeyToken=40c4b6fc221f4138".
             Could not resolve this reference. Could not locate the assembly "CefSharp.Wpf, Version=92.0.260.0, Culture=neutral, PublicKeyToken=40c4b6fc221f4138". Check to make sure the assembly exists on disk. If this reference is required by your code, you may get compilation errors.
                 For SearchPath "C:\Program Files\Autodesk\Revit 2023" (added by referencing assembly "C:\Program Files\Autodesk\Revit 2023\UIFramework.dll").
                 Considered "C:\Program Files\Autodesk\Revit 2023\CefSharp.Wpf.winmd", but it didn't exist.
                 Considered "C:\Program Files\Autodesk\Revit 2023\CefSharp.Wpf.dll", but it didn't exist.
                 Considered "C:\Program Files\Autodesk\Revit 2023\CefSharp.Wpf.exe", but it didn't exist.
                 For SearchPath "{TargetFrameworkDirectory}".
                 Considered "C:\Program Files (x86)\Reference Assemblies\Microsoft\Framework\.NETFramework\v4.8\CefSharp.Wpf.winmd", but it didn't exist.
                 Considered "C:\Program Files (x86)\Reference Assemblies\Microsoft\Framework\.NETFramework\v4.8\CefSharp.Wpf.dll", but it didn't exist.
                 Considered "C:\Program Files (x86)\Reference Assemblies\Microsoft\Framework\.NETFramework\v4.8\CefSharp.Wpf.exe", but it didn't exist.
                 Considered "C:\Program Files (x86)\Reference Assemblies\Microsoft\Framework\.NETFramework\v4.8\Facades\CefSharp.Wpf.winmd", but it didn't exist.
                 Considered "C:\Program Files (x86)\Reference Assemblies\Microsoft\Framework\.NETFramework\v4.8\Facades\CefSharp.Wpf.dll", but it didn't exist.
                 Considered "C:\Program Files (x86)\Reference Assemblies\Microsoft\Framework\.NETFramework\v4.8\Facades\CefSharp.Wpf.exe", but it didn't exist.
                 For SearchPath "{Registry:Software\Microsoft\.NETFramework,v4.8,AssemblyFoldersEx}".
                 Considered AssemblyFoldersEx locations.
                 For SearchPath "{GAC}".
                 Considered "{GAC}\CefSharp.Wpf.winmd", but it didn't exist.
                 Considered "{GAC}\CefSharp.Wpf.dll", but it didn't exist.
                 Considered "{GAC}\CefSharp.Wpf.exe", but it didn't exist.
                 For SearchPath "bin\Debug\".
                 Considered "bin\Debug\CefSharp.Wpf.winmd", but it didn't exist.
                 Considered "bin\Debug\CefSharp.Wpf.dll", but it didn't exist.
                 Considered "bin\Debug\CefSharp.Wpf.exe", but it didn't exist.
             Required by "RevitAPIUI".
         Dependency "UIAutomationClient, Version=4.0.0.0, Culture=neutral, PublicKeyToken=31bf3856ad364e35".
             Resolved file path is "C:\Program Files (x86)\Reference Assemblies\Microsoft\Framework\.NETFramework\v4.8\UIAutomationClient.dll".
             Reference found at search path location "{TargetFrameworkDirectory}".
                 For SearchPath "C:\Program Files\Autodesk\Revit 2023" (added by referencing assembly "C:\Program Files\Autodesk\Revit 2023\UIFramework.dll").
                 Considered "C:\Program Files\Autodesk\Revit 2023\UIAutomationClient.winmd", but it didn't exist.
                 Considered "C:\Program Files\Autodesk\Revit 2023\UIAutomationClient.dll", but it didn't exist.
                 Considered "C:\Program Files\Autodesk\Revit 2023\UIAutomationClient.exe", but it didn't exist.
                 For SearchPath "{TargetFrameworkDirectory}".
                 Considered "C:\Program Files (x86)\Reference Assemblies\Microsoft\Framework\.NETFramework\v4.8\UIAutomationClient.winmd", but it didn't exist.
             Required by "RevitAPIUI".
             This reference is not "CopyLocal" because at least one source item had "Private" set to "false" and no source items had "Private" set to "true".
         Dependency "CompositionServices, Version=23.0.0.0, Culture=neutral, PublicKeyToken=null".
             Resolved file path is "C:\Program Files\Autodesk\Revit 2023\CompositionServices.dll".
             Reference found at search path location "C:\Program Files\Autodesk\Revit 2023".
                 For SearchPath "C:\Program Files\Autodesk\Revit 2023" (added by referencing assembly "C:\Program Files\Autodesk\Revit 2023\UIFramework.dll").
                 Considered "C:\Program Files\Autodesk\Revit 2023\CompositionServices.winmd", but it didn't exist.
             Required by "RevitAPIUI".
             This reference is not "CopyLocal" because at least one source item had "Private" set to "false" and no source items had "Private" set to "true".
         Dependency "CefSharp, Version=92.0.260.0, Culture=neutral, PublicKeyToken=40c4b6fc221f4138".
             Could not resolve this reference. Could not locate the assembly "CefSharp, Version=92.0.260.0, Culture=neutral, PublicKeyToken=40c4b6fc221f4138". Check to make sure the assembly exists on disk. If this reference is required by your code, you may get compilation errors.
                 For SearchPath "C:\Program Files\Autodesk\Revit 2023" (added by referencing assembly "C:\Program Files\Autodesk\Revit 2023\UIFramework.dll").
                 Considered "C:\Program Files\Autodesk\Revit 2023\CefSharp.winmd", but it didn't exist.
                 Considered "C:\Program Files\Autodesk\Revit 2023\CefSharp.dll", but it didn't exist.
                 Considered "C:\Program Files\Autodesk\Revit 2023\CefSharp.exe", but it didn't exist.
                 For SearchPath "{TargetFrameworkDirectory}".
                 Considered "C:\Program Files (x86)\Reference Assemblies\Microsoft\Framework\.NETFramework\v4.8\CefSharp.winmd", but it didn't exist.
                 Considered "C:\Program Files (x86)\Reference Assemblies\Microsoft\Framework\.NETFramework\v4.8\CefSharp.dll", but it didn't exist.
                 Considered "C:\Program Files (x86)\Reference Assemblies\Microsoft\Framework\.NETFramework\v4.8\CefSharp.exe", but it didn't exist.
                 Considered "C:\Program Files (x86)\Reference Assemblies\Microsoft\Framework\.NETFramework\v4.8\Facades\CefSharp.winmd", but it didn't exist.
                 Considered "C:\Program Files (x86)\Reference Assemblies\Microsoft\Framework\.NETFramework\v4.8\Facades\CefSharp.dll", but it didn't exist.
                 Considered "C:\Program Files (x86)\Reference Assemblies\Microsoft\Framework\.NETFramework\v4.8\Facades\CefSharp.exe", but it didn't exist.
                 For SearchPath "{Registry:Software\Microsoft\.NETFramework,v4.8,AssemblyFoldersEx}".
                 Considered AssemblyFoldersEx locations.
                 For SearchPath "{GAC}".
                 Considered "{GAC}\CefSharp.winmd", but it didn't exist.
                 Considered "{GAC}\CefSharp.dll", but it didn't exist.
                 Considered "{GAC}\CefSharp.exe", but it didn't exist.
                 For SearchPath "bin\Debug\".
                 Considered "bin\Debug\CefSharp.winmd", but it didn't exist.
                 Considered "bin\Debug\CefSharp.dll", but it didn't exist.
                 Considered "bin\Debug\CefSharp.exe", but it didn't exist.
             Required by "RevitAPIUI".
         Dependency "CefSharp.Core, Version=92.0.260.0, Culture=neutral, PublicKeyToken=40c4b6fc221f4138".
             Could not resolve this reference. Could not locate the assembly "CefSharp.Core, Version=92.0.260.0, Culture=neutral, PublicKeyToken=40c4b6fc221f4138". Check to make sure the assembly exists on disk. If this reference is required by your code, you may get compilation errors.
                 For SearchPath "C:\Program Files\Autodesk\Revit 2023" (added by referencing assembly "C:\Program Files\Autodesk\Revit 2023\UIFramework.dll").
                 Considered "C:\Program Files\Autodesk\Revit 2023\CefSharp.Core.winmd", but it didn't exist.
                 Considered "C:\Program Files\Autodesk\Revit 2023\CefSharp.Core.dll", but it didn't exist.
                 Considered "C:\Program Files\Autodesk\Revit 2023\CefSharp.Core.exe", but it didn't exist.
                 For SearchPath "{TargetFrameworkDirectory}".
                 Considered "C:\Program Files (x86)\Reference Assemblies\Microsoft\Framework\.NETFramework\v4.8\CefSharp.Core.winmd", but it didn't exist.
                 Considered "C:\Program Files (x86)\Reference Assemblies\Microsoft\Framework\.NETFramework\v4.8\CefSharp.Core.dll", but it didn't exist.
                 Considered "C:\Program Files (x86)\Reference Assemblies\Microsoft\Framework\.NETFramework\v4.8\CefSharp.Core.exe", but it didn't exist.
                 Considered "C:\Program Files (x86)\Reference Assemblies\Microsoft\Framework\.NETFramework\v4.8\Facades\CefSharp.Core.winmd", but it didn't exist.
                 Considered "C:\Program Files (x86)\Reference Assemblies\Microsoft\Framework\.NETFramework\v4.8\Facades\CefSharp.Core.dll", but it didn't exist.
                 Considered "C:\Program Files (x86)\Reference Assemblies\Microsoft\Framework\.NETFramework\v4.8\Facades\CefSharp.Core.exe", but it didn't exist.
                 For SearchPath "{Registry:Software\Microsoft\.NETFramework,v4.8,AssemblyFoldersEx}".
                 Considered AssemblyFoldersEx locations.
                 For SearchPath "{GAC}".
                 Considered "{GAC}\CefSharp.Core.winmd", but it didn't exist.
                 Considered "{GAC}\CefSharp.Core.dll", but it didn't exist.
                 Considered "{GAC}\CefSharp.Core.exe", but it didn't exist.
                 For SearchPath "bin\Debug\".
                 Considered "bin\Debug\CefSharp.Core.winmd", but it didn't exist.
                 Considered "bin\Debug\CefSharp.Core.dll", but it didn't exist.
                 Considered "bin\Debug\CefSharp.Core.exe", but it didn't exist.
             Required by "RevitAPIUI".
         Dependency "System.ComponentModel.Composition, Version=4.0.0.0, Culture=neutral, PublicKeyToken=b77a5c561934e089".
             Resolved file path is "C:\Program Files (x86)\Reference Assemblies\Microsoft\Framework\.NETFramework\v4.8\System.ComponentModel.Composition.dll".
             Reference found at search path location "{TargetFrameworkDirectory}".
                 For SearchPath "C:\Program Files\Autodesk\Revit 2023" (added by referencing assembly "C:\Program Files\Autodesk\Revit 2023\CompositionServices.dll").
                 Considered "C:\Program Files\Autodesk\Revit 2023\System.ComponentModel.Composition.winmd", but it didn't exist.
                 Considered "C:\Program Files\Autodesk\Revit 2023\System.ComponentModel.Composition.dll", but it didn't exist.
                 Considered "C:\Program Files\Autodesk\Revit 2023\System.ComponentModel.Composition.exe", but it didn't exist.
                 For SearchPath "{TargetFrameworkDirectory}".
                 Considered "C:\Program Files (x86)\Reference Assemblies\Microsoft\Framework\.NETFramework\v4.8\System.ComponentModel.Composition.winmd", but it didn't exist.
             Required by "RevitAPIUI".
             This reference is not "CopyLocal" because at least one source item had "Private" set to "false" and no source items had "Private" set to "true".
         There was a conflict between "RevitAPI, Version=23.0.0.0, Culture=neutral, PublicKeyToken=null" and "RevitAPI, Version=21.0.0.0, Culture=neutral, PublicKeyToken=null".
             "RevitAPI, Version=23.0.0.0, Culture=neutral, PublicKeyToken=null" was chosen because it was primary and "RevitAPI, Version=21.0.0.0, Culture=neutral, PublicKeyToken=null" was not.
             References which depend on "RevitAPI, Version=23.0.0.0, Culture=neutral, PublicKeyToken=null" [C:\Program Files\Autodesk\Revit 2023\RevitAPI.dll].
                 C:\Program Files\Autodesk\Revit 2023\RevitAPI.dll
                   Project file item includes which caused reference "C:\Program Files\Autodesk\Revit 2023\RevitAPI.dll".
                     RevitAPI
                     RevitAPIUI
                 C:\Program Files\Autodesk\Revit 2023\RevitAPIUI.dll
                   Project file item includes which caused reference "C:\Program Files\Autodesk\Revit 2023\RevitAPIUI.dll".
                     RevitAPIUI
                 C:\Program Files\Autodesk\Revit 2023\AddInManager.dll
                   Project file item includes which caused reference "C:\Program Files\Autodesk\Revit 2023\AddInManager.dll".
                     RevitAPIUI
             References which depend on or have been unified to "RevitAPI, Version=21.0.0.0, Culture=neutral, PublicKeyToken=null" [].
                 C:\Program Files\Autodesk\Revit 2023\AdskRcManaged.dll
                   Project file item includes which caused reference "C:\Program Files\Autodesk\Revit 2023\AdskRcManaged.dll".
                     RevitAPI
                     RevitAPIUI
       Done executing task "ResolveAssemblyReference".
   1:7>Done building target "ResolveAssemblyReferences" in project "ProSheetsAddin.csproj".
       Target "GenerateBindingRedirects" skipped, due to false condition; ('$(AutoGenerateBindingRedirects)' == 'true' and '$(GenerateBindingRedirectsOutputType)' == 'true' and '@(SuggestedBindingRedirects)' != '' and '$(DesignTimeBuild)' != 'true' and '$(BuildingProject)' == 'true') was evaluated as ('true' == 'true' and '' == 'true' and '' != '' and '' != 'true' and 'true' == 'true').
       Target "ResolveAssemblyReferences" skipped. Previously built successfully.
   1:7>Target "_RemoveZipFileSuggestedRedirect" in file "C:\Program Files\dotnet\sdk\9.0.302\Microsoft\Microsoft.NET.Build.Extensions\Microsoft.NET.Build.Extensions.NETFramework.targets" from project "C:\Users\quoc.nguyen\Downloads\Compressed\source-code-full-1\Source code full\RevitAPIMEP\Export\Export\ProSheetsAddin.csproj" (target "GenerateBindingRedirects" depends on it):
   1:7>Done building target "_RemoveZipFileSuggestedRedirect" in project "ProSheetsAddin.csproj".
       Target "GenerateBindingRedirectsUpdateAppConfig" skipped, due to false condition; ('$(AutoGenerateBindingRedirects)' == 'true' and '$(GenerateBindingRedirectsOutputType)' == 'true') was evaluated as ('true' == 'true' and '' == 'true').
       Target "ResolveComReferences" skipped, due to false condition; ('@(COMReference)'!='' or '@(COMFileReference)'!='') was evaluated as (''!='' or ''!='').
   1:7>Target "AfterResolveReferences" in file "C:\Program Files\dotnet\sdk\9.0.302\Microsoft.Common.CurrentVersion.targets" from project "C:\Users\quoc.nguyen\Downloads\Compressed\source-code-full-1\Source code full\RevitAPIMEP\Export\Export\ProSheetsAddin.csproj" (target "ResolveReferences" depends on it):
   1:7>Done building target "AfterResolveReferences" in project "ProSheetsAddin.csproj".
       Target "GetReferenceAssemblyPaths" skipped. Previously built successfully.
   1:7>Target "ImplicitlyExpandDesignTimeFacades" in file "C:\Program Files\dotnet\sdk\9.0.302\Microsoft.NETFramework.CurrentVersion.targets" from project "C:\Users\quoc.nguyen\Downloads\Compressed\source-code-full-1\Source code full\RevitAPIMEP\Export\Export\ProSheetsAddin.csproj" (target "ResolveReferences" depends on it):
   1:7>Done building target "ImplicitlyExpandDesignTimeFacades" in project "ProSheetsAddin.csproj".
   1:7>Target "ResolveReferences" in file "C:\Program Files\dotnet\sdk\9.0.302\Microsoft.Common.CurrentVersion.targets" from project "C:\Users\quoc.nguyen\Downloads\Compressed\source-code-full-1\Source code full\RevitAPIMEP\Export\Export\ProSheetsAddin.csproj" (target "CoreBuild" depends on it):
   1:7>Done building target "ResolveReferences" in project "ProSheetsAddin.csproj".
   1:7>Target "CopyAdditionalFiles" in file "C:\Program Files\dotnet\sdk\9.0.302\Roslyn\Microsoft.Managed.Core.targets" from project "C:\Users\quoc.nguyen\Downloads\Compressed\source-code-full-1\Source code full\RevitAPIMEP\Export\Export\ProSheetsAddin.csproj" (target "AssignTargetPaths" depends on it):
   1:7>Done building target "CopyAdditionalFiles" in project "ProSheetsAddin.csproj".
   1:7>Target "AssignTargetPaths" in file "C:\Program Files\dotnet\sdk\9.0.302\Microsoft.Common.CurrentVersion.targets" from project "C:\Users\quoc.nguyen\Downloads\Compressed\source-code-full-1\Source code full\RevitAPIMEP\Export\Export\ProSheetsAddin.csproj" (target "PrepareResourceNames" depends on it):
       Using "AssignTargetPath" task from assembly "Microsoft.Build.Tasks.Core, Version=15.1.0.0, Culture=neutral, PublicKeyToken=b03f5f7f11d50a3a".
       Task "AssignTargetPath"
       Done executing task "AssignTargetPath".
       Task "AssignTargetPath"
       Done executing task "AssignTargetPath".
       Task "AssignTargetPath"
       Done executing task "AssignTargetPath".
       Task "AssignTargetPath"
       Done executing task "AssignTargetPath".
       Task "AssignTargetPath" skipped, due to false condition; ('@(_DeploymentBaseManifestWithTargetPath)'=='' and '%(None.Extension)'=='.manifest') was evaluated as (''=='' and '.config'=='.manifest').
       Task "AssignTargetPath" skipped, due to false condition; ('@(_DeploymentBaseManifestWithTargetPath)'=='' and '%(None.Extension)'=='.manifest') was evaluated as (''=='' and '.addin'=='.manifest').
   1:7>Done building target "AssignTargetPaths" in project "ProSheetsAddin.csproj".
       Target "AssignTargetPaths" skipped. Previously built successfully.
   1:7>Target "SplitResourcesByCulture" in file "C:\Program Files\dotnet\sdk\9.0.302\Microsoft.Common.CurrentVersion.targets" from project "C:\Users\quoc.nguyen\Downloads\Compressed\source-code-full-1\Source code full\RevitAPIMEP\Export\Export\ProSheetsAddin.csproj" (target "PrepareResourceNames" depends on it):
       Task "MSBuildInternalMessage" skipped, due to false condition; ('@(ResxWithNoCulture)'!='') was evaluated as (''!='').
       Task "MSBuildInternalMessage" skipped, due to false condition; ('@(ResxWithCulture)'!='') was evaluated as (''!='').
       Task "MSBuildInternalMessage" skipped, due to false condition; ('@(NonResxWithCulture)'!='') was evaluated as (''!='').
       Task "MSBuildInternalMessage" skipped, due to false condition; ('@(NonResxWithNoCulture)'!='') was evaluated as (''!='').
       Using "AssignCulture" task from assembly "Microsoft.Build.Tasks.Core, Version=15.1.0.0, Culture=neutral, PublicKeyToken=b03f5f7f11d50a3a".
       Task "AssignCulture"
       Done executing task "AssignCulture".
   1:7>Done building target "SplitResourcesByCulture" in project "ProSheetsAddin.csproj".
       Target "CreateManifestResourceNames" skipped, due to false condition; ('@(EmbeddedResource)' != '') was evaluated as ('' != '').
   1:7>Target "CreateCustomManifestResourceNames" in file "C:\Program Files\dotnet\sdk\9.0.302\Microsoft.Common.CurrentVersion.targets" from project "C:\Users\quoc.nguyen\Downloads\Compressed\source-code-full-1\Source code full\RevitAPIMEP\Export\Export\ProSheetsAddin.csproj" (target "PrepareResourceNames" depends on it):
   1:7>Done building target "CreateCustomManifestResourceNames" in project "ProSheetsAddin.csproj".
   1:7>Target "PrepareResourceNames" in file "C:\Program Files\dotnet\sdk\9.0.302\Microsoft.Common.CurrentVersion.targets" from project "C:\Users\quoc.nguyen\Downloads\Compressed\source-code-full-1\Source code full\RevitAPIMEP\Export\Export\ProSheetsAddin.csproj" (target "PrepareResources" depends on it):
   1:7>Done building target "PrepareResourceNames" in project "ProSheetsAddin.csproj".
       Target "ResolveAssemblyReferences" skipped. Previously built successfully.
       Target "SplitResourcesByCulture" skipped. Previously built successfully.
   1:7>Target "BeforeResGen" in file "C:\Program Files\dotnet\sdk\9.0.302\Microsoft.Common.CurrentVersion.targets" from project "C:\Users\quoc.nguyen\Downloads\Compressed\source-code-full-1\Source code full\RevitAPIMEP\Export\Export\ProSheetsAddin.csproj" (target "ResGen" depends on it):
   1:7>Done building target "BeforeResGen" in project "ProSheetsAddin.csproj".
       Target "ResolveReferences" skipped. Previously built successfully.
   1:7>Target "FindReferenceAssembliesForReferences" in file "C:\Program Files\dotnet\sdk\9.0.302\Microsoft.Common.CurrentVersion.targets" from project "C:\Users\quoc.nguyen\Downloads\Compressed\source-code-full-1\Source code full\RevitAPIMEP\Export\Export\ProSheetsAddin.csproj" (target "CoreResGen" depends on it):
   1:7>Done building target "FindReferenceAssembliesForReferences" in project "ProSheetsAddin.csproj".
   1:7>Target "CoreResGen" in file "C:\Program Files\dotnet\sdk\9.0.302\Microsoft.Common.CurrentVersion.targets" from project "C:\Users\quoc.nguyen\Downloads\Compressed\source-code-full-1\Source code full\RevitAPIMEP\Export\Export\ProSheetsAddin.csproj" (target "ResGen" depends on it):
       Task "GenerateResource" skipped, due to false condition; ('%(EmbeddedResource.Type)' == 'Resx' and '%(EmbeddedResource.GenerateResource)' != 'false' and '$(GenerateResourceMSBuildRuntime)' != 'CLR2') was evaluated as ('' == 'Resx' and '' != 'false' and '' != 'CLR2').
       Task "GenerateResource" skipped, due to false condition; ('%(EmbeddedResource.Type)' == 'Resx' and '%(EmbeddedResource.GenerateResource)' != 'false' and '$(GenerateResourceMSBuildRuntime)' == 'CLR2') was evaluated as ('' == 'Resx' and '' != 'false' and '' == 'CLR2').
   1:7>Done building target "CoreResGen" in project "ProSheetsAddin.csproj".
   1:7>Target "AfterResGen" in file "C:\Program Files\dotnet\sdk\9.0.302\Microsoft.Common.CurrentVersion.targets" from project "C:\Users\quoc.nguyen\Downloads\Compressed\source-code-full-1\Source code full\RevitAPIMEP\Export\Export\ProSheetsAddin.csproj" (target "ResGen" depends on it):
   1:7>Done building target "AfterResGen" in project "ProSheetsAddin.csproj".
   1:7>Target "ResGen" in file "C:\Program Files\dotnet\sdk\9.0.302\Microsoft.Common.CurrentVersion.targets" from project "C:\Users\quoc.nguyen\Downloads\Compressed\source-code-full-1\Source code full\RevitAPIMEP\Export\Export\ProSheetsAddin.csproj" (target "PrepareResources" depends on it):
   1:7>Done building target "ResGen" in project "ProSheetsAddin.csproj".
       Target "CompileLicxFiles" skipped, due to false condition; ('@(_LicxFile)'!='') was evaluated as (''!='').
   1:7>Target "PrepareResources" in file "C:\Program Files\dotnet\sdk\9.0.302\Microsoft.Common.CurrentVersion.targets" from project "C:\Users\quoc.nguyen\Downloads\Compressed\source-code-full-1\Source code full\RevitAPIMEP\Export\Export\ProSheetsAddin.csproj" (target "CoreBuild" depends on it):
   1:7>Done building target "PrepareResources" in project "ProSheetsAddin.csproj".
       Target "ResolveKeySource" skipped, due to false condition; ($(SignManifests) == 'true' or $(SignAssembly) == 'true') was evaluated as ( == 'true' or  == 'true').
       Target "ResolveReferences" skipped. Previously built successfully.
       Target "ResolveKeySource" skipped, due to false condition; ($(SignManifests) == 'true' or $(SignAssembly) == 'true') was evaluated as ( == 'true' or  == 'true').
       Target "ResolveComReferences" skipped, due to false condition; ('@(COMReference)'!='' or '@(COMFileReference)'!='') was evaluated as (''!='' or ''!='').
       Target "ResolveNativeReferences" skipped, due to false condition; ('@(NativeReference)'!='') was evaluated as (''!='').
       Target "_SetExternalWin32ManifestProperties" skipped, due to false condition; ('$(GenerateClickOnceManifests)'=='true' or '@(NativeReference)'!='' or '@(ResolvedIsolatedComModules)'!='') was evaluated as (''=='true' or ''!='' or ''!='').
   1:7>Target "_SetEmbeddedWin32ManifestProperties" in file "C:\Program Files\dotnet\sdk\9.0.302\Microsoft.Common.CurrentVersion.targets" from project "C:\Users\quoc.nguyen\Downloads\Compressed\source-code-full-1\Source code full\RevitAPIMEP\Export\Export\ProSheetsAddin.csproj" (target "SetWin32ManifestProperties" depends on it):
       Using "GetFrameworkPath" task from assembly "Microsoft.Build.Tasks.Core, Version=15.1.0.0, Culture=neutral, PublicKeyToken=b03f5f7f11d50a3a".
       Task "GetFrameworkPath"
       Done executing task "GetFrameworkPath".
   1:7>Done building target "_SetEmbeddedWin32ManifestProperties" in project "ProSheetsAddin.csproj".
   1:7>Target "SetWin32ManifestProperties" in file "C:\Program Files\dotnet\sdk\9.0.302\Microsoft.Common.CurrentVersion.targets" from project "C:\Users\quoc.nguyen\Downloads\Compressed\source-code-full-1\Source code full\RevitAPIMEP\Export\Export\ProSheetsAddin.csproj" (target "Compile" depends on it):
   1:7>Done building target "SetWin32ManifestProperties" in project "ProSheetsAddin.csproj".
       Target "_SetPreferNativeArm64Win32ManifestProperties" skipped, due to false condition; ( '$(PreferNativeArm64)'=='true' and '$(NoWin32Manifest)'!='true') was evaluated as ( ''=='true' and ''!='true').
       Target "FindReferenceAssembliesForReferences" skipped. Previously built successfully.
   1:7>Target "_GenerateCompileInputs" in file "C:\Program Files\dotnet\sdk\9.0.302\Microsoft.Common.CurrentVersion.targets" from project "C:\Users\quoc.nguyen\Downloads\Compressed\source-code-full-1\Source code full\RevitAPIMEP\Export\Export\ProSheetsAddin.csproj" (target "Compile" depends on it):
       Task "MSBuildInternalMessage" skipped, due to false condition; ('@(ManifestResourceWithNoCulture)'!='' and '%(ManifestResourceWithNoCulture.EmittedForCompatibilityOnly)'=='') was evaluated as (''!='' and ''=='').
       Task "MSBuildInternalMessage" skipped, due to false condition; ('@(ManifestNonResxWithNoCultureOnDisk)'!='' and '%(ManifestNonResxWithNoCultureOnDisk.EmittedForCompatibilityOnly)'=='') was evaluated as (''!='' and ''=='').
   1:7>Done building target "_GenerateCompileInputs" in project "ProSheetsAddin.csproj".
       Target "PrepareForBuild" skipped. Previously built successfully.
   1:7>Target "GenerateMSBuildEditorConfigFileShouldRun" in file "C:\Program Files\dotnet\sdk\9.0.302\Roslyn\Microsoft.Managed.Core.targets" from project "C:\Users\quoc.nguyen\Downloads\Compressed\source-code-full-1\Source code full\RevitAPIMEP\Export\Export\ProSheetsAddin.csproj" (target "GenerateMSBuildEditorConfigFile" depends on it):
   1:7>Done building target "GenerateMSBuildEditorConfigFileShouldRun" in project "ProSheetsAddin.csproj".
       Target "GenerateMSBuildEditorConfigFileCore" skipped, due to false condition; ('$(_GeneratedEditorConfigShouldRun)' == 'true') was evaluated as ('' == 'true').
   1:7>Target "GenerateMSBuildEditorConfigFile" in file "C:\Program Files\dotnet\sdk\9.0.302\Roslyn\Microsoft.Managed.Core.targets" from project "C:\Users\quoc.nguyen\Downloads\Compressed\source-code-full-1\Source code full\RevitAPIMEP\Export\Export\ProSheetsAddin.csproj" (target "BeforeCompile" depends on it):
   1:7>Done building target "GenerateMSBuildEditorConfigFile" in project "ProSheetsAddin.csproj".
       Target "PrepareForBuild" skipped. Previously built successfully.
       Target "GetReferenceAssemblyPaths" skipped. Previously built successfully.
   1:7>Target "_SetTargetFrameworkMonikerAttribute" in file "C:\Program Files\dotnet\sdk\9.0.302\Microsoft.CSharp.CurrentVersion.targets" from project "C:\Users\quoc.nguyen\Downloads\Compressed\source-code-full-1\Source code full\RevitAPIMEP\Export\Export\ProSheetsAddin.csproj" (target "GenerateTargetFrameworkMonikerAttribute" depends on it):
   1:7>Done building target "_SetTargetFrameworkMonikerAttribute" in project "ProSheetsAddin.csproj".
   1:7>Target "GenerateTargetFrameworkMonikerAttribute" in file "C:\Program Files\dotnet\sdk\9.0.302\Microsoft.Common.CurrentVersion.targets" from project "C:\Users\quoc.nguyen\Downloads\Compressed\source-code-full-1\Source code full\RevitAPIMEP\Export\Export\ProSheetsAddin.csproj" (target "BeforeCompile" depends on it):
       Skipping target "GenerateTargetFrameworkMonikerAttribute" because all output files are up-to-date with respect to the input files.
       Input files: C:\Program Files\dotnet\sdk\9.0.302\Microsoft.Common.targets
       Output files: obj\x64\Debug\.NETFramework,Version=v4.8.AssemblyAttributes.cs
   1:7>Done building target "GenerateTargetFrameworkMonikerAttribute" in project "ProSheetsAddin.csproj".
       Target "GenerateAdditionalSources" skipped, due to false condition; ('@(AssemblyAttributes)' != '' and '$(GenerateAdditionalSources)' == 'true') was evaluated as ('' != '' and '' == 'true').
   1:7>Target "BeforeCompile" in file "C:\Program Files\dotnet\sdk\9.0.302\Microsoft.Common.CurrentVersion.targets" from project "C:\Users\quoc.nguyen\Downloads\Compressed\source-code-full-1\Source code full\RevitAPIMEP\Export\Export\ProSheetsAddin.csproj" (target "Compile" depends on it):
   1:7>Done building target "BeforeCompile" in project "ProSheetsAddin.csproj".
       Target "_TimeStampBeforeCompile" skipped, due to false condition; ('$(RunPostBuildEvent)'=='OnOutputUpdated' or ('$(RegisterForComInterop)'=='true' and '$(OutputType)'=='library')) was evaluated as (''=='OnOutputUpdated' or (''=='true' and 'Library'=='library')).
       Target "ResolveAssemblyReferences" skipped. Previously built successfully.
       Target "_GenerateCompileInputs" skipped. Previously built successfully.
   1:7>Target "_GenerateCompileDependencyCache" in file "C:\Program Files\dotnet\sdk\9.0.302\Microsoft.Common.CurrentVersion.targets" from project "C:\Users\quoc.nguyen\Downloads\Compressed\source-code-full-1\Source code full\RevitAPIMEP\Export\Export\ProSheetsAddin.csproj" (target "Compile" depends on it):
       Using "Hash" task from assembly "Microsoft.Build.Tasks.Core, Version=15.1.0.0, Culture=neutral, PublicKeyToken=b03f5f7f11d50a3a".
       Task "Hash"
       Done executing task "Hash".
       Using "WriteLinesToFile" task from assembly "Microsoft.Build.Tasks.Core, Version=15.1.0.0, Culture=neutral, PublicKeyToken=b03f5f7f11d50a3a".
       Task "WriteLinesToFile"
         Skipping write to file "obj\x64\Debug\ProSheetsAddin.csproj.CoreCompileInputs.cache" because content would not change.
       Done executing task "WriteLinesToFile".
   1:7>Done building target "_GenerateCompileDependencyCache" in project "ProSheetsAddin.csproj".
       Target "_ComputeNonExistentFileProperty" skipped, due to false condition; (('$(BuildingInsideVisualStudio)' == 'true') and ('$(BuildingOutOfProcess)' != 'true') and (('$(BuildingProject)' == 'false') or ('$(UseHostCompilerIfAvailable)' == 'true'))) was evaluated as (('' == 'true') and ('' != 'true') and (('true' == 'false') or ('true' == 'true'))).
       Target "ResolveCodeAnalysisRuleSet" skipped, due to false condition; ('$(CodeAnalysisRuleSet)' != '') was evaluated as ('' != '').
       Target "ShimReferencePathsWhenCommonTargetsDoesNotUnderstandReferenceAssemblies" skipped, due to false condition; ('@(ReferencePathWithRefAssemblies)' == '') was evaluated as ('C:\Program Files (x86)\Reference Assemblies\Microsoft\Framework\.NETFramework\v4.8\Microsoft.CSharp.dll;C:\Program Files (x86)\Reference Assemblies\Microsoft\Framework\.NETFramework\v4.8\Microsoft.VisualBasic.dll;C:\Program Files (x86)\Reference Assemblies\Microsoft\Framework\.NETFramework\v4.8\mscorlib.dll;...' == '').
   1:7>Target "_BeforeVBCSCoreCompile" in file "C:\Program Files\dotnet\sdk\9.0.302\Roslyn\Microsoft.Managed.Core.targets" from project "C:\Users\quoc.nguyen\Downloads\Compressed\source-code-full-1\Source code full\RevitAPIMEP\Export\Export\ProSheetsAddin.csproj" (target "CoreCompile" depends on it):
   1:7>Done building target "_BeforeVBCSCoreCompile" in project "ProSheetsAddin.csproj".
       Target "ShimReferencePathsWhenCommonTargetsDoesNotUnderstandReferenceAssemblies" skipped, due to false condition; ('@(ReferencePathWithRefAssemblies)' == '') was evaluated as ('C:\Program Files (x86)\Reference Assemblies\Microsoft\Framework\.NETFramework\v4.8\Microsoft.CSharp.dll;C:\Program Files (x86)\Reference Assemblies\Microsoft\Framework\.NETFramework\v4.8\Microsoft.VisualBasic.dll;C:\Program Files (x86)\Reference Assemblies\Microsoft\Framework\.NETFramework\v4.8\mscorlib.dll;...' == '').
   1:7>Target "_ComputeSkipAnalyzers" in file "C:\Program Files\dotnet\sdk\9.0.302\Roslyn\Microsoft.Managed.Core.targets" from project "C:\Users\quoc.nguyen\Downloads\Compressed\source-code-full-1\Source code full\RevitAPIMEP\Export\Export\ProSheetsAddin.csproj" (target "CoreCompile" depends on it):
       Task "ShowMessageForImplicitlySkipAnalyzers" skipped, due to false condition; ('$(_ImplicitlySkipAnalyzers)' == 'true') was evaluated as ('' == 'true').
   1:7>Done building target "_ComputeSkipAnalyzers" in project "ProSheetsAddin.csproj".
       Target "_SetPathMapFromSourceRoots" skipped, due to false condition; ('$(DeterministicSourcePaths)' == 'true') was evaluated as ('' == 'true').
       Target "CreateCompilerGeneratedFilesOutputPath" skipped, due to false condition; ('$(EmitCompilerGeneratedFiles)' == 'true' and !('$(DesignTimeBuild)' == 'true' OR '$(BuildingProject)' != 'true')) was evaluated as ('false' == 'true' and !('' == 'true' OR 'true' != 'true')).
   1:7>Target "CoreCompile" in file "C:\Program Files\dotnet\sdk\9.0.302\Roslyn\Microsoft.CSharp.Core.targets" from project "C:\Users\quoc.nguyen\Downloads\Compressed\source-code-full-1\Source code full\RevitAPIMEP\Export\Export\ProSheetsAddin.csproj" (target "Compile" depends on it):
       Building target "CoreCompile" completely.
       Output file "obj\x64\Debug\ProSheetsAddin.dll" does not exist.
       Using "Csc" task from assembly "C:\Program Files\dotnet\sdk\9.0.302\Roslyn\Microsoft.Build.Tasks.CodeAnalysis.dll".
       Task "Csc"
         C:\Program Files\dotnet\dotnet.exe exec "C:\Program Files\dotnet\sdk\9.0.302\Roslyn\bincore\csc.dll" /noconfig /nowarn:1701,1702 /fullpaths /nostdlib+ /platform:x64 /errorreport:prompt /warn:4 /define:DEBUG;TRACE /highentropyva+ /reference:"C:\Program Files (x86)\Reference Assemblies\Microsoft\Framework\.NETFramework\v4.8\Microsoft.CSharp.dll" /reference:"C:\Program Files (x86)\Reference Assemblies\Microsoft\Framework\.NETFramework\v4.8\Microsoft.VisualBasic.dll" /reference:"C:\Program Files (x86)\Reference Assemblies\Microsoft\Framework\.NETFramework\v4.8\mscorlib.dll" /reference:"C:\Users\quoc.nguyen\Downloads\Compressed\source-code-full-1\Source code full\RevitAPIMEP\Export\packages\Newtonsoft.Json.13.0.3\lib\net45\Newtonsoft.Json.dll" /reference:"C:\Program Files (x86)\Reference Assemblies\Microsoft\Framework\.NETFramework\v4.8\PresentationCore.dll" /reference:"C:\Program Files (x86)\Reference Assemblies\Microsoft\Framework\.NETFramework\v4.8\PresentationFramework.dll" /reference:"C:\Program Files\Autodesk\Revit 2023\RevitAPI.dll" /reference:"C:\Program Files\Autodesk\Revit 2023\RevitAPIUI.dll" /reference:"C:\Program Files (x86)\Reference Assemblies\Microsoft\Framework\.NETFramework\v4.8\System.Core.dll" /reference:"C:\Program Files (x86)\Reference Assemblies\Microsoft\Framework\.NETFramework\v4.8\System.dll" /reference:"C:\Program Files (x86)\Reference Assemblies\Microsoft\Framework\.NETFramework\v4.8\System.Windows.Forms.dll" /reference:"C:\Program Files (x86)\Reference Assemblies\Microsoft\Framework\.NETFramework\v4.8\System.Xaml.dll" /reference:"C:\Program Files (x86)\Reference Assemblies\Microsoft\Framework\.NETFramework\v4.8\System.Xml.dll" /reference:"C:\Program Files (x86)\Reference Assemblies\Microsoft\Framework\.NETFramework\v4.8\System.Xml.Linq.dll" /reference:"C:\Program Files (x86)\Reference Assemblies\Microsoft\Framework\.NETFramework\v4.8\UIAutomationProvider.dll" /reference:"C:\Program Files (x86)\Reference Assemblies\Microsoft\Framework\.NETFramework\v4.8\UIAutomationTypes.dll" /reference:"C:\Program Files (x86)\Reference Assemblies\Microsoft\Framework\.NETFramework\v4.8\WindowsBase.dll" /debug+ /debug:full /filealign:512 /optimize- /out:obj\x64\Debug\ProSheetsAddin.dll /subsystemversion:6.00 /target:library /utf8output /deterministic+ /langversion:7.3 Application.cs Commands\SimpleExportCommand.cs Commands\TestCommand.cs Models\ProSheetsModels.cs Models\ProSheetsXMLProfile.cs Models\SheetItem.cs Models\ViewItem.cs Models\ProSheetsProfile.cs Managers\XMLProfileManager.cs Views\Converters.cs Converters\UIConverters.cs Managers\BatchExportManager.cs Managers\DWGExportManager.cs Managers\IFCExportManager.cs Managers\ImageExportManager.cs Managers\XMLExportManager.cs Managers\NavisworksExportManager.cs Managers\PaperSizeManager.cs Managers\ProfileManager.cs Managers\DrawingTransmittalManager.cs Managers\SchedulingAssistant.cs Managers\PDFExportManager.cs Managers\ProSheetsProfileManager.cs Utils\FileNameGenerator.cs Utils\NotificationHelper.cs Utils\ParameterUtils.cs Views\ProSheetsMainWindow.xaml.cs Properties\AssemblyInfo.cs "obj\x64\Debug\.NETFramework,Version=v4.8.AssemblyAttributes.cs"
         Assembly loaded during TaskRun (Microsoft.CodeAnalysis.BuildTasks.Csc): System.IO.Pipes, Version=9.0.0.0, Culture=neutral, PublicKeyToken=b03f5f7f11d50a3a (location: C:\Program Files\dotnet\shared\Microsoft.NETCore.App\9.0.7\System.IO.Pipes.dll, MVID: 8d9b284c-5b0a-4d52-ad53-0e341651ad47, AssemblyLoadContext: Default)
         Assembly loaded during TaskRun (Microsoft.CodeAnalysis.BuildTasks.Csc): System.Security.AccessControl, Version=9.0.0.0, Culture=neutral, PublicKeyToken=b03f5f7f11d50a3a (location: C:\Program Files\dotnet\shared\Microsoft.NETCore.App\9.0.7\System.Security.AccessControl.dll, MVID: e3f997ea-8ea6-4195-8195-5fb47a1ee41c, AssemblyLoadContext: Default)
         Microsoft (R) Visual C# Compiler version 4.14.0-3.25279.5 (995f12b6)
         Copyright (C) Microsoft Corporation. All rights reserved.
         Assembly loaded during TaskRun (Microsoft.CodeAnalysis.BuildTasks.Csc): System.Reflection.Emit.Lightweight, Version=9.0.0.0, Culture=neutral, PublicKeyToken=b03f5f7f11d50a3a (location: C:\Program Files\dotnet\shared\Microsoft.NETCore.App\9.0.7\System.Reflection.Emit.Lightweight.dll, MVID: 0e95ea75-a53f-4915-8c97-885c5efa7426, AssemblyLoadContext: Default)
         Assembly loaded during TaskRun (Microsoft.CodeAnalysis.BuildTasks.Csc): System.Reflection.Emit.ILGeneration, Version=9.0.0.0, Culture=neutral, PublicKeyToken=b03f5f7f11d50a3a (location: C:\Program Files\dotnet\shared\Microsoft.NETCore.App\9.0.7\System.Reflection.Emit.ILGeneration.dll, MVID: 2ee6a906-8e62-46f6-828a-5ea6fe641973, AssemblyLoadContext: Default)
         Assembly loaded during TaskRun (Microsoft.CodeAnalysis.BuildTasks.Csc): System.Reflection.Primitives, Version=9.0.0.0, Culture=neutral, PublicKeyToken=b03f5f7f11d50a3a (location: C:\Program Files\dotnet\shared\Microsoft.NETCore.App\9.0.7\System.Reflection.Primitives.dll, MVID: aa25e39b-c808-4e9e-a99e-8f095e23ef8c, AssemblyLoadContext: Default)
   1:7>C:\Users\quoc.nguyen\Downloads\Compressed\source-code-full-1\Source code full\RevitAPIMEP\Export\Export\Managers\ImageExportManager.cs(30,34): warning CS0168: The variable 'ex' is declared but never used [C:\Users\quoc.nguyen\Downloads\Compressed\source-code-full-1\Source code full\RevitAPIMEP\Export\Export\ProSheetsAddin.csproj]
   1:7>C:\Users\quoc.nguyen\Downloads\Compressed\source-code-full-1\Source code full\RevitAPIMEP\Export\Export\Managers\PaperSizeManager.cs(25,30): warning CS0168: The variable 'ex' is declared but never used [C:\Users\quoc.nguyen\Downloads\Compressed\source-code-full-1\Source code full\RevitAPIMEP\Export\Export\ProSheetsAddin.csproj]
   1:7>C:\Users\quoc.nguyen\Downloads\Compressed\source-code-full-1\Source code full\RevitAPIMEP\Export\Export\Managers\BatchExportManager.cs(88,33): warning CS1998: This async method lacks 'await' operators and will run synchronously. Consider using the 'await' operator to await non-blocking API calls, or 'await Task.Run(...)' to do CPU-bound work on a background thread. [C:\Users\quoc.nguyen\Downloads\Compressed\source-code-full-1\Source code full\RevitAPIMEP\Export\Export\ProSheetsAddin.csproj]
   1:7>C:\Users\quoc.nguyen\Downloads\Compressed\source-code-full-1\Source code full\RevitAPIMEP\Export\Export\Managers\NavisworksExportManager.cs(196,30): warning CS0168: The variable 'ex' is declared but never used [C:\Users\quoc.nguyen\Downloads\Compressed\source-code-full-1\Source code full\RevitAPIMEP\Export\Export\ProSheetsAddin.csproj]
   1:7>C:\Users\quoc.nguyen\Downloads\Compressed\source-code-full-1\Source code full\RevitAPIMEP\Export\Export\Views\ProSheetsMainWindow.xaml.cs(174,13): error CS0103: The name 'InitializeComponent' does not exist in the current context [C:\Users\quoc.nguyen\Downloads\Compressed\source-code-full-1\Source code full\RevitAPIMEP\Export\Export\ProSheetsAddin.csproj]
   1:7>C:\Users\quoc.nguyen\Downloads\Compressed\source-code-full-1\Source code full\RevitAPIMEP\Export\Export\Views\ProSheetsMainWindow.xaml.cs(450,21): error CS0103: The name 'SheetsCountText' does not exist in the current context [C:\Users\quoc.nguyen\Downloads\Compressed\source-code-full-1\Source code full\RevitAPIMEP\Export\Export\ProSheetsAddin.csproj]
   1:7>C:\Users\quoc.nguyen\Downloads\Compressed\source-code-full-1\Source code full\RevitAPIMEP\Export\Export\Views\ProSheetsMainWindow.xaml.cs(452,21): error CS0103: The name 'SheetsCountText' does not exist in the current context [C:\Users\quoc.nguyen\Downloads\Compressed\source-code-full-1\Source code full\RevitAPIMEP\Export\Export\ProSheetsAddin.csproj]
   1:7>C:\Users\quoc.nguyen\Downloads\Compressed\source-code-full-1\Source code full\RevitAPIMEP\Export\Export\Views\ProSheetsMainWindow.xaml.cs(456,21): error CS0103: The name 'ViewsCountText' does not exist in the current context [C:\Users\quoc.nguyen\Downloads\Compressed\source-code-full-1\Source code full\RevitAPIMEP\Export\Export\ProSheetsAddin.csproj]
   1:7>C:\Users\quoc.nguyen\Downloads\Compressed\source-code-full-1\Source code full\RevitAPIMEP\Export\Export\Views\ProSheetsMainWindow.xaml.cs(458,21): error CS0103: The name 'ViewsCountText' does not exist in the current context [C:\Users\quoc.nguyen\Downloads\Compressed\source-code-full-1\Source code full\RevitAPIMEP\Export\Export\ProSheetsAddin.csproj]
   1:7>C:\Users\quoc.nguyen\Downloads\Compressed\source-code-full-1\Source code full\RevitAPIMEP\Export\Export\Views\ProSheetsMainWindow.xaml.cs(462,21): error CS0103: The name 'TotalItemsText' does not exist in the current context [C:\Users\quoc.nguyen\Downloads\Compressed\source-code-full-1\Source code full\RevitAPIMEP\Export\Export\ProSheetsAddin.csproj]
   1:7>C:\Users\quoc.nguyen\Downloads\Compressed\source-code-full-1\Source code full\RevitAPIMEP\Export\Export\Views\ProSheetsMainWindow.xaml.cs(465,21): error CS0103: The name 'TotalItemsText' does not exist in the current context [C:\Users\quoc.nguyen\Downloads\Compressed\source-code-full-1\Source code full\RevitAPIMEP\Export\Export\ProSheetsAddin.csproj]
   1:7>C:\Users\quoc.nguyen\Downloads\Compressed\source-code-full-1\Source code full\RevitAPIMEP\Export\Export\Views\ProSheetsMainWindow.xaml.cs(489,21): error CS0103: The name 'SelectionSummaryText' does not exist in the current context [C:\Users\quoc.nguyen\Downloads\Compressed\source-code-full-1\Source code full\RevitAPIMEP\Export\Export\ProSheetsAddin.csproj]
   1:7>C:\Users\quoc.nguyen\Downloads\Compressed\source-code-full-1\Source code full\RevitAPIMEP\Export\Export\Views\ProSheetsMainWindow.xaml.cs(493,25): error CS0103: The name 'SelectionSummaryText' does not exist in the current context [C:\Users\quoc.nguyen\Downloads\Compressed\source-code-full-1\Source code full\RevitAPIMEP\Export\Export\ProSheetsAddin.csproj]
   1:7>C:\Users\quoc.nguyen\Downloads\Compressed\source-code-full-1\Source code full\RevitAPIMEP\Export\Export\Views\ProSheetsMainWindow.xaml.cs(500,25): error CS0103: The name 'SelectionSummaryText' does not exist in the current context [C:\Users\quoc.nguyen\Downloads\Compressed\source-code-full-1\Source code full\RevitAPIMEP\Export\Export\ProSheetsAddin.csproj]
   1:7>C:\Users\quoc.nguyen\Downloads\Compressed\source-code-full-1\Source code full\RevitAPIMEP\Export\Export\Views\ProSheetsMainWindow.xaml.cs(505,21): error CS0103: The name 'FormatSummaryText' does not exist in the current context [C:\Users\quoc.nguyen\Downloads\Compressed\source-code-full-1\Source code full\RevitAPIMEP\Export\Export\ProSheetsAddin.csproj]
   1:7>C:\Users\quoc.nguyen\Downloads\Compressed\source-code-full-1\Source code full\RevitAPIMEP\Export\Export\Views\ProSheetsMainWindow.xaml.cs(514,21): error CS0103: The name 'FormatSummaryText' does not exist in the current context [C:\Users\quoc.nguyen\Downloads\Compressed\source-code-full-1\Source code full\RevitAPIMEP\Export\Export\ProSheetsAddin.csproj]
   1:7>C:\Users\quoc.nguyen\Downloads\Compressed\source-code-full-1\Source code full\RevitAPIMEP\Export\Export\Views\ProSheetsMainWindow.xaml.cs(805,17): error CS0103: The name 'SheetsDataGrid' does not exist in the current context [C:\Users\quoc.nguyen\Downloads\Compressed\source-code-full-1\Source code full\RevitAPIMEP\Export\Export\ProSheetsAddin.csproj]
   1:7>C:\Users\quoc.nguyen\Downloads\Compressed\source-code-full-1\Source code full\RevitAPIMEP\Export\Export\Views\ProSheetsMainWindow.xaml.cs(805,43): error CS0103: The name 'ViewsDataGrid' does not exist in the current context [C:\Users\quoc.nguyen\Downloads\Compressed\source-code-full-1\Source code full\RevitAPIMEP\Export\Export\ProSheetsAddin.csproj]
   1:7>C:\Users\quoc.nguyen\Downloads\Compressed\source-code-full-1\Source code full\RevitAPIMEP\Export\Export\Views\ProSheetsMainWindow.xaml.cs(807,17): error CS0103: The name 'SheetsDataGrid' does not exist in the current context [C:\Users\quoc.nguyen\Downloads\Compressed\source-code-full-1\Source code full\RevitAPIMEP\Export\Export\ProSheetsAddin.csproj]
   1:7>C:\Users\quoc.nguyen\Downloads\Compressed\source-code-full-1\Source code full\RevitAPIMEP\Export\Export\Views\ProSheetsMainWindow.xaml.cs(808,17): error CS0103: The name 'ViewsDataGrid' does not exist in the current context [C:\Users\quoc.nguyen\Downloads\Compressed\source-code-full-1\Source code full\RevitAPIMEP\Export\Export\ProSheetsAddin.csproj]
   1:7>C:\Users\quoc.nguyen\Downloads\Compressed\source-code-full-1\Source code full\RevitAPIMEP\Export\Export\Views\ProSheetsMainWindow.xaml.cs(816,17): error CS0103: The name 'SheetsDataGrid' does not exist in the current context [C:\Users\quoc.nguyen\Downloads\Compressed\source-code-full-1\Source code full\RevitAPIMEP\Export\Export\ProSheetsAddin.csproj]
   1:7>C:\Users\quoc.nguyen\Downloads\Compressed\source-code-full-1\Source code full\RevitAPIMEP\Export\Export\Views\ProSheetsMainWindow.xaml.cs(816,43): error CS0103: The name 'ViewsDataGrid' does not exist in the current context [C:\Users\quoc.nguyen\Downloads\Compressed\source-code-full-1\Source code full\RevitAPIMEP\Export\Export\ProSheetsAddin.csproj]
   1:7>C:\Users\quoc.nguyen\Downloads\Compressed\source-code-full-1\Source code full\RevitAPIMEP\Export\Export\Views\ProSheetsMainWindow.xaml.cs(818,17): error CS0103: The name 'SheetsDataGrid' does not exist in the current context [C:\Users\quoc.nguyen\Downloads\Compressed\source-code-full-1\Source code full\RevitAPIMEP\Export\Export\ProSheetsAddin.csproj]
   1:7>C:\Users\quoc.nguyen\Downloads\Compressed\source-code-full-1\Source code full\RevitAPIMEP\Export\Export\Views\ProSheetsMainWindow.xaml.cs(819,17): error CS0103: The name 'ViewsDataGrid' does not exist in the current context [C:\Users\quoc.nguyen\Downloads\Compressed\source-code-full-1\Source code full\RevitAPIMEP\Export\Export\ProSheetsAddin.csproj]
   1:7>C:\Users\quoc.nguyen\Downloads\Compressed\source-code-full-1\Source code full\RevitAPIMEP\Export\Export\Views\ProSheetsMainWindow.xaml.cs(1723,21): error CS0103: The name 'ViewSheetSetCombo' does not exist in the current context [C:\Users\quoc.nguyen\Downloads\Compressed\source-code-full-1\Source code full\RevitAPIMEP\Export\Export\ProSheetsAddin.csproj]
   1:7>C:\Users\quoc.nguyen\Downloads\Compressed\source-code-full-1\Source code full\RevitAPIMEP\Export\Export\Views\ProSheetsMainWindow.xaml.cs(1757,21): error CS0103: The name 'ViewSheetSetCombo' does not exist in the current context [C:\Users\quoc.nguyen\Downloads\Compressed\source-code-full-1\Source code full\RevitAPIMEP\Export\Export\ProSheetsAddin.csproj]
   1:7>C:\Users\quoc.nguyen\Downloads\Compressed\source-code-full-1\Source code full\RevitAPIMEP\Export\Export\Views\ProSheetsMainWindow.xaml.cs(1759,21): error CS0103: The name 'ViewSheetSetCombo' does not exist in the current context [C:\Users\quoc.nguyen\Downloads\Compressed\source-code-full-1\Source code full\RevitAPIMEP\Export\Export\ProSheetsAddin.csproj]
   1:7>C:\Users\quoc.nguyen\Downloads\Compressed\source-code-full-1\Source code full\RevitAPIMEP\Export\Export\Views\ProSheetsMainWindow.xaml.cs(1824,36): error CS0103: The name 'SheetsRadio' does not exist in the current context [C:\Users\quoc.nguyen\Downloads\Compressed\source-code-full-1\Source code full\RevitAPIMEP\Export\Export\ProSheetsAddin.csproj]
   1:7>C:\Users\quoc.nguyen\Downloads\Compressed\source-code-full-1\Source code full\RevitAPIMEP\Export\Export\Views\ProSheetsMainWindow.xaml.cs(1843,26): error CS0103: The name 'ViewsRadio' does not exist in the current context [C:\Users\quoc.nguyen\Downloads\Compressed\source-code-full-1\Source code full\RevitAPIMEP\Export\Export\ProSheetsAddin.csproj]
   1:7>C:\Users\quoc.nguyen\Downloads\Compressed\source-code-full-1\Source code full\RevitAPIMEP\Export\Export\Views\ProSheetsMainWindow.xaml.cs(1934,44): error CS0103: The name 'SheetsDataGrid' does not exist in the current context [C:\Users\quoc.nguyen\Downloads\Compressed\source-code-full-1\Source code full\RevitAPIMEP\Export\Export\ProSheetsAddin.csproj]
   1:7>C:\Users\quoc.nguyen\Downloads\Compressed\source-code-full-1\Source code full\RevitAPIMEP\Export\Export\Views\ProSheetsMainWindow.xaml.cs(1936,29): error CS0103: The name 'SheetsDataGrid' does not exist in the current context [C:\Users\quoc.nguyen\Downloads\Compressed\source-code-full-1\Source code full\RevitAPIMEP\Export\Export\ProSheetsAddin.csproj]
   1:7>C:\Users\quoc.nguyen\Downloads\Compressed\source-code-full-1\Source code full\RevitAPIMEP\Export\Export\Views\ProSheetsMainWindow.xaml.cs(1938,34): error CS0103: The name 'ViewsDataGrid' does not exist in the current context [C:\Users\quoc.nguyen\Downloads\Compressed\source-code-full-1\Source code full\RevitAPIMEP\Export\Export\ProSheetsAddin.csproj]
   1:7>C:\Users\quoc.nguyen\Downloads\Compressed\source-code-full-1\Source code full\RevitAPIMEP\Export\Export\Views\ProSheetsMainWindow.xaml.cs(1940,29): error CS0103: The name 'ViewsDataGrid' does not exist in the current context [C:\Users\quoc.nguyen\Downloads\Compressed\source-code-full-1\Source code full\RevitAPIMEP\Export\Export\ProSheetsAddin.csproj]
         CompilerServer: server - server processed compilation - ProSheetsAddin
       Done executing task "Csc" -- FAILED.
   1:7>Done building target "CoreCompile" in project "ProSheetsAddin.csproj" -- FAILED.
   1:7>Target "_CheckForCompileOutputs" in file "C:\Program Files\dotnet\sdk\9.0.302\Microsoft.Common.CurrentVersion.targets" from project "C:\Users\quoc.nguyen\Downloads\Compressed\source-code-full-1\Source code full\RevitAPIMEP\Export\Export\ProSheetsAddin.csproj" (target "_CleanGetCurrentAndPriorFileWrites" depends on it):
       C:\Program Files\dotnet\sdk\9.0.302\Microsoft.Common.CurrentVersion.targets(5590,7): message : Property reassignment: $(_DebugSymbolsProduced)="false" (previous value: "true") at C:\Program Files\dotnet\sdk\9.0.302\Microsoft.Common.CurrentVersion.targets (5590,7) [C:\Users\quoc.nguyen\Downloads\Compressed\source-code-full-1\Source code full\RevitAPIMEP\Export\Export\ProSheetsAddin.csproj]
   1:7>Done building target "_CheckForCompileOutputs" in project "ProSheetsAddin.csproj".
       Target "_SGenCheckForOutputs" skipped, due to false condition; ('$(_SGenGenerateSerializationAssembliesConfig)' == 'On' or ('@(WebReferenceUrl)'!='' and '$(_SGenGenerateSerializationAssembliesConfig)' == 'Auto')) was evaluated as ('Off' == 'On' or (''!='' and 'Off' == 'Auto')).
   1:7>Target "_CleanGetCurrentAndPriorFileWrites" in file "C:\Program Files\dotnet\sdk\9.0.302\Microsoft.Common.CurrentVersion.targets" from project "C:\Users\quoc.nguyen\Downloads\Compressed\source-code-full-1\Source code full\RevitAPIMEP\Export\Export\ProSheetsAddin.csproj" (target "_CleanRecordFileWrites" depends on it):
       Using "ReadLinesFromFile" task from assembly "Microsoft.Build.Tasks.Core, Version=15.1.0.0, Culture=neutral, PublicKeyToken=b03f5f7f11d50a3a".
       Task "ReadLinesFromFile"
       Done executing task "ReadLinesFromFile".
       Task "ConvertToAbsolutePath"
       Done executing task "ConvertToAbsolutePath".
       Using "FindUnderPath" task from assembly "Microsoft.Build.Tasks.Core, Version=15.1.0.0, Culture=neutral, PublicKeyToken=b03f5f7f11d50a3a".
       Task "FindUnderPath"
         Comparison path is "C:\Users\quoc.nguyen\Downloads\Compressed\source-code-full-1\Source code full\RevitAPIMEP\Export\Export".
       Done executing task "FindUnderPath".
       Task "FindUnderPath"
         Comparison path is "bin\Debug\".
       Done executing task "FindUnderPath".
       Task "FindUnderPath"
         Comparison path is "obj\x64\Debug\".
       Done executing task "FindUnderPath".
       Task "RemoveDuplicates"
       Done executing task "RemoveDuplicates".
   1:7>Done building target "_CleanGetCurrentAndPriorFileWrites" in project "ProSheetsAddin.csproj".
   1:7>Target "_CleanRecordFileWrites" in file "C:\Program Files\dotnet\sdk\9.0.302\Microsoft.Common.CurrentVersion.targets" from project "C:\Users\quoc.nguyen\Downloads\Compressed\source-code-full-1\Source code full\RevitAPIMEP\Export\Export\ProSheetsAddin.csproj" (target "CoreBuild" depends on it):
       Task "RemoveDuplicates"
       Done executing task "RemoveDuplicates".
       Task "MakeDir"
       Done executing task "MakeDir".
       Task "WriteLinesToFile"
         Skipping write to file "obj\x64\Debug\ProSheetsAddin.csproj.FileListAbsolute.txt" because content would not change.
       Done executing task "WriteLinesToFile".
   1:7>Done building target "_CleanRecordFileWrites" in project "ProSheetsAddin.csproj".
   1:7>Done Building Project "C:\Users\quoc.nguyen\Downloads\Compressed\source-code-full-1\Source code full\RevitAPIMEP\Export\Export\ProSheetsAddin.csproj" (default targets) -- FAILED.

Build FAILED.

       "C:\Users\quoc.nguyen\Downloads\Compressed\source-code-full-1\Source code full\RevitAPIMEP\Export\Export\ProSheetsAddin.csproj" (default target) (1:7) ->
       (CoreCompile target) -> 
         C:\Users\quoc.nguyen\Downloads\Compressed\source-code-full-1\Source code full\RevitAPIMEP\Export\Export\Managers\ImageExportManager.cs(30,34): warning CS0168: The variable 'ex' is declared but never used [C:\Users\quoc.nguyen\Downloads\Compressed\source-code-full-1\Source code full\RevitAPIMEP\Export\Export\ProSheetsAddin.csproj]
         C:\Users\quoc.nguyen\Downloads\Compressed\source-code-full-1\Source code full\RevitAPIMEP\Export\Export\Managers\PaperSizeManager.cs(25,30): warning CS0168: The variable 'ex' is declared but never used [C:\Users\quoc.nguyen\Downloads\Compressed\source-code-full-1\Source code full\RevitAPIMEP\Export\Export\ProSheetsAddin.csproj]
         C:\Users\quoc.nguyen\Downloads\Compressed\source-code-full-1\Source code full\RevitAPIMEP\Export\Export\Managers\BatchExportManager.cs(88,33): warning CS1998: This async method lacks 'await' operators and will run synchronously. Consider using the 'await' operator to await non-blocking API calls, or 'await Task.Run(...)' to do CPU-bound work on a background thread. [C:\Users\quoc.nguyen\Downloads\Compressed\source-code-full-1\Source code full\RevitAPIMEP\Export\Export\ProSheetsAddin.csproj]
         C:\Users\quoc.nguyen\Downloads\Compressed\source-code-full-1\Source code full\RevitAPIMEP\Export\Export\Managers\NavisworksExportManager.cs(196,30): warning CS0168: The variable 'ex' is declared but never used [C:\Users\quoc.nguyen\Downloads\Compressed\source-code-full-1\Source code full\RevitAPIMEP\Export\Export\ProSheetsAddin.csproj]


       "C:\Users\quoc.nguyen\Downloads\Compressed\source-code-full-1\Source code full\RevitAPIMEP\Export\Export\ProSheetsAddin.csproj" (default target) (1:7) ->
       (CoreCompile target) -> 
         C:\Users\quoc.nguyen\Downloads\Compressed\source-code-full-1\Source code full\RevitAPIMEP\Export\Export\Views\ProSheetsMainWindow.xaml.cs(174,13): error CS0103: The name 'InitializeComponent' does not exist in the current context [C:\Users\quoc.nguyen\Downloads\Compressed\source-code-full-1\Source code full\RevitAPIMEP\Export\Export\ProSheetsAddin.csproj]
         C:\Users\quoc.nguyen\Downloads\Compressed\source-code-full-1\Source code full\RevitAPIMEP\Export\Export\Views\ProSheetsMainWindow.xaml.cs(450,21): error CS0103: The name 'SheetsCountText' does not exist in the current context [C:\Users\quoc.nguyen\Downloads\Compressed\source-code-full-1\Source code full\RevitAPIMEP\Export\Export\ProSheetsAddin.csproj]
         C:\Users\quoc.nguyen\Downloads\Compressed\source-code-full-1\Source code full\RevitAPIMEP\Export\Export\Views\ProSheetsMainWindow.xaml.cs(452,21): error CS0103: The name 'SheetsCountText' does not exist in the current context [C:\Users\quoc.nguyen\Downloads\Compressed\source-code-full-1\Source code full\RevitAPIMEP\Export\Export\ProSheetsAddin.csproj]
         C:\Users\quoc.nguyen\Downloads\Compressed\source-code-full-1\Source code full\RevitAPIMEP\Export\Export\Views\ProSheetsMainWindow.xaml.cs(456,21): error CS0103: The name 'ViewsCountText' does not exist in the current context [C:\Users\quoc.nguyen\Downloads\Compressed\source-code-full-1\Source code full\RevitAPIMEP\Export\Export\ProSheetsAddin.csproj]
         C:\Users\quoc.nguyen\Downloads\Compressed\source-code-full-1\Source code full\RevitAPIMEP\Export\Export\Views\ProSheetsMainWindow.xaml.cs(458,21): error CS0103: The name 'ViewsCountText' does not exist in the current context [C:\Users\quoc.nguyen\Downloads\Compressed\source-code-full-1\Source code full\RevitAPIMEP\Export\Export\ProSheetsAddin.csproj]
         C:\Users\quoc.nguyen\Downloads\Compressed\source-code-full-1\Source code full\RevitAPIMEP\Export\Export\Views\ProSheetsMainWindow.xaml.cs(462,21): error CS0103: The name 'TotalItemsText' does not exist in the current context [C:\Users\quoc.nguyen\Downloads\Compressed\source-code-full-1\Source code full\RevitAPIMEP\Export\Export\ProSheetsAddin.csproj]
         C:\Users\quoc.nguyen\Downloads\Compressed\source-code-full-1\Source code full\RevitAPIMEP\Export\Export\Views\ProSheetsMainWindow.xaml.cs(465,21): error CS0103: The name 'TotalItemsText' does not exist in the current context [C:\Users\quoc.nguyen\Downloads\Compressed\source-code-full-1\Source code full\RevitAPIMEP\Export\Export\ProSheetsAddin.csproj]
         C:\Users\quoc.nguyen\Downloads\Compressed\source-code-full-1\Source code full\RevitAPIMEP\Export\Export\Views\ProSheetsMainWindow.xaml.cs(489,21): error CS0103: The name 'SelectionSummaryText' does not exist in the current context [C:\Users\quoc.nguyen\Downloads\Compressed\source-code-full-1\Source code full\RevitAPIMEP\Export\Export\ProSheetsAddin.csproj]
         C:\Users\quoc.nguyen\Downloads\Compressed\source-code-full-1\Source code full\RevitAPIMEP\Export\Export\Views\ProSheetsMainWindow.xaml.cs(493,25): error CS0103: The name 'SelectionSummaryText' does not exist in the current context [C:\Users\quoc.nguyen\Downloads\Compressed\source-code-full-1\Source code full\RevitAPIMEP\Export\Export\ProSheetsAddin.csproj]
         C:\Users\quoc.nguyen\Downloads\Compressed\source-code-full-1\Source code full\RevitAPIMEP\Export\Export\Views\ProSheetsMainWindow.xaml.cs(500,25): error CS0103: The name 'SelectionSummaryText' does not exist in the current context [C:\Users\quoc.nguyen\Downloads\Compressed\source-code-full-1\Source code full\RevitAPIMEP\Export\Export\ProSheetsAddin.csproj]
         C:\Users\quoc.nguyen\Downloads\Compressed\source-code-full-1\Source code full\RevitAPIMEP\Export\Export\Views\ProSheetsMainWindow.xaml.cs(505,21): error CS0103: The name 'FormatSummaryText' does not exist in the current context [C:\Users\quoc.nguyen\Downloads\Compressed\source-code-full-1\Source code full\RevitAPIMEP\Export\Export\ProSheetsAddin.csproj]
         C:\Users\quoc.nguyen\Downloads\Compressed\source-code-full-1\Source code full\RevitAPIMEP\Export\Export\Views\ProSheetsMainWindow.xaml.cs(514,21): error CS0103: The name 'FormatSummaryText' does not exist in the current context [C:\Users\quoc.nguyen\Downloads\Compressed\source-code-full-1\Source code full\RevitAPIMEP\Export\Export\ProSheetsAddin.csproj]
         C:\Users\quoc.nguyen\Downloads\Compressed\source-code-full-1\Source code full\RevitAPIMEP\Export\Export\Views\ProSheetsMainWindow.xaml.cs(805,17): error CS0103: The name 'SheetsDataGrid' does not exist in the current context [C:\Users\quoc.nguyen\Downloads\Compressed\source-code-full-1\Source code full\RevitAPIMEP\Export\Export\ProSheetsAddin.csproj]
         C:\Users\quoc.nguyen\Downloads\Compressed\source-code-full-1\Source code full\RevitAPIMEP\Export\Export\Views\ProSheetsMainWindow.xaml.cs(805,43): error CS0103: The name 'ViewsDataGrid' does not exist in the current context [C:\Users\quoc.nguyen\Downloads\Compressed\source-code-full-1\Source code full\RevitAPIMEP\Export\Export\ProSheetsAddin.csproj]
         C:\Users\quoc.nguyen\Downloads\Compressed\source-code-full-1\Source code full\RevitAPIMEP\Export\Export\Views\ProSheetsMainWindow.xaml.cs(807,17): error CS0103: The name 'SheetsDataGrid' does not exist in the current context [C:\Users\quoc.nguyen\Downloads\Compressed\source-code-full-1\Source code full\RevitAPIMEP\Export\Export\ProSheetsAddin.csproj]
         C:\Users\quoc.nguyen\Downloads\Compressed\source-code-full-1\Source code full\RevitAPIMEP\Export\Export\Views\ProSheetsMainWindow.xaml.cs(808,17): error CS0103: The name 'ViewsDataGrid' does not exist in the current context [C:\Users\quoc.nguyen\Downloads\Compressed\source-code-full-1\Source code full\RevitAPIMEP\Export\Export\ProSheetsAddin.csproj]
         C:\Users\quoc.nguyen\Downloads\Compressed\source-code-full-1\Source code full\RevitAPIMEP\Export\Export\Views\ProSheetsMainWindow.xaml.cs(816,17): error CS0103: The name 'SheetsDataGrid' does not exist in the current context [C:\Users\quoc.nguyen\Downloads\Compressed\source-code-full-1\Source code full\RevitAPIMEP\Export\Export\ProSheetsAddin.csproj]
         C:\Users\quoc.nguyen\Downloads\Compressed\source-code-full-1\Source code full\RevitAPIMEP\Export\Export\Views\ProSheetsMainWindow.xaml.cs(816,43): error CS0103: The name 'ViewsDataGrid' does not exist in the current context [C:\Users\quoc.nguyen\Downloads\Compressed\source-code-full-1\Source code full\RevitAPIMEP\Export\Export\ProSheetsAddin.csproj]
         C:\Users\quoc.nguyen\Downloads\Compressed\source-code-full-1\Source code full\RevitAPIMEP\Export\Export\Views\ProSheetsMainWindow.xaml.cs(818,17): error CS0103: The name 'SheetsDataGrid' does not exist in the current context [C:\Users\quoc.nguyen\Downloads\Compressed\source-code-full-1\Source code full\RevitAPIMEP\Export\Export\ProSheetsAddin.csproj]
         C:\Users\quoc.nguyen\Downloads\Compressed\source-code-full-1\Source code full\RevitAPIMEP\Export\Export\Views\ProSheetsMainWindow.xaml.cs(819,17): error CS0103: The name 'ViewsDataGrid' does not exist in the current context [C:\Users\quoc.nguyen\Downloads\Compressed\source-code-full-1\Source code full\RevitAPIMEP\Export\Export\ProSheetsAddin.csproj]
         C:\Users\quoc.nguyen\Downloads\Compressed\source-code-full-1\Source code full\RevitAPIMEP\Export\Export\Views\ProSheetsMainWindow.xaml.cs(1723,21): error CS0103: The name 'ViewSheetSetCombo' does not exist in the current context [C:\Users\quoc.nguyen\Downloads\Compressed\source-code-full-1\Source code full\RevitAPIMEP\Export\Export\ProSheetsAddin.csproj]
         C:\Users\quoc.nguyen\Downloads\Compressed\source-code-full-1\Source code full\RevitAPIMEP\Export\Export\Views\ProSheetsMainWindow.xaml.cs(1757,21): error CS0103: The name 'ViewSheetSetCombo' does not exist in the current context [C:\Users\quoc.nguyen\Downloads\Compressed\source-code-full-1\Source code full\RevitAPIMEP\Export\Export\ProSheetsAddin.csproj]
         C:\Users\quoc.nguyen\Downloads\Compressed\source-code-full-1\Source code full\RevitAPIMEP\Export\Export\Views\ProSheetsMainWindow.xaml.cs(1759,21): error CS0103: The name 'ViewSheetSetCombo' does not exist in the current context [C:\Users\quoc.nguyen\Downloads\Compressed\source-code-full-1\Source code full\RevitAPIMEP\Export\Export\ProSheetsAddin.csproj]
         C:\Users\quoc.nguyen\Downloads\Compressed\source-code-full-1\Source code full\RevitAPIMEP\Export\Export\Views\ProSheetsMainWindow.xaml.cs(1824,36): error CS0103: The name 'SheetsRadio' does not exist in the current context [C:\Users\quoc.nguyen\Downloads\Compressed\source-code-full-1\Source code full\RevitAPIMEP\Export\Export\ProSheetsAddin.csproj]
         C:\Users\quoc.nguyen\Downloads\Compressed\source-code-full-1\Source code full\RevitAPIMEP\Export\Export\Views\ProSheetsMainWindow.xaml.cs(1843,26): error CS0103: The name 'ViewsRadio' does not exist in the current context [C:\Users\quoc.nguyen\Downloads\Compressed\source-code-full-1\Source code full\RevitAPIMEP\Export\Export\ProSheetsAddin.csproj]
         C:\Users\quoc.nguyen\Downloads\Compressed\source-code-full-1\Source code full\RevitAPIMEP\Export\Export\Views\ProSheetsMainWindow.xaml.cs(1934,44): error CS0103: The name 'SheetsDataGrid' does not exist in the current context [C:\Users\quoc.nguyen\Downloads\Compressed\source-code-full-1\Source code full\RevitAPIMEP\Export\Export\ProSheetsAddin.csproj]
         C:\Users\quoc.nguyen\Downloads\Compressed\source-code-full-1\Source code full\RevitAPIMEP\Export\Export\Views\ProSheetsMainWindow.xaml.cs(1936,29): error CS0103: The name 'SheetsDataGrid' does not exist in the current context [C:\Users\quoc.nguyen\Downloads\Compressed\source-code-full-1\Source code full\RevitAPIMEP\Export\Export\ProSheetsAddin.csproj]
         C:\Users\quoc.nguyen\Downloads\Compressed\source-code-full-1\Source code full\RevitAPIMEP\Export\Export\Views\ProSheetsMainWindow.xaml.cs(1938,34): error CS0103: The name 'ViewsDataGrid' does not exist in the current context [C:\Users\quoc.nguyen\Downloads\Compressed\source-code-full-1\Source code full\RevitAPIMEP\Export\Export\ProSheetsAddin.csproj]
         C:\Users\quoc.nguyen\Downloads\Compressed\source-code-full-1\Source code full\RevitAPIMEP\Export\Export\Views\ProSheetsMainWindow.xaml.cs(1940,29): error CS0103: The name 'ViewsDataGrid' does not exist in the current context [C:\Users\quoc.nguyen\Downloads\Compressed\source-code-full-1\Source code full\RevitAPIMEP\Export\Export\ProSheetsAddin.csproj]

    4 Warning(s)
    29 Error(s)

Time Elapsed 00:00:00.47
